Archive member included because of file (symbol)

/home/yukult400/ndsdev/devkitPro/libnds/lib/libnds9.a(background.o)
                              ControlTask.o (bgState)
/home/yukult400/ndsdev/devkitPro/libnds/lib/libnds9.a(console.o)
                              sevencore_io.o (consoleSelect)
/home/yukult400/ndsdev/devkitPro/libnds/lib/libnds9.a(decompress.o)
                              ControlTask.o (decompress)
/home/yukult400/ndsdev/devkitPro/libnds/lib/libnds9.a(exceptions.o)
                              gdbStub.o (setExceptionHandler)
/home/yukult400/ndsdev/devkitPro/libnds/lib/libnds9.a(keys.o)
                              gdbStub.o (scanKeys)
/home/yukult400/ndsdev/devkitPro/libnds/lib/libnds9.a(sassert.o)
                              sevencore_io.o (__sassert)
/home/yukult400/ndsdev/devkitPro/libnds/lib/libnds9.a(sprite.o)
                              ControlTask.o (oamInit)
/home/yukult400/ndsdev/devkitPro/libnds/lib/libnds9.a(sprite_alloc.o)
                              /home/yukult400/ndsdev/devkitPro/libnds/lib/libnds9.a(sprite.o) (oamAllocReset)
/home/yukult400/ndsdev/devkitPro/libnds/lib/libnds9.a(touch.o)
                              sevencore_io.o (touchRead)
/home/yukult400/ndsdev/devkitPro/libnds/lib/libnds9.a(trig.o)
                              /home/yukult400/ndsdev/devkitPro/libnds/lib/libnds9.a(background.o) (sinLerp)
/home/yukult400/ndsdev/devkitPro/libnds/lib/libnds9.a(videoGL.o)
                              card_spi.o (glGlobalData)
/home/yukult400/ndsdev/devkitPro/libnds/lib/libnds9.a(initSystem.o)
                              /home/yukult400/ndsdev/devkitPro/devkitARM/bin/../lib/gcc/arm-eabi/4.6.2/../../../../arm-eabi/lib/thumb/ds_arm9_crt0.o (initSystem)
/home/yukult400/ndsdev/devkitPro/libnds/lib/libnds9.a(fifosystem.o)
                              /home/yukult400/ndsdev/devkitPro/libnds/lib/libnds9.a(initSystem.o) (fifoSendValue32)
/home/yukult400/ndsdev/devkitPro/libnds/lib/libnds9.a(interrupts.o)
                              card_spi.o (irqSet)
/home/yukult400/ndsdev/devkitPro/libnds/lib/libnds9.a(libnds_exit.o)
                              /home/yukult400/ndsdev/devkitPro/devkitARM/bin/../lib/gcc/arm-eabi/4.6.2/../../../../arm-eabi/lib/thumb/ds_arm9_crt0.o (__libnds_exit)
/home/yukult400/ndsdev/devkitPro/libnds/lib/libnds9.a(syscalls.o)
                              /home/yukult400/ndsdev/devkitPro/libnds/lib/libnds9.a(decompress.o) (swiDecompressLZSSVram)
/home/yukult400/ndsdev/devkitPro/libnds/lib/libnds9.a(dcache.o)
                              /home/yukult400/ndsdev/devkitPro/libnds/lib/libnds9.a(sprite.o) (DC_FlushRange)
/home/yukult400/ndsdev/devkitPro/libnds/lib/libnds9.a(exceptionHandler.o)
                              gdbStub.o (getCPSR)
/home/yukult400/ndsdev/devkitPro/libnds/lib/libnds9.a(mpu_setup.o)
                              /home/yukult400/ndsdev/devkitPro/devkitARM/bin/../lib/gcc/arm-eabi/4.6.2/../../../../arm-eabi/lib/thumb/ds_arm9_crt0.o (__libnds_mpu_setup)
/home/yukult400/ndsdev/devkitPro/libnds/lib/libnds9.a(biosCalls.o)
                              card_spi.o (swiDelay)
/home/yukult400/ndsdev/devkitPro/libnds/lib/libnds9.a(debugprint.o)
                              /home/yukult400/ndsdev/devkitPro/libnds/lib/libnds9.a(console.o) (nocashWrite)
/home/yukult400/ndsdev/devkitPro/libnds/lib/libnds9.a(interruptDispatcher.o)
                              /home/yukult400/ndsdev/devkitPro/libnds/lib/libnds9.a(interrupts.o) (IntrMain)
/home/yukult400/ndsdev/devkitPro/libnds/lib/libnds9.a(swiSoftReset.o)
                              /home/yukult400/ndsdev/devkitPro/libnds/lib/libnds9.a(fifosystem.o) (swiSoftReset)
/home/yukult400/ndsdev/devkitPro/libnds/lib/libnds9.a(default_font.bin.o)
                              /home/yukult400/ndsdev/devkitPro/libnds/lib/libnds9.a(console.o) (default_font_bin)
/home/yukult400/ndsdev/devkitPro/libnds/lib/libnds9.a(dynamicArray.o)
                              /home/yukult400/ndsdev/devkitPro/libnds/lib/libnds9.a(videoGL.o) (DynamicArrayInit)
/home/yukult400/ndsdev/devkitPro/libnds/lib/libnds9.a(system.o)
                              /home/yukult400/ndsdev/devkitPro/libnds/lib/libnds9.a(initSystem.o) (systemMsgHandler)
/home/yukult400/ndsdev/devkitPro/libnds/lib/libnds9.a(video.o)
                              /home/yukult400/ndsdev/devkitPro/libnds/lib/libnds9.a(videoGL.o) (vramSetPrimaryBanks)
/home/yukult400/ndsdev/devkitPro/libnds/lib/libmm9.a(mm_comms.o)
                              ControlTask.o (mmStart)
/home/yukult400/ndsdev/devkitPro/libnds/lib/libmm9.a(mm_main9.o)
                              /home/yukult400/ndsdev/devkitPro/libnds/lib/libmm9.a(mm_comms.o) (mmCallback)
/home/yukult400/ndsdev/devkitPro/libnds/lib/libmm9.a(mm_memory.o)
                              ControlTask.o (mmLoad)
/home/yukult400/ndsdev/devkitPro/libnds/lib/libmm9.a(mm_soundbank.o)
                              /home/yukult400/ndsdev/devkitPro/libnds/lib/libmm9.a(mm_main9.o) (mmSoundBankInMemory)
[...]
Memory Configuration

Name             Origin             Length             Attributes
rom              0x08000000         0x02000000
ewram            0x02000000         0x003ff000
dtcm             0x0b000000         0x00004000
vectors          0x01000000         0x00000100
itcm             0x01000100         0x00007f00
*default*        0x00000000         0xffffffff

Linker script and memory map

                0x01000000                __vectors_start = ORIGIN (vectors)
                0x01000100                __itcm_start = ORIGIN (itcm)
                0x023ff000                __ewram_end = (ORIGIN (ewram) + 0x3ff000)
                0x023ff000                __eheap_end = (ORIGIN (ewram) + 0x3ff000)
                0x0b000000                __dtcm_start = ORIGIN (dtcm)
                0x0b004000                __dtcm_top = (ORIGIN (dtcm) + 0x4000)
                0x0b003ff8                __irq_flags = (__dtcm_top - 0x8)
                0x0b003ffc                __irq_vector = (__dtcm_top - 0x4)
                0x0b003f00                __sp_svc = (__dtcm_top - 0x100)
                0x0b003e00                __sp_irq = (__sp_svc - 0x100)
                0x0b003d00                __sp_usr = (__sp_irq - 0x100)

.init           0x02000000      0x23c
                0x02000000                __text_start = .
 *(.init)
 .init          0x02000000      0x230 /home/yukult400/ndsdev/devkitPro/devkitARM/bin/../lib/gcc/arm-eabi/4.6.2/../../../../arm-eabi/lib/thumb/ds_arm9_crt0.o
                0x02000000                _start
 .init          0x02000230        0x4 /home/yukult400/ndsdev/devkitPro/devkitARM/bin/../lib/gcc/arm-eabi/4.6.2/thumb/crti.o
                0x02000230                _init
 .init          0x02000234        0x8 /home/yukult400/ndsdev/devkitPro/devkitARM/bin/../lib/gcc/arm-eabi/4.6.2/thumb/crtn.o
                0x0200023c                . = ALIGN (0x4)

.plt
 *(.plt)

.text           0x02000240    0x15a28
 *(EXCLUDE_FILE(*.itcm*) .text)
 .text          0x02000240        0x0 /home/yukult400/ndsdev/devkitPro/devkitARM/bin/../lib/gcc/arm-eabi/4.6.2/../../../../arm-eabi/lib/thumb/ds_arm9_crt0.o
 .text          0x02000240        0x0 /home/yukult400/ndsdev/devkitPro/devkitARM/bin/../lib/gcc/arm-eabi/4.6.2/thumb/crti.o
 .text          0x02000240       0x6c /home/yukult400/ndsdev/devkitPro/devkitARM/bin/../lib/gcc/arm-eabi/4.6.2/thumb/crtbegin.o
 .text          0x020002ac        0x0 soundbank_bin.o
 .text          0x020002ac        0x0 coin.o
 .text          0x020002ac        0x0 drunkenlogo.o
 .text          0x020002ac        0x0 piano_image.o
 .text          0x020002ac        0x0 woman.o
 .text          0x020002ac      0x43c croutine.o
                0x020002ac                xCoRoutineCreate
                0x02000378                vCoRoutineAddToDelayedList
                0x02000578                vCoRoutineSchedule
                0x0200068c                xCoRoutineRemoveFromEventList
 .text          0x020006e8      0x140 list.o
                0x020006e8                vListInitialise
                0x0200071c                vListInitialiseItem
                0x0200072c                vListInsertEnd
                0x02000774                vListInsert
                0x020007e0                vListRemove
 .text          0x02000828      0x6e0 queue.o
                0x02000828                xQueueCreate
                0x020008dc                xQueueCreateMutex
                0x02000954                xQueueGenericSend
                0x02000a60                xQueueGenericSendFromISR
                0x02000ad0                xQueueGenericReceive
                0x02000c38                xQueueReceiveFromISR
                0x02000ca8                uxQueueMessagesWaiting
                0x02000cc4                uxQueueMessagesWaitingFromISR
                0x02000cd8                vQueueDelete
                0x02000ea8                xQueueIsQueueEmptyFromISR
                0x02000ee8                xQueueIsQueueFullFromISR
 .text          0x02000f08     0x11c8 tasks.o
                0x02000f08                xTaskGenericCreate
                0x02001074                vTaskDelete
                0x02001108                vTaskDelayUntil
                0x020011d8                vTaskDelay
                0x02001260                uxTaskPriorityGet
                0x02001290                vTaskPrioritySet
                0x02001388                vTaskSuspend
                0x0200141c                xTaskIsTaskSuspended
                0x0200145c                vTaskResume
                0x020014ec                xTaskResumeFromISR
                0x0200158c                vTaskStartScheduler
                0x020015e8                vTaskEndScheduler
                0x02001600                vTaskSuspendAll
                0x02001610                xTaskResumeAll
                0x0200170c                xTaskGetTickCount
                0x0200172c                xTaskGetTickCountFromISR
                0x02001738                uxTaskGetNumberOfTasks
                0x02001744                vTaskList
                0x0200183c                vTaskStartTrace
                0x02001880                ulTaskEndTrace
                0x020018b4                vTaskIncrementTick
                0x02001988                vTaskSwitchContext
                0x02001a94                vTaskPlaceOnEventList
                0x02001b2c                xTaskRemoveFromEventList
                0x02001bd8                vTaskSetTimeOutState
                0x02001bf8                xTaskCheckForTimeOut
                0x02001c7c                vTaskMissedYield
                0x02001fa0                xTaskGetCurrentTaskHandle
                0x02001fb4                vTaskPriorityInherit
                0x02002058                vTaskPriorityDisinherit
 .text          0x020020d0      0x4a8 card_spi.o
                0x02002120                cardLineIrqHandler
                0x02002124                initSpi
                0x02002130                cardSpiBusy
                0x02002150                cardSpiStart
                0x02002198                cardSpiStop
                0x020021b8                cardSpiInit
                0x020021e8                cardSpiSetHandler
                0x02002224                cardSpiEnable
                0x02002244                cardSpiDisable
                0x02002260                cardSpiTransfer
                0x020022a8                cardSpiWriteBuffer
                0x02002368                cardSpiTransferBuffer
                0x0200244c                poll_spi
                0x0200248c                getDebugChar
                0x02002518                putDebugChar
 .text          0x02002578     0x15d0 gdbStub.o
                0x020029dc                getRegister
                0x02002a54                putRegister
                0x02002aa8                getRegisterAsBytes
                0x02002b0c                putRegisterAsBytes
                0x020038f8                initDebug
                0x02003b20                waitInput
 .text          0x02003b48       0x44 heap_3.o
                0x02003b48                pvPortMalloc
                0x02003b6c                vPortFree
 .text          0x02003b8c      0x16c port.o
                0x02003b8c                pxPortInitialiseStack
                0x02003ca8                xPortStartScheduler
                0x02003cbc                vPortEndScheduler
 .text          0x02003cf8       0x48 portISR.o
                0x02003cf8                vPortISRStartFirstTask
                0x02003d00                vPortEnterCritical
                0x02003d18                vPortExitCritical
 .text          0x02003d40      0x980 sevencore_io.o
                0x020041c8                draw7SEGMENT
                0x020044bc                init_virtual_io
                0x02004558                init_printf
                0x020045b4                readb_virtual_io
                0x02004608                writeb_virtual_io
                0x020046bc                close_virtual_io
 .text          0x020046c0      0x9e0 ControlTask.o
                0x02004b24                animateWoman
                0x02004b40                initWoman
                0x02004ba4                initCoin
                0x02004c08                Control
 .text          0x020050a0       0x54 main.o
                0x020050a0                main
                0x020050e4                InitDebug
 *fill*         0x020050f4        0xc ff
 .text          0x02005100       0xf0 gdbStubAsm.o
                0x02005100                BreakPoint
                0x02005108                ICInvalidateAll
                0x02005114                DCFlushAll
                0x02005140                enable_IRQs
                0x0200514c                disable_IRQs
                0x02005158                getSPSR
                0x02005160                setBankedReg
                0x02005184                setRegs
                0x0200518c                getPC
                0x02005194                test_func
                0x020051b8                v5T_semantics_asm
                0x020051c0                add
                0x020051d0                mul
 .text          0x020051f0      0x140 port_asm.o
                0x020051f0                vPortDisableInterruptsFromThumb
                0x02005208                vPortEnableInterruptsFromThumb
                0x02005220                portRESTORE_CONTEXT_FIRST
                0x02005238                portRESTORE_CONTEXT
                0x02005270                vPreemptiveTick
                0x020052cc                vPortYIELD
 .text          0x02005330      0x314 /home/yukult400/ndsdev/devkitPro/libnds/lib/libnds9.a(background.o)
                0x02005330                bgIsText
                0x0200533c                checkIfText
                0x0200539c                bgUpdate
                0x020054ac                bgInit_call
                0x02005570                bgInitSub_call
 .text          0x02005644      0xa34 /home/yukult400/ndsdev/devkitPro/libnds/lib/libnds9.a(console.o)
                0x02005644                nocash_write
                0x02005704                consoleGetDefault
                0x02005710                consoleSelect
                0x02005720                consoleDebugInit
                0x02005770                consolePrintChar
                0x02005924                consoleLoadFont
                0x02005bbc                consoleSetFont
                0x02005bdc                consoleInit
                0x02005d40                consoleDemoInit
                0x02005d84                con_write
                0x02006044                consoleClear
                0x02006054                consoleSetWindow
 .text          0x02006078       0x84 /home/yukult400/ndsdev/devkitPro/libnds/lib/libnds9.a(decompress.o)
                0x02006078                getHeader
                0x0200607c                readByte
                0x02006080                decompress
                0x020060c0                decompressStream
 .text          0x020060fc       0x28 /home/yukult400/ndsdev/devkitPro/libnds/lib/libnds9.a(exceptions.o)
                0x020060fc                setExceptionHandler
 .text          0x02006124       0xf4 /home/yukult400/ndsdev/devkitPro/libnds/lib/libnds9.a(keys.o)
                0x02006124                scanKeys
                0x02006190                keysHeld
                0x0200619c                keysDown
                0x020061ac                keysDownRepeat
                0x020061bc                keysSetRepeat
                0x020061d4                keysUp
                0x020061e4                keysCurrent
 .text          0x02006218       0x24 /home/yukult400/ndsdev/devkitPro/libnds/lib/libnds9.a(sassert.o)
                0x02006218                __sassert
 .text          0x0200623c      0x3f8 /home/yukult400/ndsdev/devkitPro/libnds/lib/libnds9.a(sprite.o)
                0x0200623c                oamInit
                0x02006354                oamDisable
                0x02006384                oamEnable
                0x020063a8                oamGetGfxPtr
                0x020063d4                oamClear
                0x020063fc                oamGfxPtrToOffset
                0x02006430                oamSet
                0x0200657c                oamUpdate
                0x020065dc                oamRotateScale
 .text          0x02006634      0x460 /home/yukult400/ndsdev/devkitPro/libnds/lib/libnds9.a(sprite_alloc.o)
                0x02006664                oamAllocReset
                0x02006698                oamAllocateGfx
                0x020068b0                oamFreeGfx
                0x02006a4c                oamCountFragments
 .text          0x02006a94       0x4c /home/yukult400/ndsdev/devkitPro/libnds/lib/libnds9.a(touch.o)
                0x02006a94                touchRead
                0x02006abc                touchReadXY
 .text          0x02006ae0      0x248 /home/yukult400/ndsdev/devkitPro/libnds/lib/libnds9.a(trig.o)
                0x02006ae0                asinComp
                0x02006b04                sinLutLookup
                0x02006b40                sinLerp
                0x02006b78                cosLerp
                0x02006b8c                tanLutLookup
                0x02006bc4                tanLerp
                0x02006c74                asinLerp
                0x02006cf0                acosLerp
                0x02006d04                atanComp
 .text          0x02006d28     0x1594 /home/yukult400/ndsdev/devkitPro/libnds/lib/libnds9.a(videoGL.o)
                0x02006d28                glGetGlobals
                0x02006d30                glRotatef32i
                0x02006ff8                glMaterialf
                0x02007064                glTexCoord2f32
                0x020070d8                vramBlock_init
                0x02007144                vramBlock_Construct
                0x0200716c                vramBlock_terminate
                0x02007198                vramBlock_Deconstruct
                0x020071ac                vramBlock__allocateBlock
                0x0200730c                vramBlock__deallocateBlock
                0x0200743c                vramBlock_examineSpecial
                0x02007668                vramBlock_allocateSpecial
                0x020076d4                vramBlock_allocateBlock
                0x02007708                vramBlock_deallocateBlock
                0x0200774c                vramBlock_deallocateAll
                0x0200775c                vramBlock_getAddr
                0x02007770                vramBlock_getSize
                0x02007784                glInit_C
                0x02007934                glResetTextures
                0x020079bc                removePaletteFromTexture
                0x02007a2c                glGenTextures
                0x02007acc                glDeleteTextures
                0x02007ba0                vramGetBank
                0x02007c60                glBindTexture
                0x02007cc0                glColorTableEXT
                0x02007e30                glColorSubTableEXT
                0x02007e80                glGetColorTableEXT
                0x02007ebc                glAssignColorTable
                0x02007f30                glTexParameter
                0x02007f68                glGetTexturePointer
                0x02007f88                glGetTexParameter
                0x02007fa8                glGetColorTableParameterEXT
                0x02007fe0                glTexImage2D
 .text          0x020082bc      0x19c /home/yukult400/ndsdev/devkitPro/libnds/lib/libnds9.a(initSystem.o)
                0x020082bc                initSystem
 .text          0x02008458      0xc8c /home/yukult400/ndsdev/devkitPro/libnds/lib/libnds9.a(fifosystem.o)
                0x020086b8                fifoSendAddress
                0x020086e4                fifoSendValue32
                0x02008724                fifoSendDatamsg
                0x02008794                fifoGetAddress
                0x02008808                fifoSetAddressHandler
                0x0200887c                fifoGetValue32
                0x020088f0                fifoSetValue32Handler
                0x02008964                fifoGetDatamsg
                0x02008e0c                fifoSetDatamsgHandler
                0x02008ea4                fifoCheckAddress
                0x02008ec8                fifoCheckDatamsg
                0x02008eec                fifoCheckValue32
                0x02008f10                fifoInit
 .text          0x020090e4      0x1f4 /home/yukult400/ndsdev/devkitPro/libnds/lib/libnds9.a(interrupts.o)
                0x020090e4                irqDummy
                0x020090e8                irqSet
                0x02009158                irqInit
                0x020091a4                irqInitHandler
                0x020091d4                irqEnable
                0x02009238                irqDisable
                0x0200929c                irqClear
 .text          0x020092d8       0x40 /home/yukult400/ndsdev/devkitPro/libnds/lib/libnds9.a(libnds_exit.o)
                0x020092d8                systemErrorExit
                0x020092dc                __libnds_exit
 .text          0x02009318       0x1c /home/yukult400/ndsdev/devkitPro/libnds/lib/libnds9.a(syscalls.o)
                0x02009318                swiDecompressLZSSVram
 .text          0x02009334       0x70 /home/yukult400/ndsdev/devkitPro/libnds/lib/libnds9.a(dcache.o)
                0x02009334                DC_FlushAll
                0x02009360                DC_FlushRange
                0x0200937c                DC_InvalidateAll
                0x02009388                DC_InvalidateRange
 .text          0x020093a4       0xdc /home/yukult400/ndsdev/devkitPro/libnds/lib/libnds9.a(exceptionHandler.o)
                0x020093a4                getCPSR
                0x020093ac                enterException
                0x02009420                exceptionC
                0x02009424                exceptionStack
                0x02009428                exceptionRegisters
 .text          0x02009480      0x1b4 /home/yukult400/ndsdev/devkitPro/libnds/lib/libnds9.a(mpu_setup.o)
                0x02009480                __libnds_mpu_setup
                0x020095c0                memCached
                0x020095d8                memUncached
 *fill*         0x02009634        0xc ff
 .text          0x02009640       0x70 /home/yukult400/ndsdev/devkitPro/libnds/lib/libnds9.a(biosCalls.o)
                0x02009640                swiDelay
                0x02009644                swiIntrWait
                0x02009648                swiWaitForVBlank
                0x0200964c                swiSleep
                0x02009650                swiChangeSoundBias
                0x02009654                swiDivide
                0x02009658                swiRemainder
                0x0200965e                swiDivMod
                0x0200966a                swiCopy
                0x0200966e                swiFastCopy
                0x02009672                swiSqrt
                0x02009676                swiCRC16
                0x0200967a                swiIsDebugger
                0x0200967e                swiUnpackBits
                0x02009682                swiDecompressLZSSWram
                0x02009686                swiDecompressLZSSVramNTR
                0x0200968a                swiDecompressLZSSVramTWL
                0x0200968e                swiDecompressHuffman
                0x02009692                swiDecompressRLEWram
                0x02009696                swiDecompressRLEVram
                0x0200969a                swiWaitForIRQ
                0x0200969e                swiDecodeDelta8
                0x020096a2                swiDecodeDelta16
                0x020096a6                swiSetHaltCR
 .text          0x020096b0       0xa4 /home/yukult400/ndsdev/devkitPro/libnds/lib/libnds9.a(debugprint.o)
                0x020096b0                nocashWrite
                0x020096b2                nocashMessage
 .text          0x02009754        0x0 /home/yukult400/ndsdev/devkitPro/libnds/lib/libnds9.a(interruptDispatcher.o)
 *fill*         0x02009754        0xc ff
 .text          0x02009760       0x30 /home/yukult400/ndsdev/devkitPro/libnds/lib/libnds9.a(swiSoftReset.o)
                0x02009760                swiSoftReset
 .text          0x02009790        0x0 /home/yukult400/ndsdev/devkitPro/libnds/lib/libnds9.a(default_font.bin.o)
 .text          0x02009790       0x90 /home/yukult400/ndsdev/devkitPro/libnds/lib/libnds9.a(dynamicArray.o)
                0x02009790                DynamicArrayInit
                0x020097a8                DynamicArrayDelete
                0x020097bc                DynamicArrayGet
                0x020097d4                DynamicArraySet
 .text          0x02009820       0xf0 /home/yukult400/ndsdev/devkitPro/libnds/lib/libnds9.a(system.o)
                0x02009820                systemMsgHandler
                0x02009864                systemSleep
                0x0200987c                powerValueHandler
                0x0200988c                powerOn
                0x020098b8                powerOff
                0x020098e0                ledBlink
                0x020098f0                getBatteryLevel
 .text          0x02009910      0x1f8 /home/yukult400/ndsdev/devkitPro/libnds/lib/libnds9.a(video.o)
                0x02009910                vramSetPrimaryBanks
                0x02009954                vramSetMainBanks
                0x02009998                vramSetBanks_EFG
                0x020099d0                vramRestorePrimaryBanks
                0x020099dc                vramRestoreMainBanks
                0x020099e8                vramRestoreBanks_EFG
                0x020099f4                setBrightness
                0x02009a34                vramDefault
 .text          0x02009b08      0x24c /home/yukult400/ndsdev/devkitPro/libnds/lib/libmm9.a(mm_comms.o)
                0x02009b08                mmSetupComms
                0x02009b5a                mmSendBank
                0x02009b64                mmLockChannels
                0x02009b6a                mmUnlockChannels
                0x02009b70                mmStart
                0x02009b7a                mmPause
                0x02009b7e                mmResume
                0x02009b82                mmStop
                0x02009b86                mmPosition
                0x02009b8a                mmJingle
                0x02009b8e                mmSetModuleVolume
                0x02009b92                mmSetJingleVolume
                0x02009b96                mmSetModuleTempo
                0x02009b9a                mmSetModulePitch
                0x02009b9e                mmSetEffectsVolume
                0x02009ba2                mmSelectMode
                0x02009ba6                mmStreamBegin
                0x02009bba                mmStreamEnd
                0x02009c10                mmEffect
                0x02009c34                mmEffectVolume
                0x02009c38                mmEffectPanning
                0x02009c3c                mmEffectRate
                0x02009c46                mmEffectScaleRate
                0x02009c50                mmEffectRelease
                0x02009c56                mmEffectCancel
                0x02009c5c                mmEffectEx
                0x02009c9a                mmEffectCancelAll
                0x02009c9e                mmReverbEnable
                0x02009ca2                mmReverbDisable
                0x02009ca6                mmReverbConfigure
                0x02009d02                mmReverbStart
                0x02009d06                mmReverbStop
 .text          0x02009d54      0x108 /home/yukult400/ndsdev/devkitPro/libnds/lib/libmm9.a(mm_main9.o)
                0x02009d54                mmActive
                0x02009d5a                mmSetEventHandler
                0x02009d60                mmInit
                0x02009d8a                mmInitDefault
                0x02009dd4                mmInitDefaultMem
                0x02009df6                mmSuspendIRQ_t
                0x02009e14                mmRestoreIRQ_t
 .text          0x02009e5c      0x120 /home/yukult400/ndsdev/devkitPro/libnds/lib/libmm9.a(mm_memory.o)
                0x02009e5c                mmLoad
                0x02009eac                mmUnload
                0x02009f04                mmLoadEffect
                0x02009f3c                mmUnloadEffect
 .text          0x02009f7c      0x100 /home/yukult400/ndsdev/devkitPro/libnds/lib/libmm9.a(mm_soundbank.o)
                0x02009f7c                mmSoundBankInMemory
                0x02009f84                mmSoundBankInFiles
                0x02009f96                mmSetCustomSoundBankHandler
                0x02009fc2                mmsHandleFileOp
 .text          0x0200a07c       0x3c /home/yukult400/ndsdev/devkitPro/libnds/lib/libmm9.a(mm_flusher.o)
                0x0200a07c                mmFlushBank
 .text          0x0200a0b8      0x11c /home/yukult400/ndsdev/devkitPro/devkitARM/bin/../lib/gcc/arm-eabi/4.6.2/thumb/libgcc.a(_udivsi3.o)
                0x0200a0b8                __udivsi3
                0x0200a0b8                __aeabi_uidiv
                0x0200a1b4                __aeabi_uidivmod
 .text          0x0200a1d4      0x150 /home/yukult400/ndsdev/devkitPro/devkitARM/bin/../lib/gcc/arm-eabi/4.6.2/thumb/libgcc.a(_divsi3.o)
                0x0200a1d4                __aeabi_idiv
                0x0200a1d4                __divsi3
                0x0200a304                __aeabi_idivmod
 .text          0x0200a324        0x4 /home/yukult400/ndsdev/devkitPro/devkitARM/bin/../lib/gcc/arm-eabi/4.6.2/thumb/libgcc.a(_dvmd_tls.o)
                0x0200a324                __aeabi_ldiv0
                0x0200a324                __aeabi_idiv0
 .text          0x0200a328       0x4c /home/yukult400/ndsdev/devkitPro/devkitARM/bin/../lib/gcc/arm-eabi/4.6.2/thumb/libgcc.a(_muldi3.o)
                0x0200a328                __aeabi_lmul
                0x0200a328                __muldi3
 .text          0x0200a374       0x64 /home/yukult400/ndsdev/devkitPro/devkitARM/bin/../lib/gcc/arm-eabi/4.6.2/../../../../arm-eabi/lib/thumb/libg.a(lib_a-bsearch.o)
                0x0200a374                bsearch
 .text          0x0200a3d8       0xb4 /home/yukult400/ndsdev/devkitPro/devkitARM/bin/../lib/gcc/arm-eabi/4.6.2/../../../../arm-eabi/lib/thumb/libg.a(lib_a-fclose.o)
                0x0200a3d8                _fclose_r
                0x0200a470                fclose
 .text          0x0200a48c      0x1a4 /home/yukult400/ndsdev/devkitPro/devkitARM/bin/../lib/gcc/arm-eabi/4.6.2/../../../../arm-eabi/lib/thumb/libg.a(lib_a-fflush.o)
                0x0200a48c                __sflush_r
                0x0200a5d0                _fflush_r
                0x0200a600                fflush
 .text          0x0200a630      0x1ec /home/yukult400/ndsdev/devkitPro/devkitARM/bin/../lib/gcc/arm-eabi/4.6.2/../../../../arm-eabi/lib/thumb/libg.a(lib_a-findfp.o)
                0x0200a638                _cleanup_r
                0x0200a698                __sfmoreglue
                0x0200a6c8                _cleanup
                0x0200a6dc                __sinit
                0x0200a730                __sfp
                0x0200a7d4                __sfp_lock_acquire
                0x0200a7d8                __sfp_lock_release
                0x0200a7dc                __sinit_lock_acquire
                0x0200a7e0                __sinit_lock_release
                0x0200a7e4                __fp_lock_all
                0x0200a800                __fp_unlock_all
 .text          0x0200a81c       0xb0 /home/yukult400/ndsdev/devkitPro/devkitARM/bin/../lib/gcc/arm-eabi/4.6.2/../../../../arm-eabi/lib/thumb/libg.a(lib_a-fopen.o)
                0x0200a81c                _fopen_r
                0x0200a8b0                fopen
 .text          0x0200a8cc      0x190 /home/yukult400/ndsdev/devkitPro/devkitARM/bin/../lib/gcc/arm-eabi/4.6.2/../../../../arm-eabi/lib/thumb/libg.a(lib_a-fread.o)
                0x0200a8cc                _fread_r
                0x0200aa34                fread
 .text          0x0200aa5c      0x248 /home/yukult400/ndsdev/devkitPro/devkitARM/bin/../lib/gcc/arm-eabi/4.6.2/../../../../arm-eabi/lib/thumb/libg.a(lib_a-freer.o)
                0x0200aa5c                _malloc_trim_r
                0x0200ab08                _free_r
 .text          0x0200aca4      0x31c /home/yukult400/ndsdev/devkitPro/devkitARM/bin/../lib/gcc/arm-eabi/4.6.2/../../../../arm-eabi/lib/thumb/libg.a(lib_a-fseek.o)
                0x0200aca4                _fseek_r
                0x0200af9c                fseek
 .text          0x0200afc0       0xb4 /home/yukult400/ndsdev/devkitPro/devkitARM/bin/../lib/gcc/arm-eabi/4.6.2/../../../../arm-eabi/lib/thumb/libg.a(lib_a-fwalk.o)
                0x0200afc0                _fwalk
                0x0200b014                _fwalk_reent
 .text          0x0200b074        0x0 /home/yukult400/ndsdev/devkitPro/devkitARM/bin/../lib/gcc/arm-eabi/4.6.2/../../../../arm-eabi/lib/thumb/libg.a(lib_a-impure.o)
 .text          0x0200b074       0x50 /home/yukult400/ndsdev/devkitPro/devkitARM/bin/../lib/gcc/arm-eabi/4.6.2/../../../../arm-eabi/lib/thumb/libg.a(lib_a-init.o)
                0x0200b074                __libc_init_array
 .text          0x0200b0c4       0x40 /home/yukult400/ndsdev/devkitPro/devkitARM/bin/../lib/gcc/arm-eabi/4.6.2/../../../../arm-eabi/lib/thumb/libg.a(lib_a-iprintf.o)
                0x0200b0c4                iprintf
                0x0200b0e8                _iprintf_r
 .text          0x0200b104       0xe4 /home/yukult400/ndsdev/devkitPro/devkitARM/bin/../lib/gcc/arm-eabi/4.6.2/../../../../arm-eabi/lib/thumb/libg.a(lib_a-makebuf.o)
                0x0200b104                __smakebuf_r
 .text          0x0200b1e8       0x30 /home/yukult400/ndsdev/devkitPro/devkitARM/bin/../lib/gcc/arm-eabi/4.6.2/../../../../arm-eabi/lib/thumb/libg.a(lib_a-malloc.o)
                0x0200b1e8                malloc
                0x0200b200                free
 .text          0x0200b218      0x514 /home/yukult400/ndsdev/devkitPro/devkitARM/bin/../lib/gcc/arm-eabi/4.6.2/../../../../arm-eabi/lib/thumb/libg.a(lib_a-mallocr.o)
                0x0200b218                _malloc_r
 .text          0x0200b72c       0x80 /home/yukult400/ndsdev/devkitPro/devkitARM/bin/../lib/gcc/arm-eabi/4.6.2/../../../../arm-eabi/lib/thumb/libg.a(lib_a-memcpy-stub.o)
                0x0200b72c                memcpy
 .text          0x0200b7ac       0x98 /home/yukult400/ndsdev/devkitPro/devkitARM/bin/../lib/gcc/arm-eabi/4.6.2/../../../../arm-eabi/lib/thumb/libg.a(lib_a-memset.o)
                0x0200b7ac                memset
 .text          0x0200b844        0x8 /home/yukult400/ndsdev/devkitPro/devkitARM/bin/../lib/gcc/arm-eabi/4.6.2/../../../../arm-eabi/lib/thumb/libg.a(lib_a-mlock.o)
                0x0200b844                __malloc_lock
                0x0200b848                __malloc_unlock
 .text          0x0200b84c       0x1c /home/yukult400/ndsdev/devkitPro/devkitARM/bin/../lib/gcc/arm-eabi/4.6.2/../../../../arm-eabi/lib/thumb/libg.a(lib_a-realloc.o)
                0x0200b84c                realloc
 .text          0x0200b868      0x3c4 /home/yukult400/ndsdev/devkitPro/devkitARM/bin/../lib/gcc/arm-eabi/4.6.2/../../../../arm-eabi/lib/thumb/libg.a(lib_a-reallocr.o)
                0x0200b868                _realloc_r
 .text          0x0200bc2c      0x150 /home/yukult400/ndsdev/devkitPro/devkitARM/bin/../lib/gcc/arm-eabi/4.6.2/../../../../arm-eabi/lib/thumb/libg.a(lib_a-refill.o)
                0x0200bc4c                __srefill_r
 .text          0x0200bd7c      0x118 /home/yukult400/ndsdev/devkitPro/devkitARM/bin/../lib/gcc/arm-eabi/4.6.2/../../../../arm-eabi/lib/thumb/libg.a(lib_a-setvbuf.o)
                0x0200bd7c                setvbuf
 .text          0x0200be94       0xa0 /home/yukult400/ndsdev/devkitPro/devkitARM/bin/../lib/gcc/arm-eabi/4.6.2/../../../../arm-eabi/lib/thumb/libg.a(lib_a-siscanf.o)
                0x0200be94                siscanf
                0x0200bee4                _siscanf_r
 .text          0x0200bf34       0x84 /home/yukult400/ndsdev/devkitPro/devkitARM/bin/../lib/gcc/arm-eabi/4.6.2/../../../../arm-eabi/lib/thumb/libg.a(lib_a-sprintf.o)
                0x0200bf34                _sprintf_r
                0x0200bf74                sprintf
 .text          0x0200bfb8       0xac /home/yukult400/ndsdev/devkitPro/devkitARM/bin/../lib/gcc/arm-eabi/4.6.2/../../../../arm-eabi/lib/thumb/libg.a(lib_a-stdio.o)
                0x0200bfb8                __sread
                0x0200bfe4                __seofread
                0x0200bfe8                __swrite
                0x0200c024                __sseek
                0x0200c054                __sclose
 .text          0x0200c064       0x58 /home/yukult400/ndsdev/devkitPro/devkitARM/bin/../lib/gcc/arm-eabi/4.6.2/../../../../arm-eabi/lib/thumb/libg.a(lib_a-strcat.o)
                0x0200c064                strcat
 .text          0x0200c0bc       0x10 /home/yukult400/ndsdev/devkitPro/devkitARM/bin/../lib/gcc/arm-eabi/4.6.2/../../../../arm-eabi/lib/thumb/libg.a(lib_a-strcpy.o)
                0x0200c0bc                strcpy
 .text          0x0200c0cc       0x10 /home/yukult400/ndsdev/devkitPro/devkitARM/bin/../lib/gcc/arm-eabi/4.6.2/../../../../arm-eabi/lib/thumb/libg.a(lib_a-strlen.o)
                0x0200c0cc                strlen
 .text          0x0200c0dc       0x78 /home/yukult400/ndsdev/devkitPro/devkitARM/bin/../lib/gcc/arm-eabi/4.6.2/../../../../arm-eabi/lib/thumb/libg.a(lib_a-strncpy.o)
                0x0200c0dc                strncpy
 .text          0x0200c154      0xa90 /home/yukult400/ndsdev/devkitPro/devkitARM/bin/../lib/gcc/arm-eabi/4.6.2/../../../../arm-eabi/lib/thumb/libg.a(lib_a-svfiscanf.o)
                0x0200c154                _sungetc_r
                0x0200c1dc                __ssrefill_r
                0x0200c220                _sfread_r
                0x0200c2ac                __ssvfiscanf_r
 *fill*         0x0200cbe4        0x4 ff
 .text          0x0200cbe8     0x1678 /home/yukult400/ndsdev/devkitPro/devkitARM/bin/../lib/gcc/arm-eabi/4.6.2/../../../../arm-eabi/lib/thumb/libg.a(lib_a-svfprintf.o)
                0x0200cbe8                _svfprintf_r
 .text          0x0200e260      0x180 /home/yukult400/ndsdev/devkitPro/devkitARM/bin/../lib/gcc/arm-eabi/4.6.2/../../../../arm-eabi/lib/thumb/libg.a(lib_a-ungetc.o)
                0x0200e260                __submore
                0x0200e2e8                _ungetc_r
                0x0200e3c4                ungetc
 .text          0x0200e3e0      0xea8 /home/yukult400/ndsdev/devkitPro/devkitARM/bin/../lib/gcc/arm-eabi/4.6.2/../../../../arm-eabi/lib/thumb/libg.a(lib_a-vfiprintf.o)
                0x0200e3e0                __sprint_r
                0x0200e464                _vfiprintf_r
                0x0200f264                vfiprintf
 .text          0x0200f288       0xdc /home/yukult400/ndsdev/devkitPro/devkitARM/bin/../lib/gcc/arm-eabi/4.6.2/../../../../arm-eabi/lib/thumb/libg.a(lib_a-wcrtomb.o)
                0x0200f288                _wcrtomb_r
                0x0200f2ec                wcrtomb
 .text          0x0200f364       0x40 /home/yukult400/ndsdev/devkitPro/devkitARM/bin/../lib/gcc/arm-eabi/4.6.2/../../../../arm-eabi/lib/thumb/libg.a(lib_a-wcsrtombs.o)
                0x0200f364                _wcsrtombs_r
                0x0200f37c                wcsrtombs
 .text          0x0200f3a4      0x27c /home/yukult400/ndsdev/devkitPro/devkitARM/bin/../lib/gcc/arm-eabi/4.6.2/../../../../arm-eabi/lib/thumb/libg.a(lib_a-wctomb_r.o)
                0x0200f3a4                __utf8_wctomb
                0x0200f464                _wctomb_r
                0x0200f49c                __ascii_wctomb
                0x0200f4bc                __sjis_wctomb
                0x0200f528                __eucjp_wctomb
                0x0200f5a4                __jis_wctomb
 .text          0x0200f620       0xd0 /home/yukult400/ndsdev/devkitPro/devkitARM/bin/../lib/gcc/arm-eabi/4.6.2/../../../../arm-eabi/lib/thumb/libg.a(lib_a-wsetup.o)
                0x0200f620                __swsetup_r
 .text          0x0200f6f0       0x10 /home/yukult400/ndsdev/devkitPro/devkitARM/bin/../lib/gcc/arm-eabi/4.6.2/../../../../arm-eabi/lib/thumb/libg.a(lib_a-ctype_.o)
                0x0200f6f0                __set_ctype
 .text          0x0200f700     0x1010 /home/yukult400/ndsdev/devkitPro/devkitARM/bin/../lib/gcc/arm-eabi/4.6.2/../../../../arm-eabi/lib/thumb/libg.a(lib_a-dtoa.o)
                0x0200f85c                _dtoa_r
 .text          0x02010710       0x70 /home/yukult400/ndsdev/devkitPro/devkitARM/bin/../lib/gcc/arm-eabi/4.6.2/../../../../arm-eabi/lib/thumb/libg.a(lib_a-flags.o)
                0x02010710                __sflags
 .text          0x02010780      0x108 /home/yukult400/ndsdev/devkitPro/devkitARM/bin/../lib/gcc/arm-eabi/4.6.2/../../../../arm-eabi/lib/thumb/libg.a(lib_a-fputwc.o)
                0x02010780                _fputwc_r
                0x0201085c                fputwc
 .text          0x02010888      0x308 /home/yukult400/ndsdev/devkitPro/devkitARM/bin/../lib/gcc/arm-eabi/4.6.2/../../../../arm-eabi/lib/thumb/libg.a(lib_a-fvwrite.o)
                0x02010888                __sfvwrite_r
 .text          0x02010b90       0x84 /home/yukult400/ndsdev/devkitPro/devkitARM/bin/../lib/gcc/arm-eabi/4.6.2/../../../../arm-eabi/lib/thumb/libg.a(lib_a-iswspace.o)
                0x02010b90                iswspace
 .text          0x02010c14      0x1f4 /home/yukult400/ndsdev/devkitPro/devkitARM/bin/../lib/gcc/arm-eabi/4.6.2/../../../../arm-eabi/lib/thumb/libg.a(lib_a-jp2uc.o)
                0x02010da4                _jp2uc
 .text          0x02010e08      0x93c /home/yukult400/ndsdev/devkitPro/devkitARM/bin/../lib/gcc/arm-eabi/4.6.2/../../../../arm-eabi/lib/thumb/libg.a(lib_a-locale.o)
                0x020114c8                _setlocale_r
                0x020116e4                __locale_charset
                0x020116ec                __locale_mb_cur_max
                0x020116f8                __locale_msgcharset
                0x02011704                __locale_cjk_lang
                0x02011710                _localeconv_r
                0x0201171c                setlocale
                0x02011738                localeconv
 .text          0x02011744       0xfc /home/yukult400/ndsdev/devkitPro/devkitARM/bin/../lib/gcc/arm-eabi/4.6.2/../../../../arm-eabi/lib/thumb/libg.a(lib_a-mbrtowc.o)
                0x02011744                _mbrtowc_r
                0x020117b8                mbrtowc
 .text          0x02011840      0x5f8 /home/yukult400/ndsdev/devkitPro/devkitARM/bin/../lib/gcc/arm-eabi/4.6.2/../../../../arm-eabi/lib/thumb/libg.a(lib_a-mbtowc_r.o)
                0x02011840                __utf8_mbtowc
                0x02011b08                _mbtowc_r
                0x02011b44                __ascii_mbtowc
                0x02011b70                __sjis_mbtowc
                0x02011c2c                __eucjp_mbtowc
                0x02011d0c                __jis_mbtowc
 .text          0x02011e38       0x94 /home/yukult400/ndsdev/devkitPro/devkitARM/bin/../lib/gcc/arm-eabi/4.6.2/../../../../arm-eabi/lib/thumb/libg.a(lib_a-memchr-stub.o)
                0x02011e38                memchr
 .text          0x02011ecc       0xa8 /home/yukult400/ndsdev/devkitPro/devkitARM/bin/../lib/gcc/arm-eabi/4.6.2/../../../../arm-eabi/lib/thumb/libg.a(lib_a-memmove.o)
                0x02011ecc                memmove
 *fill*         0x02011f74        0x4 ff
 .text          0x02011f78      0x988 /home/yukult400/ndsdev/devkitPro/devkitARM/bin/../lib/gcc/arm-eabi/4.6.2/../../../../arm-eabi/lib/thumb/libg.a(lib_a-mprec.o)
                0x02011f78                _Balloc
                0x02011fcc                _Bfree
                0x02011fe4                __multadd
                0x02012078                __s2b
                0x0201210c                __hi0bits
                0x02012144                __lo0bits
                0x020121a4                __i2b
                0x020121bc                __multiply
                0x0201232c                __pow5mult
                0x020123dc                __lshift
                0x020124ac                __mcmp
                0x020124e8                __mdiff
                0x020125d4                __ulp
                0x0201261c                __b2d
                0x020126d8                __d2b
                0x020127a8                __ratio
                0x02012814                _mprec_log10
                0x02012854                __copybits
                0x0201289c                __any_on
 .text          0x02012900       0x7c /home/yukult400/ndsdev/devkitPro/devkitARM/bin/../lib/gcc/arm-eabi/4.6.2/../../../../arm-eabi/lib/thumb/libg.a(lib_a-sccl.o)
                0x02012900                __sccl
 .text          0x0201297c       0x90 /home/yukult400/ndsdev/devkitPro/devkitARM/bin/../lib/gcc/arm-eabi/4.6.2/../../../../arm-eabi/lib/thumb/libg.a(lib_a-s_fpclassify.o)
                0x0201297c                __fpclassifyd
 .text          0x02012a0c       0x50 /home/yukult400/ndsdev/devkitPro/devkitARM/bin/../lib/gcc/arm-eabi/4.6.2/../../../../arm-eabi/lib/thumb/libg.a(lib_a-strcasecmp.o)
                0x02012a0c                strcasecmp
 .text          0x02012a5c       0xe4 /home/yukult400/ndsdev/devkitPro/devkitARM/bin/../lib/gcc/arm-eabi/4.6.2/../../../../arm-eabi/lib/thumb/libg.a(lib_a-strchr.o)
                0x02012a5c                strchr
 .text          0x02012b40       0x14 /home/yukult400/ndsdev/devkitPro/devkitARM/bin/../lib/gcc/arm-eabi/4.6.2/../../../../arm-eabi/lib/thumb/libg.a(lib_a-strcmp.o)
                0x02012b40                strcmp
 .text          0x02012b54       0x4c /home/yukult400/ndsdev/devkitPro/devkitARM/bin/../lib/gcc/arm-eabi/4.6.2/../../../../arm-eabi/lib/thumb/libg.a(lib_a-strlcpy.o)
                0x02012b54                strlcpy
 .text          0x02012ba0       0x60 /home/yukult400/ndsdev/devkitPro/devkitARM/bin/../lib/gcc/arm-eabi/4.6.2/../../../../arm-eabi/lib/thumb/libg.a(lib_a-strncasecmp.o)
                0x02012ba0                strncasecmp
 .text          0x02012c00       0xc0 /home/yukult400/ndsdev/devkitPro/devkitARM/bin/../lib/gcc/arm-eabi/4.6.2/../../../../arm-eabi/lib/thumb/libg.a(lib_a-strncmp.o)
                0x02012c00                strncmp
 .text          0x02012cc0      0x210 /home/yukult400/ndsdev/devkitPro/devkitARM/bin/../lib/gcc/arm-eabi/4.6.2/../../../../arm-eabi/lib/thumb/libg.a(lib_a-strtoll_r.o)
                0x02012cc0                _strtoll_r
 .text          0x02012ed0      0x184 /home/yukult400/ndsdev/devkitPro/devkitARM/bin/../lib/gcc/arm-eabi/4.6.2/../../../../arm-eabi/lib/thumb/libg.a(lib_a-strtol.o)
                0x02012ed0                _strtol_r
                0x02013034                strtol
 *fill*         0x02013054        0x4 ff
 .text          0x02013058      0x220 /home/yukult400/ndsdev/devkitPro/devkitARM/bin/../lib/gcc/arm-eabi/4.6.2/../../../../arm-eabi/lib/thumb/libg.a(lib_a-strtoull_r.o)
                0x02013058                _strtoull_r
 .text          0x02013278      0x198 /home/yukult400/ndsdev/devkitPro/devkitARM/bin/../lib/gcc/arm-eabi/4.6.2/../../../../arm-eabi/lib/thumb/libg.a(lib_a-strtoul.o)
                0x02013278                _strtoul_r
                0x020133f0                strtoul
 .text          0x02013410      0xd9c /home/yukult400/ndsdev/devkitPro/devkitARM/bin/../lib/gcc/arm-eabi/4.6.2/../../../../arm-eabi/lib/thumb/libg.a(lib_a-svfiprintf.o)
                0x02013410                __ssprint_r
                0x02013540                _svfiprintf_r
 .text          0x020141ac       0xd4 /home/yukult400/ndsdev/devkitPro/devkitARM/bin/../lib/gcc/arm-eabi/4.6.2/../../../../arm-eabi/lib/thumb/libg.a(lib_a-wbuf.o)
                0x020141ac                __swbuf_r
                0x02014264                __swbuf
 .text          0x02014280      0x13c /home/yukult400/ndsdev/devkitPro/devkitARM/bin/../lib/gcc/arm-eabi/4.6.2/../../../../arm-eabi/lib/thumb/libg.a(lib_a-wcsnrtombs.o)
                0x02014280                _wcsnrtombs_r
                0x0201438c                wcsnrtombs
 .text          0x020143bc       0x64 /home/yukult400/ndsdev/devkitPro/devkitARM/bin/../lib/gcc/arm-eabi/4.6.2/../../../../arm-eabi/lib/thumb/libg.a(lib_a-callocr.o)
                0x020143bc                _calloc_r
 .text          0x02014420       0xa8 /home/yukult400/ndsdev/devkitPro/devkitARM/bin/../lib/gcc/arm-eabi/4.6.2/../../../../arm-eabi/lib/thumb/libg.a(lib_a-getenv_r.o)
                0x02014420                _findenv_r
                0x020144b8                _getenv_r
 .text          0x020144c8        0x0 /home/yukult400/ndsdev/devkitPro/devkitARM/bin/../lib/gcc/arm-eabi/4.6.2/../../../../arm-eabi/lib/thumb/libg.a(lib_a-environ.o)
 .text          0x020144c8        0x8 /home/yukult400/ndsdev/devkitPro/devkitARM/bin/../lib/gcc/arm-eabi/4.6.2/../../../../arm-eabi/lib/thumb/libg.a(lib_a-envlock.o)
                0x020144c8                __env_lock
                0x020144cc                __env_unlock
 .text          0x020144d0      0x144 /home/yukult400/ndsdev/devkitPro/devkitARM/bin/../lib/gcc/arm-eabi/4.6.2/../../../../arm-eabi/lib/thumb/libsysbase.a(iosupport.o)
                0x020144d0                setDefaultDevice
                0x020144e4                FindDevice
                0x02014554                RemoveDevice
                0x02014578                AddDevice
                0x020145f4                GetDeviceOpTab
 .text          0x02014614       0x50 /home/yukult400/ndsdev/devkitPro/devkitARM/bin/../lib/gcc/arm-eabi/4.6.2/../../../../arm-eabi/lib/thumb/libsysbase.a(close.o)
                0x02014614                _close_r
 .text          0x02014664       0x58 /home/yukult400/ndsdev/devkitPro/devkitARM/bin/../lib/gcc/arm-eabi/4.6.2/../../../../arm-eabi/lib/thumb/libsysbase.a(fstat.o)
                0x02014664                _fstat_r
 .text          0x020146bc        0x4 /home/yukult400/ndsdev/devkitPro/devkitARM/bin/../lib/gcc/arm-eabi/4.6.2/../../../../arm-eabi/lib/thumb/libsysbase.a(isatty.o)
                0x020146bc                _isatty_r
 .text          0x020146c0       0x54 /home/yukult400/ndsdev/devkitPro/devkitARM/bin/../lib/gcc/arm-eabi/4.6.2/../../../../arm-eabi/lib/thumb/libsysbase.a(lseek.o)
                0x020146c0                _lseek_r
 .text          0x02014714       0xa0 /home/yukult400/ndsdev/devkitPro/devkitARM/bin/../lib/gcc/arm-eabi/4.6.2/../../../../arm-eabi/lib/thumb/libsysbase.a(open.o)
                0x02014714                _open_r
 .text          0x020147b4       0x54 /home/yukult400/ndsdev/devkitPro/devkitARM/bin/../lib/gcc/arm-eabi/4.6.2/../../../../arm-eabi/lib/thumb/libsysbase.a(read.o)
                0x020147b4                _read_r
 .text          0x02014808       0x54 /home/yukult400/ndsdev/devkitPro/devkitARM/bin/../lib/gcc/arm-eabi/4.6.2/../../../../arm-eabi/lib/thumb/libsysbase.a(sbrk.o)
                0x02014808                _sbrk_r
 .text          0x0201485c       0x48 /home/yukult400/ndsdev/devkitPro/devkitARM/bin/../lib/gcc/arm-eabi/4.6.2/../../../../arm-eabi/lib/thumb/libsysbase.a(times.o)
                0x0201485c                _times
                0x02014870                _times_r
                0x02014878                _gettimeofday_r
 .text          0x020148a4       0x54 /home/yukult400/ndsdev/devkitPro/devkitARM/bin/../lib/gcc/arm-eabi/4.6.2/../../../../arm-eabi/lib/thumb/libsysbase.a(write.o)
                0x020148a4                _write_r
 .text          0x020148f8        0x0 /home/yukult400/ndsdev/devkitPro/devkitARM/bin/../lib/gcc/arm-eabi/4.6.2/../../../../arm-eabi/lib/thumb/libsysbase.a(malloc_vars.o)
 .text          0x020148f8       0x48 /home/yukult400/ndsdev/devkitPro/devkitARM/bin/../lib/gcc/arm-eabi/4.6.2/../../../../arm-eabi/lib/thumb/libsysbase.a(build_argv.o)
                0x020148f8                build_argv
 .text          0x02014940        0x0 /home/yukult400/ndsdev/devkitPro/devkitARM/bin/../lib/gcc/arm-eabi/4.6.2/../../../../arm-eabi/lib/thumb/libsysbase.a(syscall_support.o)
 .text          0x02014940       0x80 /home/yukult400/ndsdev/devkitPro/devkitARM/bin/../lib/gcc/arm-eabi/4.6.2/../../../../arm-eabi/lib/thumb/libsysbase.a(handle_manager.o)
                0x02014940                __release_handle
                0x0201496c                __alloc_handle
                0x020149a4                __get_handle
 .text          0x020149c0      0x41c /home/yukult400/ndsdev/devkitPro/devkitARM/bin/../lib/gcc/arm-eabi/4.6.2/thumb/libgcc.a(_arm_addsubdf3.o)
                0x020149c0                __aeabi_drsub
                0x020149c8                __aeabi_dsub
                0x020149c8                __subdf3
                0x020149cc                __adddf3
                0x020149cc                __aeabi_dadd
                0x02014cdc                __aeabi_ui2d
                0x02014cdc                __floatunsidf
                0x02014d00                __floatsidf
                0x02014d00                __aeabi_i2d
                0x02014d28                __extendsfdf2
                0x02014d28                __aeabi_f2d
                0x02014d68                __aeabi_ul2d
                0x02014d68                __floatundidf
                0x02014d7c                __floatdidf
                0x02014d7c                __aeabi_l2d
 .text          0x02014ddc      0x49c /home/yukult400/ndsdev/devkitPro/devkitARM/bin/../lib/gcc/arm-eabi/4.6.2/thumb/libgcc.a(_arm_muldivdf3.o)
                0x02014ddc                __aeabi_dmul
                0x02014ddc                __muldf3
                0x0201506c                __aeabi_ddiv
                0x0201506c                __divdf3
 .text          0x02015278      0x144 /home/yukult400/ndsdev/devkitPro/devkitARM/bin/../lib/gcc/arm-eabi/4.6.2/thumb/libgcc.a(_arm_cmpdf2.o)
                0x02015278                __gtdf2
                0x02015278                __gedf2
                0x02015280                __ltdf2
                0x02015280                __ledf2
                0x02015288                __cmpdf2
                0x02015288                __eqdf2
                0x02015288                __nedf2
                0x02015310                __aeabi_cdrcmple
                0x0201532c                __aeabi_cdcmple
                0x0201532c                __aeabi_cdcmpeq
                0x02015344                __aeabi_dcmpeq
                0x0201535c                __aeabi_dcmplt
                0x02015374                __aeabi_dcmple
                0x0201538c                __aeabi_dcmpge
                0x020153a4                __aeabi_dcmpgt
 .text          0x020153bc       0x5c /home/yukult400/ndsdev/devkitPro/devkitARM/bin/../lib/gcc/arm-eabi/4.6.2/thumb/libgcc.a(_arm_fixdfsi.o)
                0x020153bc                __fixdfsi
                0x020153bc                __aeabi_d2iz
 .text          0x02015418       0x3c /home/yukult400/ndsdev/devkitPro/devkitARM/bin/../lib/gcc/arm-eabi/4.6.2/thumb/libgcc.a(_aeabi_uldivmod.o)
                0x02015418                __aeabi_uldivmod
 .text          0x02015454       0x74 /home/yukult400/ndsdev/devkitPro/devkitARM/bin/../lib/gcc/arm-eabi/4.6.2/thumb/libgcc.a(bpabi.o)
                0x02015454                __gnu_ldivmod_helper
                0x02015490                __gnu_uldivmod_helper
 .text          0x020154c8      0x3c8 /home/yukult400/ndsdev/devkitPro/devkitARM/bin/../lib/gcc/arm-eabi/4.6.2/thumb/libgcc.a(_divdi3.o)
                0x020154c8                __divdi3
 .text          0x02015890      0x370 /home/yukult400/ndsdev/devkitPro/devkitARM/bin/../lib/gcc/arm-eabi/4.6.2/thumb/libgcc.a(_udivdi3.o)
                0x02015890                __udivdi3
 .text          0x02015c00       0x48 /home/yukult400/ndsdev/devkitPro/devkitARM/bin/../lib/gcc/arm-eabi/4.6.2/thumb/libgcc.a(_clzsi2.o)
                0x02015c00                __clzsi2
 .text          0x02015c48        0xc /home/yukult400/ndsdev/devkitPro/devkitARM/bin/../lib/gcc/arm-eabi/4.6.2/../../../../arm-eabi/lib/thumb/libg.a(lib_a-errno.o)
                0x02015c48                __errno
 .text          0x02015c54        0x0 /home/yukult400/ndsdev/devkitPro/devkitARM/bin/../lib/gcc/arm-eabi/4.6.2/thumb/crtend.o
 .text          0x02015c54        0x0 /home/yukult400/ndsdev/devkitPro/devkitARM/bin/../lib/gcc/arm-eabi/4.6.2/thumb/crtn.o
 *fill*         0x02015c54        0x4 ff
 .text.stub     0x02015c58       0x10 linker stubs
 *(.text.*)
 *(.stub)
 *(.gnu.warning)
 *(.gnu.linkonce.t*)
 *(.glue_7)
 .glue_7        0x00000000        0x0 linker stubs
 *(.glue_7t)
 .glue_7t       0x00000000        0x0 linker stubs
                0x02015c68                . = ALIGN (0x4)

.vfp11_veneer   0x02015c68        0x0
 .vfp11_veneer  0x00000000        0x0 linker stubs

.v4_bx          0x02015c68        0x0
 .v4_bx         0x00000000        0x0 linker stubs

.fini           0x02015c68        0xc
 *(.fini)
 .fini          0x02015c68        0x4 /home/yukult400/ndsdev/devkitPro/devkitARM/bin/../lib/gcc/arm-eabi/4.6.2/thumb/crti.o
                0x02015c68                _fini
 .fini          0x02015c6c        0x8 /home/yukult400/ndsdev/devkitPro/devkitARM/bin/../lib/gcc/arm-eabi/4.6.2/thumb/crtn.o
                0x02015c74                __text_end = .

.rodata         0x02015c78    0x55658
 *(.rodata)
 .rodata        0x02015c78    0x306a4 soundbank_bin.o
                0x02015c78                soundbank_bin
                0x02046318                soundbank_bin_end
                0x02046318                soundbank_bin_size
 .rodata        0x0204631c     0x3200 coin.o
                0x0204631c                coinTiles
                0x0204931c                coinPal
 .rodata        0x0204951c     0xc200 drunkenlogo.o
                0x0204951c                drunkenlogoBitmap
                0x0205551c                drunkenlogoPal
 .rodata        0x0205571c     0xb814 piano_image.o
                0x0205571c                piano_imageBitmap
 .rodata        0x02060f30     0x3200 woman.o
                0x02060f30                womanTiles
                0x02063f30                womanPal
 .rodata        0x02064130       0x20 tasks.o
 .rodata        0x02064150      0x1b8 gdbStub.o
 .rodata        0x02064308      0x358 sevencore_io.o
 .rodata        0x02064660      0x3b4 ControlTask.o
 .rodata        0x02064a14        0xc main.o
 .rodata        0x02064a20      0x200 /home/yukult400/ndsdev/devkitPro/libnds/lib/libnds9.a(console.o)
 .rodata        0x02064c20       0x14 /home/yukult400/ndsdev/devkitPro/libnds/lib/libnds9.a(decompress.o)
 .rodata        0x02064c34      0x308 /home/yukult400/ndsdev/devkitPro/libnds/lib/libnds9.a(trig.o)
                0x02064c34                SIN_LUT
                0x02064d38                TAN_LUT
 .rodata        0x02064f3c       0x8c /home/yukult400/ndsdev/devkitPro/libnds/lib/libnds9.a(videoGL.o)
 .rodata        0x02064fc8     0x2004 /home/yukult400/ndsdev/devkitPro/libnds/lib/libnds9.a(default_font.bin.o)
                0x02064fc8                default_font_bin
                0x02066fc8                default_font_bin_end
                0x02066fc8                default_font_bin_size
 .rodata        0x02066fcc        0x4 /home/yukult400/ndsdev/devkitPro/devkitARM/bin/../lib/gcc/arm-eabi/4.6.2/../../../../arm-eabi/lib/thumb/libg.a(lib_a-impure.o)
                0x02066fcc                _global_impure_ptr
 .rodata        0x02066fd0      0x340 /home/yukult400/ndsdev/devkitPro/devkitARM/bin/../lib/gcc/arm-eabi/4.6.2/../../../../arm-eabi/lib/thumb/libg.a(lib_a-svfiscanf.o)
 .rodata        0x02067310      0x184 /home/yukult400/ndsdev/devkitPro/devkitARM/bin/../lib/gcc/arm-eabi/4.6.2/../../../../arm-eabi/lib/thumb/libg.a(lib_a-svfprintf.o)
 .rodata        0x02067494      0x184 /home/yukult400/ndsdev/devkitPro/devkitARM/bin/../lib/gcc/arm-eabi/4.6.2/../../../../arm-eabi/lib/thumb/libg.a(lib_a-vfiprintf.o)
 .rodata        0x02067618      0x104 /home/yukult400/ndsdev/devkitPro/devkitARM/bin/../lib/gcc/arm-eabi/4.6.2/../../../../arm-eabi/lib/thumb/libg.a(lib_a-ctype_.o)
                0x02067618                _ctype_
 .rodata        0x0206771c     0x34f0 /home/yukult400/ndsdev/devkitPro/devkitARM/bin/../lib/gcc/arm-eabi/4.6.2/../../../../arm-eabi/lib/thumb/libg.a(lib_a-jp2uc.o)
 .rodata        0x0206ac0c       0xf0 /home/yukult400/ndsdev/devkitPro/devkitARM/bin/../lib/gcc/arm-eabi/4.6.2/../../../../arm-eabi/lib/thumb/libg.a(lib_a-locale.o)
 .rodata        0x0206acfc       0xa8 /home/yukult400/ndsdev/devkitPro/devkitARM/bin/../lib/gcc/arm-eabi/4.6.2/../../../../arm-eabi/lib/thumb/libg.a(lib_a-mbtowc_r.o)
 *fill*         0x0206ada4        0x4 ff
 .rodata        0x0206ada8      0x128 /home/yukult400/ndsdev/devkitPro/devkitARM/bin/../lib/gcc/arm-eabi/4.6.2/../../../../arm-eabi/lib/thumb/libg.a(lib_a-mprec.o)
                0x0206adb8                __mprec_tens
                0x0206ae80                __mprec_tinytens
                0x0206aea8                __mprec_bigtens
 .rodata        0x0206aed0      0x184 /home/yukult400/ndsdev/devkitPro/devkitARM/bin/../lib/gcc/arm-eabi/4.6.2/../../../../arm-eabi/lib/thumb/libg.a(lib_a-svfiprintf.o)
 .rodata        0x0206b054       0x64 /home/yukult400/ndsdev/devkitPro/devkitARM/bin/../lib/gcc/arm-eabi/4.6.2/../../../../arm-eabi/lib/thumb/libsysbase.a(iosupport.o)
                0x0206b054                dotab_stdnull
 *all.rodata*(*)
 *(.roda)
 *(.rodata.*)
 .rodata.str1.4
                0x0206b0b8       0x49 /home/yukult400/ndsdev/devkitPro/libnds/lib/libnds9.a(console.o)
                                 0x4c (size before relaxing)
 *fill*         0x0206b101        0x3 ff
 .rodata.str1.4
                0x0206b104       0x44 /home/yukult400/ndsdev/devkitPro/libnds/lib/libnds9.a(sassert.o)
 .rodata.str1.4
                0x0206b148        0x2 /home/yukult400/ndsdev/devkitPro/devkitARM/bin/../lib/gcc/arm-eabi/4.6.2/../../../../arm-eabi/lib/thumb/libg.a(lib_a-impure.o)
                                  0x4 (size before relaxing)
 *fill*         0x0206b14a        0x2 ff
 .rodata.str1.4
                0x0206b14c       0x42 /home/yukult400/ndsdev/devkitPro/devkitARM/bin/../lib/gcc/arm-eabi/4.6.2/../../../../arm-eabi/lib/thumb/libg.a(lib_a-svfprintf.o)
                                 0x44 (size before relaxing)
 .rodata.str1.4
                0x00000000       0x30 /home/yukult400/ndsdev/devkitPro/devkitARM/bin/../lib/gcc/arm-eabi/4.6.2/../../../../arm-eabi/lib/thumb/libg.a(lib_a-vfiprintf.o)
 *fill*         0x0206b18e        0x2 ff
 .rodata.str1.4
                0x0206b190       0x10 /home/yukult400/ndsdev/devkitPro/devkitARM/bin/../lib/gcc/arm-eabi/4.6.2/../../../../arm-eabi/lib/thumb/libg.a(lib_a-dtoa.o)
                                 0x14 (size before relaxing)
 .rodata.str1.4
                0x0206b1a0       0x12 /home/yukult400/ndsdev/devkitPro/devkitARM/bin/../lib/gcc/arm-eabi/4.6.2/../../../../arm-eabi/lib/thumb/libg.a(lib_a-jp2uc.o)
                                 0x14 (size before relaxing)
 *fill*         0x0206b1b2        0x2 ff
 .rodata.str1.4
                0x0206b1b4      0x112 /home/yukult400/ndsdev/devkitPro/devkitARM/bin/../lib/gcc/arm-eabi/4.6.2/../../../../arm-eabi/lib/thumb/libg.a(lib_a-locale.o)
                                0x130 (size before relaxing)
 .rodata.str1.4
                0x00000000        0x4 /home/yukult400/ndsdev/devkitPro/devkitARM/bin/../lib/gcc/arm-eabi/4.6.2/../../../../arm-eabi/lib/thumb/libg.a(lib_a-mbrtowc.o)
 .rodata.str1.4
                0x00000000       0x30 /home/yukult400/ndsdev/devkitPro/devkitARM/bin/../lib/gcc/arm-eabi/4.6.2/../../../../arm-eabi/lib/thumb/libg.a(lib_a-svfiprintf.o)
 *fill*         0x0206b2c6        0x2 ff
 .rodata.str1.4
                0x0206b2c8        0x8 /home/yukult400/ndsdev/devkitPro/devkitARM/bin/../lib/gcc/arm-eabi/4.6.2/../../../../arm-eabi/lib/thumb/libsysbase.a(iosupport.o)
 *(.gnu.linkonce.r*)
                0x0206b2d0                . = ALIGN (0x4)

.ARM.extab
 *(.ARM.extab* .gnu.linkonce.armextab.*)
                0x0206b2d0                __exidx_start = .

ARM.exidx
 *(.ARM.exidx* .gnu.linkonce.armexidx.*)
                0x0206b2d0                __exidx_end = .
                0x0206b2d0                . = ALIGN (0x4)
                0x0206b2d0                PROVIDE (__preinit_array_start, .)

.preinit_array
 *(.preinit_array)
                0x0206b2d0                PROVIDE (__preinit_array_end, .)
                0x0206b2d0                PROVIDE (__init_array_start, .)

.init_array     0x0206b2d0        0x4
 *(SORT(.init_array.*))
 *(.init_array)
 .init_array    0x0206b2d0        0x4 /home/yukult400/ndsdev/devkitPro/devkitARM/bin/../lib/gcc/arm-eabi/4.6.2/thumb/crtbegin.o
                0x0206b2d4                PROVIDE (__init_array_end, .)
                0x0206b2d4                PROVIDE (__fini_array_start, .)

.fini_array     0x0206b2d4        0x4
 *(.fini_array)
 .fini_array    0x0206b2d4        0x4 /home/yukult400/ndsdev/devkitPro/devkitARM/bin/../lib/gcc/arm-eabi/4.6.2/thumb/crtbegin.o
 *(SORT(.fini_array.*))
                0x0206b2d8                PROVIDE (__fini_array_end, .)

.ctors          0x0206b2d8        0x0
 *crtbegin.o(.ctors)
 *(EXCLUDE_FILE(*crtend.o) .ctors)
 *(SORT(.ctors.*))
 *(.ctors)
                0x0206b2d8                . = ALIGN (0x4)

.dtors          0x0206b2d8        0x0
 *crtbegin.o(.dtors)
 *(EXCLUDE_FILE(*crtend.o) .dtors)
 *(SORT(.dtors.*))
 *(.dtors)
                0x0206b2d8                . = ALIGN (0x4)

.eh_frame       0x0206b2d8        0x4
 *(.eh_frame)
 .eh_frame      0x0206b2d8        0x0 /home/yukult400/ndsdev/devkitPro/devkitARM/bin/../lib/gcc/arm-eabi/4.6.2/thumb/crtbegin.o
 .eh_frame      0x0206b2d8        0x4 /home/yukult400/ndsdev/devkitPro/devkitARM/bin/../lib/gcc/arm-eabi/4.6.2/thumb/crtend.o
                0x0206b2dc                . = ALIGN (0x4)

.gcc_except_table
                0x0206b2dc        0x0
 *(.gcc_except_table)
                0x0206b2dc                . = ALIGN (0x4)

.jcr            0x0206b2dc        0x4
 *(.jcr)
 .jcr           0x0206b2dc        0x0 /home/yukult400/ndsdev/devkitPro/devkitARM/bin/../lib/gcc/arm-eabi/4.6.2/thumb/crtbegin.o
 .jcr           0x0206b2dc        0x4 /home/yukult400/ndsdev/devkitPro/devkitARM/bin/../lib/gcc/arm-eabi/4.6.2/thumb/crtend.o

.got
 *(.got.plt)
 *(.got)
 *(.rel.got)

.ewram          0x0206b2e0        0x0
                0x0206b2e0                __ewram_start = ABSOLUTE (.)
 *(.ewram)
 *ewram.*(.text)
                0x0206b2e0                . = ALIGN (0x4)

.data           0x0206b2e0      0xb98
                0x0206b2e0                __data_start = ABSOLUTE (.)
 *(.data)
 .data          0x0206b2e0        0x0 /home/yukult400/ndsdev/devkitPro/devkitARM/bin/../lib/gcc/arm-eabi/4.6.2/../../../../arm-eabi/lib/thumb/ds_arm9_crt0.o
 .data          0x0206b2e0        0x0 /home/yukult400/ndsdev/devkitPro/devkitARM/bin/../lib/gcc/arm-eabi/4.6.2/thumb/crti.o
 .data          0x0206b2e0        0x4 /home/yukult400/ndsdev/devkitPro/devkitARM/bin/../lib/gcc/arm-eabi/4.6.2/thumb/crtbegin.o
                0x0206b2e0                __dso_handle
 .data          0x0206b2e4        0x0 soundbank_bin.o
 .data          0x0206b2e4        0x0 coin.o
 .data          0x0206b2e4        0x0 drunkenlogo.o
 .data          0x0206b2e4        0x0 piano_image.o
 .data          0x0206b2e4        0x0 woman.o
 .data          0x0206b2e4        0x0 croutine.o
 .data          0x0206b2e4        0x0 list.o
 .data          0x0206b2e4        0x0 queue.o
 .data          0x0206b2e4        0x4 tasks.o
 .data          0x0206b2e8        0x4 card_spi.o
 .data          0x0206b2ec        0x8 gdbStub.o
                0x0206b2f0                pRegisters
 .data          0x0206b2f4        0x0 heap_3.o
 .data          0x0206b2f4        0x4 port.o
 .data          0x0206b2f8        0x4 portISR.o
                0x0206b2f8                ulCriticalNesting
 .data          0x0206b2fc       0x34 sevencore_io.o
 .data          0x0206b330       0x1c ControlTask.o
                0x0206b334                ambulance
                0x0206b340                boom
 .data          0x0206b34c        0x4 main.o
 .data          0x0206b350        0x0 gdbStubAsm.o
 .data          0x0206b350        0x0 port_asm.o
 .data          0x0206b350       0x60 /home/yukult400/ndsdev/devkitPro/libnds/lib/libnds9.a(background.o)
                0x0206b350                bgScrollTable
                0x0206b370                bgTransform
                0x0206b390                bgControl
 .data          0x0206b3b0       0x64 /home/yukult400/ndsdev/devkitPro/libnds/lib/libnds9.a(console.o)
                0x0206b3b0                currentConsole
                0x0206b3b4                defaultConsole
 .data          0x0206b414        0xc /home/yukult400/ndsdev/devkitPro/libnds/lib/libnds9.a(decompress.o)
                0x0206b414                decomStream
 .data          0x0206b420        0x0 /home/yukult400/ndsdev/devkitPro/libnds/lib/libnds9.a(exceptions.o)
 .data          0x0206b420        0x3 /home/yukult400/ndsdev/devkitPro/libnds/lib/libnds9.a(keys.o)
 .data          0x0206b423        0x0 /home/yukult400/ndsdev/devkitPro/libnds/lib/libnds9.a(sassert.o)
 *fill*         0x0206b423        0x1 ff
 .data          0x0206b424       0x30 /home/yukult400/ndsdev/devkitPro/libnds/lib/libnds9.a(sprite.o)
                0x0206b424                oamMain
                0x0206b43c                oamSub
 .data          0x0206b454        0x0 /home/yukult400/ndsdev/devkitPro/libnds/lib/libnds9.a(sprite_alloc.o)
 .data          0x0206b454        0x0 /home/yukult400/ndsdev/devkitPro/libnds/lib/libnds9.a(touch.o)
 .data          0x0206b454        0x0 /home/yukult400/ndsdev/devkitPro/libnds/lib/libnds9.a(trig.o)
 .data          0x0206b454        0x4 /home/yukult400/ndsdev/devkitPro/libnds/lib/libnds9.a(videoGL.o)
 .data          0x0206b458        0x0 /home/yukult400/ndsdev/devkitPro/libnds/lib/libnds9.a(initSystem.o)
 .data          0x0206b458       0x10 /home/yukult400/ndsdev/devkitPro/libnds/lib/libnds9.a(fifosystem.o)
                0x0206b458                fifo_freewords
                0x0206b45c                fifo_buffer_free
                0x0206b460                fifo_send_queue
                0x0206b464                fifo_receive_queue
 .data          0x0206b468        0x0 /home/yukult400/ndsdev/devkitPro/libnds/lib/libnds9.a(interrupts.o)
 .data          0x0206b468        0x0 /home/yukult400/ndsdev/devkitPro/libnds/lib/libnds9.a(libnds_exit.o)
 .data          0x0206b468        0x0 /home/yukult400/ndsdev/devkitPro/libnds/lib/libnds9.a(syscalls.o)
 .data          0x0206b468        0x0 /home/yukult400/ndsdev/devkitPro/libnds/lib/libnds9.a(dcache.o)
 .data          0x0206b468        0x0 /home/yukult400/ndsdev/devkitPro/libnds/lib/libnds9.a(exceptionHandler.o)
 .data          0x0206b468        0x0 /home/yukult400/ndsdev/devkitPro/libnds/lib/libnds9.a(mpu_setup.o)
 .data          0x0206b468        0x0 /home/yukult400/ndsdev/devkitPro/libnds/lib/libnds9.a(biosCalls.o)
 .data          0x0206b468        0x0 /home/yukult400/ndsdev/devkitPro/libnds/lib/libnds9.a(debugprint.o)
 .data          0x0206b468        0x0 /home/yukult400/ndsdev/devkitPro/libnds/lib/libnds9.a(interruptDispatcher.o)
 .data          0x0206b468        0x0 /home/yukult400/ndsdev/devkitPro/libnds/lib/libnds9.a(swiSoftReset.o)
 .data          0x0206b468        0x0 /home/yukult400/ndsdev/devkitPro/libnds/lib/libnds9.a(default_font.bin.o)
 .data          0x0206b468        0x0 /home/yukult400/ndsdev/devkitPro/libnds/lib/libnds9.a(dynamicArray.o)
 .data          0x0206b468        0x0 /home/yukult400/ndsdev/devkitPro/libnds/lib/libnds9.a(system.o)
 .data          0x0206b468        0x0 /home/yukult400/ndsdev/devkitPro/libnds/lib/libnds9.a(video.o)
 .data          0x0206b468        0x0 /home/yukult400/ndsdev/devkitPro/libnds/lib/libmm9.a(mm_comms.o)
 .data          0x0206b468        0x0 /home/yukult400/ndsdev/devkitPro/libnds/lib/libmm9.a(mm_main9.o)
 .data          0x0206b468        0x0 /home/yukult400/ndsdev/devkitPro/libnds/lib/libmm9.a(mm_memory.o)
 .data          0x0206b468        0x0 /home/yukult400/ndsdev/devkitPro/libnds/lib/libmm9.a(mm_soundbank.o)
 .data          0x0206b468        0x0 /home/yukult400/ndsdev/devkitPro/libnds/lib/libmm9.a(mm_flusher.o)
 .data          0x0206b468        0x0 /home/yukult400/ndsdev/devkitPro/devkitARM/bin/../lib/gcc/arm-eabi/4.6.2/thumb/libgcc.a(_udivsi3.o)
 .data          0x0206b468        0x0 /home/yukult400/ndsdev/devkitPro/devkitARM/bin/../lib/gcc/arm-eabi/4.6.2/thumb/libgcc.a(_divsi3.o)
 .data          0x0206b468        0x0 /home/yukult400/ndsdev/devkitPro/devkitARM/bin/../lib/gcc/arm-eabi/4.6.2/thumb/libgcc.a(_dvmd_tls.o)
 .data          0x0206b468        0x0 /home/yukult400/ndsdev/devkitPro/devkitARM/bin/../lib/gcc/arm-eabi/4.6.2/thumb/libgcc.a(_muldi3.o)
 .data          0x0206b468        0x0 /home/yukult400/ndsdev/devkitPro/devkitARM/bin/../lib/gcc/arm-eabi/4.6.2/../../../../arm-eabi/lib/thumb/libg.a(lib_a-bsearch.o)
 .data          0x0206b468        0x0 /home/yukult400/ndsdev/devkitPro/devkitARM/bin/../lib/gcc/arm-eabi/4.6.2/../../../../arm-eabi/lib/thumb/libg.a(lib_a-fclose.o)
 .data          0x0206b468        0x0 /home/yukult400/ndsdev/devkitPro/devkitARM/bin/../lib/gcc/arm-eabi/4.6.2/../../../../arm-eabi/lib/thumb/libg.a(lib_a-fflush.o)
 .data          0x0206b468        0x0 /home/yukult400/ndsdev/devkitPro/devkitARM/bin/../lib/gcc/arm-eabi/4.6.2/../../../../arm-eabi/lib/thumb/libg.a(lib_a-findfp.o)
 .data          0x0206b468        0x0 /home/yukult400/ndsdev/devkitPro/devkitARM/bin/../lib/gcc/arm-eabi/4.6.2/../../../../arm-eabi/lib/thumb/libg.a(lib_a-fopen.o)
 .data          0x0206b468        0x0 /home/yukult400/ndsdev/devkitPro/devkitARM/bin/../lib/gcc/arm-eabi/4.6.2/../../../../arm-eabi/lib/thumb/libg.a(lib_a-fread.o)
 .data          0x0206b468        0x0 /home/yukult400/ndsdev/devkitPro/devkitARM/bin/../lib/gcc/arm-eabi/4.6.2/../../../../arm-eabi/lib/thumb/libg.a(lib_a-freer.o)
 .data          0x0206b468        0x0 /home/yukult400/ndsdev/devkitPro/devkitARM/bin/../lib/gcc/arm-eabi/4.6.2/../../../../arm-eabi/lib/thumb/libg.a(lib_a-fseek.o)
 .data          0x0206b468        0x0 /home/yukult400/ndsdev/devkitPro/devkitARM/bin/../lib/gcc/arm-eabi/4.6.2/../../../../arm-eabi/lib/thumb/libg.a(lib_a-fwalk.o)
 .data          0x0206b468      0x430 /home/yukult400/ndsdev/devkitPro/devkitARM/bin/../lib/gcc/arm-eabi/4.6.2/../../../../arm-eabi/lib/thumb/libg.a(lib_a-impure.o)
                0x0206b468                _impure_ptr
 .data          0x0206b898        0x0 /home/yukult400/ndsdev/devkitPro/devkitARM/bin/../lib/gcc/arm-eabi/4.6.2/../../../../arm-eabi/lib/thumb/libg.a(lib_a-init.o)
 .data          0x0206b898        0x0 /home/yukult400/ndsdev/devkitPro/devkitARM/bin/../lib/gcc/arm-eabi/4.6.2/../../../../arm-eabi/lib/thumb/libg.a(lib_a-iprintf.o)
 .data          0x0206b898        0x0 /home/yukult400/ndsdev/devkitPro/devkitARM/bin/../lib/gcc/arm-eabi/4.6.2/../../../../arm-eabi/lib/thumb/libg.a(lib_a-makebuf.o)
 .data          0x0206b898        0x0 /home/yukult400/ndsdev/devkitPro/devkitARM/bin/../lib/gcc/arm-eabi/4.6.2/../../../../arm-eabi/lib/thumb/libg.a(lib_a-malloc.o)
 .data          0x0206b898      0x410 /home/yukult400/ndsdev/devkitPro/devkitARM/bin/../lib/gcc/arm-eabi/4.6.2/../../../../arm-eabi/lib/thumb/libg.a(lib_a-mallocr.o)
                0x0206b898                __malloc_av_
                0x0206bca0                __malloc_sbrk_base
                0x0206bca4                __malloc_trim_threshold
 .data          0x0206bca8        0x0 /home/yukult400/ndsdev/devkitPro/devkitARM/bin/../lib/gcc/arm-eabi/4.6.2/../../../../arm-eabi/lib/thumb/libg.a(lib_a-memcpy-stub.o)
 .data          0x0206bca8        0x0 /home/yukult400/ndsdev/devkitPro/devkitARM/bin/../lib/gcc/arm-eabi/4.6.2/../../../../arm-eabi/lib/thumb/libg.a(lib_a-memset.o)
 .data          0x0206bca8        0x0 /home/yukult400/ndsdev/devkitPro/devkitARM/bin/../lib/gcc/arm-eabi/4.6.2/../../../../arm-eabi/lib/thumb/libg.a(lib_a-mlock.o)
 .data          0x0206bca8        0x0 /home/yukult400/ndsdev/devkitPro/devkitARM/bin/../lib/gcc/arm-eabi/4.6.2/../../../../arm-eabi/lib/thumb/libg.a(lib_a-realloc.o)
 .data          0x0206bca8        0x0 /home/yukult400/ndsdev/devkitPro/devkitARM/bin/../lib/gcc/arm-eabi/4.6.2/../../../../arm-eabi/lib/thumb/libg.a(lib_a-reallocr.o)
 .data          0x0206bca8        0x0 /home/yukult400/ndsdev/devkitPro/devkitARM/bin/../lib/gcc/arm-eabi/4.6.2/../../../../arm-eabi/lib/thumb/libg.a(lib_a-refill.o)
 .data          0x0206bca8        0x0 /home/yukult400/ndsdev/devkitPro/devkitARM/bin/../lib/gcc/arm-eabi/4.6.2/../../../../arm-eabi/lib/thumb/libg.a(lib_a-setvbuf.o)
 .data          0x0206bca8        0x0 /home/yukult400/ndsdev/devkitPro/devkitARM/bin/../lib/gcc/arm-eabi/4.6.2/../../../../arm-eabi/lib/thumb/libg.a(lib_a-siscanf.o)
 .data          0x0206bca8        0x0 /home/yukult400/ndsdev/devkitPro/devkitARM/bin/../lib/gcc/arm-eabi/4.6.2/../../../../arm-eabi/lib/thumb/libg.a(lib_a-sprintf.o)
 .data          0x0206bca8        0x0 /home/yukult400/ndsdev/devkitPro/devkitARM/bin/../lib/gcc/arm-eabi/4.6.2/../../../../arm-eabi/lib/thumb/libg.a(lib_a-stdio.o)
 .data          0x0206bca8        0x0 /home/yukult400/ndsdev/devkitPro/devkitARM/bin/../lib/gcc/arm-eabi/4.6.2/../../../../arm-eabi/lib/thumb/libg.a(lib_a-strcat.o)
 .data          0x0206bca8        0x0 /home/yukult400/ndsdev/devkitPro/devkitARM/bin/../lib/gcc/arm-eabi/4.6.2/../../../../arm-eabi/lib/thumb/libg.a(lib_a-strcpy.o)
 .data          0x0206bca8        0x0 /home/yukult400/ndsdev/devkitPro/devkitARM/bin/../lib/gcc/arm-eabi/4.6.2/../../../../arm-eabi/lib/thumb/libg.a(lib_a-strlen.o)
 .data          0x0206bca8        0x0 /home/yukult400/ndsdev/devkitPro/devkitARM/bin/../lib/gcc/arm-eabi/4.6.2/../../../../arm-eabi/lib/thumb/libg.a(lib_a-strncpy.o)
 .data          0x0206bca8        0x0 /home/yukult400/ndsdev/devkitPro/devkitARM/bin/../lib/gcc/arm-eabi/4.6.2/../../../../arm-eabi/lib/thumb/libg.a(lib_a-svfiscanf.o)
 .data          0x0206bca8        0x0 /home/yukult400/ndsdev/devkitPro/devkitARM/bin/../lib/gcc/arm-eabi/4.6.2/../../../../arm-eabi/lib/thumb/libg.a(lib_a-svfprintf.o)
 .data          0x0206bca8        0x0 /home/yukult400/ndsdev/devkitPro/devkitARM/bin/../lib/gcc/arm-eabi/4.6.2/../../../../arm-eabi/lib/thumb/libg.a(lib_a-ungetc.o)
 .data          0x0206bca8        0x0 /home/yukult400/ndsdev/devkitPro/devkitARM/bin/../lib/gcc/arm-eabi/4.6.2/../../../../arm-eabi/lib/thumb/libg.a(lib_a-vfiprintf.o)
 .data          0x0206bca8        0x0 /home/yukult400/ndsdev/devkitPro/devkitARM/bin/../lib/gcc/arm-eabi/4.6.2/../../../../arm-eabi/lib/thumb/libg.a(lib_a-wcrtomb.o)
 .data          0x0206bca8        0x0 /home/yukult400/ndsdev/devkitPro/devkitARM/bin/../lib/gcc/arm-eabi/4.6.2/../../../../arm-eabi/lib/thumb/libg.a(lib_a-wcsrtombs.o)
 .data          0x0206bca8        0x4 /home/yukult400/ndsdev/devkitPro/devkitARM/bin/../lib/gcc/arm-eabi/4.6.2/../../../../arm-eabi/lib/thumb/libg.a(lib_a-wctomb_r.o)
                0x0206bca8                __wctomb
 .data          0x0206bcac        0x0 /home/yukult400/ndsdev/devkitPro/devkitARM/bin/../lib/gcc/arm-eabi/4.6.2/../../../../arm-eabi/lib/thumb/libg.a(lib_a-wsetup.o)
 .data          0x0206bcac        0x4 /home/yukult400/ndsdev/devkitPro/devkitARM/bin/../lib/gcc/arm-eabi/4.6.2/../../../../arm-eabi/lib/thumb/libg.a(lib_a-ctype_.o)
                0x0206bcac                __ctype_ptr__
 .data          0x0206bcb0        0x0 /home/yukult400/ndsdev/devkitPro/devkitARM/bin/../lib/gcc/arm-eabi/4.6.2/../../../../arm-eabi/lib/thumb/libg.a(lib_a-dtoa.o)
 .data          0x0206bcb0        0x0 /home/yukult400/ndsdev/devkitPro/devkitARM/bin/../lib/gcc/arm-eabi/4.6.2/../../../../arm-eabi/lib/thumb/libg.a(lib_a-flags.o)
 .data          0x0206bcb0        0x0 /home/yukult400/ndsdev/devkitPro/devkitARM/bin/../lib/gcc/arm-eabi/4.6.2/../../../../arm-eabi/lib/thumb/libg.a(lib_a-fputwc.o)
 .data          0x0206bcb0        0x0 /home/yukult400/ndsdev/devkitPro/devkitARM/bin/../lib/gcc/arm-eabi/4.6.2/../../../../arm-eabi/lib/thumb/libg.a(lib_a-fvwrite.o)
 .data          0x0206bcb0        0x0 /home/yukult400/ndsdev/devkitPro/devkitARM/bin/../lib/gcc/arm-eabi/4.6.2/../../../../arm-eabi/lib/thumb/libg.a(lib_a-iswspace.o)
 .data          0x0206bcb0        0x0 /home/yukult400/ndsdev/devkitPro/devkitARM/bin/../lib/gcc/arm-eabi/4.6.2/../../../../arm-eabi/lib/thumb/libg.a(lib_a-jp2uc.o)
 .data          0x0206bcb0      0x17c /home/yukult400/ndsdev/devkitPro/devkitARM/bin/../lib/gcc/arm-eabi/4.6.2/../../../../arm-eabi/lib/thumb/libg.a(lib_a-locale.o)
                0x0206bcb0                __default_locale
                0x0206bdd0                __mb_cur_max
 .data          0x0206be2c        0x0 /home/yukult400/ndsdev/devkitPro/devkitARM/bin/../lib/gcc/arm-eabi/4.6.2/../../../../arm-eabi/lib/thumb/libg.a(lib_a-mbrtowc.o)
 .data          0x0206be2c        0x4 /home/yukult400/ndsdev/devkitPro/devkitARM/bin/../lib/gcc/arm-eabi/4.6.2/../../../../arm-eabi/lib/thumb/libg.a(lib_a-mbtowc_r.o)
                0x0206be2c                __mbtowc
 .data          0x0206be30        0x0 /home/yukult400/ndsdev/devkitPro/devkitARM/bin/../lib/gcc/arm-eabi/4.6.2/../../../../arm-eabi/lib/thumb/libg.a(lib_a-memchr-stub.o)
 .data          0x0206be30        0x0 /home/yukult400/ndsdev/devkitPro/devkitARM/bin/../lib/gcc/arm-eabi/4.6.2/../../../../arm-eabi/lib/thumb/libg.a(lib_a-memmove.o)
 .data          0x0206be30        0x0 /home/yukult400/ndsdev/devkitPro/devkitARM/bin/../lib/gcc/arm-eabi/4.6.2/../../../../arm-eabi/lib/thumb/libg.a(lib_a-mprec.o)
 .data          0x0206be30        0x0 /home/yukult400/ndsdev/devkitPro/devkitARM/bin/../lib/gcc/arm-eabi/4.6.2/../../../../arm-eabi/lib/thumb/libg.a(lib_a-sccl.o)
 .data          0x0206be30        0x0 /home/yukult400/ndsdev/devkitPro/devkitARM/bin/../lib/gcc/arm-eabi/4.6.2/../../../../arm-eabi/lib/thumb/libg.a(lib_a-s_fpclassify.o)
 .data          0x0206be30        0x0 /home/yukult400/ndsdev/devkitPro/devkitARM/bin/../lib/gcc/arm-eabi/4.6.2/../../../../arm-eabi/lib/thumb/libg.a(lib_a-strcasecmp.o)
 .data          0x0206be30        0x0 /home/yukult400/ndsdev/devkitPro/devkitARM/bin/../lib/gcc/arm-eabi/4.6.2/../../../../arm-eabi/lib/thumb/libg.a(lib_a-strchr.o)
 .data          0x0206be30        0x0 /home/yukult400/ndsdev/devkitPro/devkitARM/bin/../lib/gcc/arm-eabi/4.6.2/../../../../arm-eabi/lib/thumb/libg.a(lib_a-strcmp.o)
 .data          0x0206be30        0x0 /home/yukult400/ndsdev/devkitPro/devkitARM/bin/../lib/gcc/arm-eabi/4.6.2/../../../../arm-eabi/lib/thumb/libg.a(lib_a-strlcpy.o)
 .data          0x0206be30        0x0 /home/yukult400/ndsdev/devkitPro/devkitARM/bin/../lib/gcc/arm-eabi/4.6.2/../../../../arm-eabi/lib/thumb/libg.a(lib_a-strncasecmp.o)
 .data          0x0206be30        0x0 /home/yukult400/ndsdev/devkitPro/devkitARM/bin/../lib/gcc/arm-eabi/4.6.2/../../../../arm-eabi/lib/thumb/libg.a(lib_a-strncmp.o)
 .data          0x0206be30        0x0 /home/yukult400/ndsdev/devkitPro/devkitARM/bin/../lib/gcc/arm-eabi/4.6.2/../../../../arm-eabi/lib/thumb/libg.a(lib_a-strtoll_r.o)
 .data          0x0206be30        0x0 /home/yukult400/ndsdev/devkitPro/devkitARM/bin/../lib/gcc/arm-eabi/4.6.2/../../../../arm-eabi/lib/thumb/libg.a(lib_a-strtol.o)
 .data          0x0206be30        0x0 /home/yukult400/ndsdev/devkitPro/devkitARM/bin/../lib/gcc/arm-eabi/4.6.2/../../../../arm-eabi/lib/thumb/libg.a(lib_a-strtoull_r.o)
 .data          0x0206be30        0x0 /home/yukult400/ndsdev/devkitPro/devkitARM/bin/../lib/gcc/arm-eabi/4.6.2/../../../../arm-eabi/lib/thumb/libg.a(lib_a-strtoul.o)
 .data          0x0206be30        0x0 /home/yukult400/ndsdev/devkitPro/devkitARM/bin/../lib/gcc/arm-eabi/4.6.2/../../../../arm-eabi/lib/thumb/libg.a(lib_a-svfiprintf.o)
 .data          0x0206be30        0x0 /home/yukult400/ndsdev/devkitPro/devkitARM/bin/../lib/gcc/arm-eabi/4.6.2/../../../../arm-eabi/lib/thumb/libg.a(lib_a-wbuf.o)
 .data          0x0206be30        0x0 /home/yukult400/ndsdev/devkitPro/devkitARM/bin/../lib/gcc/arm-eabi/4.6.2/../../../../arm-eabi/lib/thumb/libg.a(lib_a-wcsnrtombs.o)
 .data          0x0206be30        0x0 /home/yukult400/ndsdev/devkitPro/devkitARM/bin/../lib/gcc/arm-eabi/4.6.2/../../../../arm-eabi/lib/thumb/libg.a(lib_a-callocr.o)
 .data          0x0206be30        0x0 /home/yukult400/ndsdev/devkitPro/devkitARM/bin/../lib/gcc/arm-eabi/4.6.2/../../../../arm-eabi/lib/thumb/libg.a(lib_a-getenv_r.o)
 .data          0x0206be30        0x4 /home/yukult400/ndsdev/devkitPro/devkitARM/bin/../lib/gcc/arm-eabi/4.6.2/../../../../arm-eabi/lib/thumb/libg.a(lib_a-environ.o)
                0x0206be30                environ
 .data          0x0206be34        0x0 /home/yukult400/ndsdev/devkitPro/devkitARM/bin/../lib/gcc/arm-eabi/4.6.2/../../../../arm-eabi/lib/thumb/libg.a(lib_a-envlock.o)
 .data          0x0206be34       0x44 /home/yukult400/ndsdev/devkitPro/devkitARM/bin/../lib/gcc/arm-eabi/4.6.2/../../../../arm-eabi/lib/thumb/libsysbase.a(iosupport.o)
                0x0206be38                devoptab_list
 .data          0x0206be78        0x0 /home/yukult400/ndsdev/devkitPro/devkitARM/bin/../lib/gcc/arm-eabi/4.6.2/../../../../arm-eabi/lib/thumb/libsysbase.a(close.o)
 .data          0x0206be78        0x0 /home/yukult400/ndsdev/devkitPro/devkitARM/bin/../lib/gcc/arm-eabi/4.6.2/../../../../arm-eabi/lib/thumb/libsysbase.a(fstat.o)
 .data          0x0206be78        0x0 /home/yukult400/ndsdev/devkitPro/devkitARM/bin/../lib/gcc/arm-eabi/4.6.2/../../../../arm-eabi/lib/thumb/libsysbase.a(isatty.o)
 .data          0x0206be78        0x0 /home/yukult400/ndsdev/devkitPro/devkitARM/bin/../lib/gcc/arm-eabi/4.6.2/../../../../arm-eabi/lib/thumb/libsysbase.a(lseek.o)
 .data          0x0206be78        0x0 /home/yukult400/ndsdev/devkitPro/devkitARM/bin/../lib/gcc/arm-eabi/4.6.2/../../../../arm-eabi/lib/thumb/libsysbase.a(open.o)
 .data          0x0206be78        0x0 /home/yukult400/ndsdev/devkitPro/devkitARM/bin/../lib/gcc/arm-eabi/4.6.2/../../../../arm-eabi/lib/thumb/libsysbase.a(read.o)
 .data          0x0206be78        0x0 /home/yukult400/ndsdev/devkitPro/devkitARM/bin/../lib/gcc/arm-eabi/4.6.2/../../../../arm-eabi/lib/thumb/libsysbase.a(sbrk.o)
 .data          0x0206be78        0x0 /home/yukult400/ndsdev/devkitPro/devkitARM/bin/../lib/gcc/arm-eabi/4.6.2/../../../../arm-eabi/lib/thumb/libsysbase.a(times.o)
 .data          0x0206be78        0x0 /home/yukult400/ndsdev/devkitPro/devkitARM/bin/../lib/gcc/arm-eabi/4.6.2/../../../../arm-eabi/lib/thumb/libsysbase.a(write.o)
 .data          0x0206be78        0x0 /home/yukult400/ndsdev/devkitPro/devkitARM/bin/../lib/gcc/arm-eabi/4.6.2/../../../../arm-eabi/lib/thumb/libsysbase.a(malloc_vars.o)
 .data          0x0206be78        0x0 /home/yukult400/ndsdev/devkitPro/devkitARM/bin/../lib/gcc/arm-eabi/4.6.2/../../../../arm-eabi/lib/thumb/libsysbase.a(build_argv.o)
 .data          0x0206be78        0x0 /home/yukult400/ndsdev/devkitPro/devkitARM/bin/../lib/gcc/arm-eabi/4.6.2/../../../../arm-eabi/lib/thumb/libsysbase.a(syscall_support.o)
 .data          0x0206be78        0x0 /home/yukult400/ndsdev/devkitPro/devkitARM/bin/../lib/gcc/arm-eabi/4.6.2/../../../../arm-eabi/lib/thumb/libsysbase.a(handle_manager.o)
 .data          0x0206be78        0x0 /home/yukult400/ndsdev/devkitPro/devkitARM/bin/../lib/gcc/arm-eabi/4.6.2/thumb/libgcc.a(_arm_addsubdf3.o)
 .data          0x0206be78        0x0 /home/yukult400/ndsdev/devkitPro/devkitARM/bin/../lib/gcc/arm-eabi/4.6.2/thumb/libgcc.a(_arm_muldivdf3.o)
 .data          0x0206be78        0x0 /home/yukult400/ndsdev/devkitPro/devkitARM/bin/../lib/gcc/arm-eabi/4.6.2/thumb/libgcc.a(_arm_cmpdf2.o)
 .data          0x0206be78        0x0 /home/yukult400/ndsdev/devkitPro/devkitARM/bin/../lib/gcc/arm-eabi/4.6.2/thumb/libgcc.a(_arm_fixdfsi.o)
 .data          0x0206be78        0x0 /home/yukult400/ndsdev/devkitPro/devkitARM/bin/../lib/gcc/arm-eabi/4.6.2/thumb/libgcc.a(_aeabi_uldivmod.o)
 .data          0x0206be78        0x0 /home/yukult400/ndsdev/devkitPro/devkitARM/bin/../lib/gcc/arm-eabi/4.6.2/thumb/libgcc.a(bpabi.o)
 .data          0x0206be78        0x0 /home/yukult400/ndsdev/devkitPro/devkitARM/bin/../lib/gcc/arm-eabi/4.6.2/thumb/libgcc.a(_divdi3.o)
 .data          0x0206be78        0x0 /home/yukult400/ndsdev/devkitPro/devkitARM/bin/../lib/gcc/arm-eabi/4.6.2/thumb/libgcc.a(_udivdi3.o)
 .data          0x0206be78        0x0 /home/yukult400/ndsdev/devkitPro/devkitARM/bin/../lib/gcc/arm-eabi/4.6.2/thumb/libgcc.a(_clzsi2.o)
 .data          0x0206be78        0x0 /home/yukult400/ndsdev/devkitPro/devkitARM/bin/../lib/gcc/arm-eabi/4.6.2/../../../../arm-eabi/lib/thumb/libg.a(lib_a-errno.o)
 .data          0x0206be78        0x0 /home/yukult400/ndsdev/devkitPro/devkitARM/bin/../lib/gcc/arm-eabi/4.6.2/thumb/crtend.o
 .data          0x0206be78        0x0 /home/yukult400/ndsdev/devkitPro/devkitARM/bin/../lib/gcc/arm-eabi/4.6.2/thumb/crtn.o
 *(.data.*)
 *(.gnu.linkonce.d*)
                0x0206be78                . = ALIGN (0x4)
                0x0206be78                __data_end = ABSOLUTE (.)
                0x0206be78                __dtcm_lma = .
                0x0206be78                __bss_vma = .

.dtcm           0x0b000000        0x0 load address 0x0206be78
 *(.dtcm)
 *(.dtcm.*)
                0x0b000000                . = ALIGN (0x4)
                0x0b000000                __dtcm_end = ABSOLUTE (.)
                0x0206be78                __itcm_lma = (__dtcm_lma + SIZEOF (.dtcm))

.itcm           0x01000100      0x194 load address 0x0206be78
 *(.itcm)
 .itcm          0x01000100       0xc8 /home/yukult400/ndsdev/devkitPro/libnds/lib/libnds9.a(interrupts.o)
                0x01000100                irqTable
 .itcm          0x010001c8       0xcc /home/yukult400/ndsdev/devkitPro/libnds/lib/libnds9.a(interruptDispatcher.o)
                0x010001c8                IntrMain
 *itcm.*(.text)
                0x01000294                . = ALIGN (0x4)
                0x01000294                __itcm_end = ABSOLUTE (.)
                0x0206c00c                __vectors_lma = (__itcm_lma + SIZEOF (.itcm))

.vectors        0x01000000        0x0 load address 0x0206c00c
 *(.vectors)
 *vectors.*(.text)
                0x01000000                . = ALIGN (0x4)
                0x01000000                __vectors_end = ABSOLUTE (.)

.sbss           0x0b000000        0x0
                0x0b000000                __sbss_start = ABSOLUTE (.)
                0x0b000000                __sbss_start__ = ABSOLUTE (.)
 *(.sbss)
                0x0b000000                . = ALIGN (0x4)
                0x0b000000                __sbss_end = ABSOLUTE (.)

.bss            0x0206be78     0x4ed0
                0x0206be78                __bss_start = ABSOLUTE (.)
                0x0206be78                __bss_start__ = ABSOLUTE (.)
 *(.dynbss)
 *(.gnu.linkonce.b*)
 *(.bss*)
 .bss           0x0206be78        0x0 /home/yukult400/ndsdev/devkitPro/devkitARM/bin/../lib/gcc/arm-eabi/4.6.2/../../../../arm-eabi/lib/thumb/ds_arm9_crt0.o
 .bss           0x0206be78        0x0 /home/yukult400/ndsdev/devkitPro/devkitARM/bin/../lib/gcc/arm-eabi/4.6.2/thumb/crti.o
 .bss           0x0206be78       0x1c /home/yukult400/ndsdev/devkitPro/devkitARM/bin/../lib/gcc/arm-eabi/4.6.2/thumb/crtbegin.o
 .bss           0x0206be94        0x0 soundbank_bin.o
 .bss           0x0206be94        0x0 coin.o
 .bss           0x0206be94        0x0 drunkenlogo.o
 .bss           0x0206be94        0x0 piano_image.o
 .bss           0x0206be94        0x0 woman.o
 .bss           0x0206be94       0x80 croutine.o
                0x0206bf00                pxCurrentCoRoutine
 .bss           0x0206bf14        0x0 list.o
 .bss           0x0206bf14        0x0 queue.o
 .bss           0x0206bf14     0x14cc tasks.o
                0x0206bf14                pxCurrentTCB
 .bss           0x0206d3e0        0x8 card_spi.o
 .bss           0x0206d3e8     0x1050 gdbStub.o
                0x0206e3e8                regMem
 .bss           0x0206e438        0x0 heap_3.o
 .bss           0x0206e438        0x0 port.o
 .bss           0x0206e438        0x0 portISR.o
 .bss           0x0206e438       0x70 sevencore_io.o
 .bss           0x0206e4a8        0x0 ControlTask.o
 .bss           0x0206e4a8        0x0 main.o
 .bss           0x0206e4a8        0x0 gdbStubAsm.o
 .bss           0x0206e4a8        0x0 port_asm.o
 .bss           0x0206e4a8        0x0 /home/yukult400/ndsdev/devkitPro/libnds/lib/libnds9.a(background.o)
 .bss           0x0206e4a8        0x0 /home/yukult400/ndsdev/devkitPro/libnds/lib/libnds9.a(console.o)
 .bss           0x0206e4a8        0x0 /home/yukult400/ndsdev/devkitPro/libnds/lib/libnds9.a(decompress.o)
 .bss           0x0206e4a8        0x0 /home/yukult400/ndsdev/devkitPro/libnds/lib/libnds9.a(exceptions.o)
 .bss           0x0206e4a8        0x6 /home/yukult400/ndsdev/devkitPro/libnds/lib/libnds9.a(keys.o)
 .bss           0x0206e4ae        0x0 /home/yukult400/ndsdev/devkitPro/libnds/lib/libnds9.a(sassert.o)
 .bss           0x0206e4ae        0x0 /home/yukult400/ndsdev/devkitPro/libnds/lib/libnds9.a(sprite.o)
 .bss           0x0206e4ae        0x0 /home/yukult400/ndsdev/devkitPro/libnds/lib/libnds9.a(sprite_alloc.o)
 .bss           0x0206e4ae        0x0 /home/yukult400/ndsdev/devkitPro/libnds/lib/libnds9.a(touch.o)
 .bss           0x0206e4ae        0x0 /home/yukult400/ndsdev/devkitPro/libnds/lib/libnds9.a(trig.o)
 *fill*         0x0206e4ae        0x2 00
 .bss           0x0206e4b0        0x8 /home/yukult400/ndsdev/devkitPro/libnds/lib/libnds9.a(videoGL.o)
 .bss           0x0206e4b8        0x0 /home/yukult400/ndsdev/devkitPro/libnds/lib/libnds9.a(initSystem.o)
 .bss           0x0206e4b8        0x8 /home/yukult400/ndsdev/devkitPro/libnds/lib/libnds9.a(fifosystem.o)
                0x0206e4bc                processing
 .bss           0x0206e4c0        0x0 /home/yukult400/ndsdev/devkitPro/libnds/lib/libnds9.a(interrupts.o)
 .bss           0x0206e4c0        0x0 /home/yukult400/ndsdev/devkitPro/libnds/lib/libnds9.a(libnds_exit.o)
 .bss           0x0206e4c0        0x0 /home/yukult400/ndsdev/devkitPro/libnds/lib/libnds9.a(syscalls.o)
 .bss           0x0206e4c0        0x0 /home/yukult400/ndsdev/devkitPro/libnds/lib/libnds9.a(dcache.o)
 .bss           0x0206e4c0        0x0 /home/yukult400/ndsdev/devkitPro/libnds/lib/libnds9.a(exceptionHandler.o)
 .bss           0x0206e4c0        0x0 /home/yukult400/ndsdev/devkitPro/libnds/lib/libnds9.a(mpu_setup.o)
 .bss           0x0206e4c0        0x0 /home/yukult400/ndsdev/devkitPro/libnds/lib/libnds9.a(biosCalls.o)
 .bss           0x0206e4c0        0x0 /home/yukult400/ndsdev/devkitPro/libnds/lib/libnds9.a(debugprint.o)
 .bss           0x0206e4c0        0x0 /home/yukult400/ndsdev/devkitPro/libnds/lib/libnds9.a(interruptDispatcher.o)
 .bss           0x0206e4c0        0x0 /home/yukult400/ndsdev/devkitPro/libnds/lib/libnds9.a(swiSoftReset.o)
 .bss           0x0206e4c0        0x0 /home/yukult400/ndsdev/devkitPro/libnds/lib/libnds9.a(default_font.bin.o)
 .bss           0x0206e4c0        0x0 /home/yukult400/ndsdev/devkitPro/libnds/lib/libnds9.a(dynamicArray.o)
 .bss           0x0206e4c0        0x0 /home/yukult400/ndsdev/devkitPro/libnds/lib/libnds9.a(system.o)
 .bss           0x0206e4c0        0x0 /home/yukult400/ndsdev/devkitPro/libnds/lib/libnds9.a(video.o)
 .bss           0x0206e4c0       0x18 /home/yukult400/ndsdev/devkitPro/libnds/lib/libmm9.a(mm_comms.o)
 .bss           0x0206e4d8       0x1c /home/yukult400/ndsdev/devkitPro/libnds/lib/libmm9.a(mm_main9.o)
                0x0206e4d8                mmcbMemory
                0x0206e4dc                mmModuleCount
                0x0206e4e0                mmSampleCount
                0x0206e4e4                mmModuleBank
                0x0206e4e4                mmMemoryBank
                0x0206e4e8                mmSampleBank
                0x0206e4ec                mmCallback
                0x0206e4f0                mmActiveStatus
 .bss           0x0206e4f4        0x0 /home/yukult400/ndsdev/devkitPro/libnds/lib/libmm9.a(mm_memory.o)
 .bss           0x0206e4f4       0x44 /home/yukult400/ndsdev/devkitPro/libnds/lib/libmm9.a(mm_soundbank.o)
 .bss           0x0206e538        0x0 /home/yukult400/ndsdev/devkitPro/libnds/lib/libmm9.a(mm_flusher.o)
 .bss           0x0206e538        0x0 /home/yukult400/ndsdev/devkitPro/devkitARM/bin/../lib/gcc/arm-eabi/4.6.2/thumb/libgcc.a(_udivsi3.o)
 .bss           0x0206e538        0x0 /home/yukult400/ndsdev/devkitPro/devkitARM/bin/../lib/gcc/arm-eabi/4.6.2/thumb/libgcc.a(_divsi3.o)
 .bss           0x0206e538        0x0 /home/yukult400/ndsdev/devkitPro/devkitARM/bin/../lib/gcc/arm-eabi/4.6.2/thumb/libgcc.a(_dvmd_tls.o)
 .bss           0x0206e538        0x0 /home/yukult400/ndsdev/devkitPro/devkitARM/bin/../lib/gcc/arm-eabi/4.6.2/thumb/libgcc.a(_muldi3.o)
 .bss           0x0206e538        0x0 /home/yukult400/ndsdev/devkitPro/devkitARM/bin/../lib/gcc/arm-eabi/4.6.2/../../../../arm-eabi/lib/thumb/libg.a(lib_a-bsearch.o)
 .bss           0x0206e538        0x0 /home/yukult400/ndsdev/devkitPro/devkitARM/bin/../lib/gcc/arm-eabi/4.6.2/../../../../arm-eabi/lib/thumb/libg.a(lib_a-fclose.o)
 .bss           0x0206e538        0x0 /home/yukult400/ndsdev/devkitPro/devkitARM/bin/../lib/gcc/arm-eabi/4.6.2/../../../../arm-eabi/lib/thumb/libg.a(lib_a-fflush.o)
 .bss           0x0206e538        0x0 /home/yukult400/ndsdev/devkitPro/devkitARM/bin/../lib/gcc/arm-eabi/4.6.2/../../../../arm-eabi/lib/thumb/libg.a(lib_a-findfp.o)
 .bss           0x0206e538        0x0 /home/yukult400/ndsdev/devkitPro/devkitARM/bin/../lib/gcc/arm-eabi/4.6.2/../../../../arm-eabi/lib/thumb/libg.a(lib_a-fopen.o)
 .bss           0x0206e538        0x0 /home/yukult400/ndsdev/devkitPro/devkitARM/bin/../lib/gcc/arm-eabi/4.6.2/../../../../arm-eabi/lib/thumb/libg.a(lib_a-fread.o)
 .bss           0x0206e538        0x0 /home/yukult400/ndsdev/devkitPro/devkitARM/bin/../lib/gcc/arm-eabi/4.6.2/../../../../arm-eabi/lib/thumb/libg.a(lib_a-freer.o)