Archive member included because of file (symbol)

/home/yukult400/ndsdev/devkitPro/libnds/lib/libnds9.a(background.o)
                              ControlTask.o (bgState)
/home/yukult400/ndsdev/devkitPro/libnds/lib/libnds9.a(console.o)
                              sevencore_io.o (consoleSelect)
/home/yukult400/ndsdev/devkitPro/libnds/lib/libnds9.a(decompress.o)
                              ControlTask.o (decompress)
/home/yukult400/ndsdev/devkitPro/libnds/lib/libnds9.a(exceptions.o)
                              gdbStub.o (setExceptionHandler)
/home/yukult400/ndsdev/devkitPro/libnds/lib/libnds9.a(keys.o)
                              gdbStub.o (scanKeys)
/home/yukult400/ndsdev/devkitPro/libnds/lib/libnds9.a(sassert.o)
                              sevencore_io.o (__sassert)
/home/yukult400/ndsdev/devkitPro/libnds/lib/libnds9.a(sprite.o)
                              ControlTask.o (oamInit)
/home/yukult400/ndsdev/devkitPro/libnds/lib/libnds9.a(sprite_alloc.o)
                              /home/yukult400/ndsdev/devkitPro/libnds/lib/libnds9.a(sprite.o) (oamAllocReset)
/home/yukult400/ndsdev/devkitPro/libnds/lib/libnds9.a(touch.o)
                              sevencore_io.o (touchRead)
/home/yukult400/ndsdev/devkitPro/libnds/lib/libnds9.a(trig.o)
                              /home/yukult400/ndsdev/devkitPro/libnds/lib/libnds9.a(background.o) (sinLerp)
/home/yukult400/ndsdev/devkitPro/libnds/lib/libnds9.a(videoGL.o)
                              card_spi.o (glGlobalData)
/home/yukult400/ndsdev/devkitPro/libnds/lib/libnds9.a(initSystem.o)
                              /home/yukult400/ndsdev/devkitPro/devkitARM/bin/../lib/gcc/arm-eabi/4.6.2/../../../../arm-eabi/lib/thumb/ds_arm9_crt0.o (initSystem)
/home/yukult400/ndsdev/devkitPro/libnds/lib/libnds9.a(fifosystem.o)
                              /home/yukult400/ndsdev/devkitPro/libnds/lib/libnds9.a(initSystem.o) (fifoSendValue32)
/home/yukult400/ndsdev/devkitPro/libnds/lib/libnds9.a(interrupts.o)
                              card_spi.o (irqSet)
/home/yukult400/ndsdev/devkitPro/libnds/lib/libnds9.a(libnds_exit.o)
                              /home/yukult400/ndsdev/devkitPro/devkitARM/bin/../lib/gcc/arm-eabi/4.6.2/../../../../arm-eabi/lib/thumb/ds_arm9_crt0.o (__libnds_exit)
/home/yukult400/ndsdev/devkitPro/libnds/lib/libnds9.a(syscalls.o)
                              /home/yukult400/ndsdev/devkitPro/libnds/lib/libnds9.a(decompress.o) (swiDecompressLZSSVram)
/home/yukult400/ndsdev/devkitPro/libnds/lib/libnds9.a(dcache.o)
                              /home/yukult400/ndsdev/devkitPro/libnds/lib/libnds9.a(sprite.o) (DC_FlushRange)
/home/yukult400/ndsdev/devkitPro/libnds/lib/libnds9.a(exceptionHandler.o)
                              gdbStub.o (getCPSR)
/home/yukult400/ndsdev/devkitPro/libnds/lib/libnds9.a(mpu_setup.o)
                              /home/yukult400/ndsdev/devkitPro/devkitARM/bin/../lib/gcc/arm-eabi/4.6.2/../../../../arm-eabi/lib/thumb/ds_arm9_crt0.o (__libnds_mpu_setup)
/home/yukult400/ndsdev/devkitPro/libnds/lib/libnds9.a(biosCalls.o)
                              card_spi.o (swiDelay)
/home/yukult400/ndsdev/devkitPro/libnds/lib/libnds9.a(debugprint.o)
                              /home/yukult400/ndsdev/devkitPro/libnds/lib/libnds9.a(console.o) (nocashWrite)
/home/yukult400/ndsdev/devkitPro/libnds/lib/libnds9.a(interruptDispatcher.o)
                              /home/yukult400/ndsdev/devkitPro/libnds/lib/libnds9.a(interrupts.o) (IntrMain)
/home/yukult400/ndsdev/devkitPro/libnds/lib/libnds9.a(swiSoftReset.o)
                              /home/yukult400/ndsdev/devkitPro/libnds/lib/libnds9.a(fifosystem.o) (swiSoftReset)
/home/yukult400/ndsdev/devkitPro/libnds/lib/libnds9.a(default_font.bin.o)
                              /home/yukult400/ndsdev/devkitPro/libnds/lib/libnds9.a(console.o) (default_font_bin)
/home/yukult400/ndsdev/devkitPro/libnds/lib/libnds9.a(dynamicArray.o)
                              /home/yukult400/ndsdev/devkitPro/libnds/lib/libnds9.a(videoGL.o) (DynamicArrayInit)
/home/yukult400/ndsdev/devkitPro/libnds/lib/libnds9.a(system.o)
                              /home/yukult400/ndsdev/devkitPro/libnds/lib/libnds9.a(initSystem.o) (systemMsgHandler)
/home/yukult400/ndsdev/devkitPro/libnds/lib/libnds9.a(video.o)
                              /home/yukult400/ndsdev/devkitPro/libnds/lib/libnds9.a(videoGL.o) (vramSetPrimaryBanks)
/home/yukult400/ndsdev/devkitPro/libnds/lib/libmm9.a(mm_comms.o)
                              ControlTask.o (mmStart)
/home/yukult400/ndsdev/devkitPro/libnds/lib/libmm9.a(mm_main9.o)
                              /home/yukult400/ndsdev/devkitPro/libnds/lib/libmm9.a(mm_comms.o) (mmCallback)
/home/yukult400/ndsdev/devkitPro/libnds/lib/libmm9.a(mm_memory.o)
                              ControlTask.o (mmLoad)
/home/yukult400/ndsdev/devkitPro/libnds/lib/libmm9.a(mm_soundbank.o)
                              /home/yukult400/ndsdev/devkitPro/libnds/lib/libmm9.a(mm_main9.o) (mmSoundBankInMemory)
[...]
Memory Configuration

Name             Origin             Length             Attributes
rom              0x08000000         0x02000000
ewram            0x02000000         0x003ff000
dtcm             0x0b000000         0x00004000
vectors          0x01000000         0x00000100
itcm             0x01000100         0x00007f00
*default*        0x00000000         0xffffffff

Linker script and memory map

                0x01000000                __vectors_start = ORIGIN (vectors)
                0x01000100                __itcm_start = ORIGIN (itcm)
                0x023ff000                __ewram_end = (ORIGIN (ewram) + 0x3ff000)
                0x023ff000                __eheap_end = (ORIGIN (ewram) + 0x3ff000)
                0x0b000000                __dtcm_start = ORIGIN (dtcm)
                0x0b004000                __dtcm_top = (ORIGIN (dtcm) + 0x4000)
                0x0b003ff8                __irq_flags = (__dtcm_top - 0x8)
                0x0b003ffc                __irq_vector = (__dtcm_top - 0x4)
                0x0b003f00                __sp_svc = (__dtcm_top - 0x100)
                0x0b003e00                __sp_irq = (__sp_svc - 0x100)
                0x0b003d00                __sp_usr = (__sp_irq - 0x100)

.init           0x02000000      0x23c
                0x02000000                __text_start = .
 *(.init)
 .init          0x02000000      0x230 /home/yukult400/ndsdev/devkitPro/devkitARM/bin/../lib/gcc/arm-eabi/4.6.2/../../../../arm-eabi/lib/thumb/ds_arm9_crt0.o
                0x02000000                _start
 .init          0x02000230        0x4 /home/yukult400/ndsdev/devkitPro/devkitARM/bin/../lib/gcc/arm-eabi/4.6.2/thumb/crti.o
                0x02000230                _init
 .init          0x02000234        0x8 /home/yukult400/ndsdev/devkitPro/devkitARM/bin/../lib/gcc/arm-eabi/4.6.2/thumb/crtn.o
                0x0200023c                . = ALIGN (0x4)

.plt
 *(.plt)

.text           0x02000240    0x15a58
 *(EXCLUDE_FILE(*.itcm*) .text)
 .text          0x02000240        0x0 /home/yukult400/ndsdev/devkitPro/devkitARM/bin/../lib/gcc/arm-eabi/4.6.2/../../../../arm-eabi/lib/thumb/ds_arm9_crt0.o
 .text          0x02000240        0x0 /home/yukult400/ndsdev/devkitPro/devkitARM/bin/../lib/gcc/arm-eabi/4.6.2/thumb/crti.o
 .text          0x02000240       0x6c /home/yukult400/ndsdev/devkitPro/devkitARM/bin/../lib/gcc/arm-eabi/4.6.2/thumb/crtbegin.o
 .text          0x020002ac        0x0 soundbank_bin.o
 .text          0x020002ac        0x0 coin.o
 .text          0x020002ac        0x0 drunkenlogo.o
 .text          0x020002ac        0x0 piano_image.o
 .text          0x020002ac        0x0 woman.o
 .text          0x020002ac      0x43c croutine.o
                0x020002ac                xCoRoutineCreate
                0x02000378                vCoRoutineAddToDelayedList
                0x02000578                vCoRoutineSchedule
                0x0200068c                xCoRoutineRemoveFromEventList
 .text          0x020006e8      0x140 list.o
                0x020006e8                vListInitialise
                0x0200071c                vListInitialiseItem
                0x0200072c                vListInsertEnd
                0x02000774                vListInsert
                0x020007e0                vListRemove
 .text          0x02000828      0x6e0 queue.o
                0x02000828                xQueueCreate
                0x020008dc                xQueueCreateMutex
                0x02000954                xQueueGenericSend
                0x02000a60                xQueueGenericSendFromISR
                0x02000ad0                xQueueGenericReceive
                0x02000c38                xQueueReceiveFromISR
                0x02000ca8                uxQueueMessagesWaiting
                0x02000cc4                uxQueueMessagesWaitingFromISR
                0x02000cd8                vQueueDelete
                0x02000ea8                xQueueIsQueueEmptyFromISR
                0x02000ee8                xQueueIsQueueFullFromISR
 .text          0x02000f08     0x11c8 tasks.o
                0x02000f08                xTaskGenericCreate
                0x02001074                vTaskDelete
                0x02001108                vTaskDelayUntil
                0x020011d8                vTaskDelay
                0x02001260                uxTaskPriorityGet
                0x02001290                vTaskPrioritySet
                0x02001388                vTaskSuspend
                0x0200141c                xTaskIsTaskSuspended
                0x0200145c                vTaskResume
                0x020014ec                xTaskResumeFromISR
                0x0200158c                vTaskStartScheduler
                0x020015e8                vTaskEndScheduler
                0x02001600                vTaskSuspendAll
                0x02001610                xTaskResumeAll
                0x0200170c                xTaskGetTickCount
                0x0200172c                xTaskGetTickCountFromISR
                0x02001738                uxTaskGetNumberOfTasks
                0x02001744                vTaskList
                0x0200183c                vTaskStartTrace
                0x02001880                ulTaskEndTrace
                0x020018b4                vTaskIncrementTick
                0x02001988                vTaskSwitchContext
                0x02001a94                vTaskPlaceOnEventList
                0x02001b2c                xTaskRemoveFromEventList
                0x02001bd8                vTaskSetTimeOutState
                0x02001bf8                xTaskCheckForTimeOut
                0x02001c7c                vTaskMissedYield
                0x02001fa0                xTaskGetCurrentTaskHandle
                0x02001fb4                vTaskPriorityInherit
                0x02002058                vTaskPriorityDisinherit
 .text          0x020020d0      0x4a8 card_spi.o
                0x02002120                cardLineIrqHandler
                0x02002124                initSpi
                0x02002130                cardSpiBusy
                0x02002150                cardSpiStart
                0x02002198                cardSpiStop
                0x020021b8                cardSpiInit
                0x020021e8                cardSpiSetHandler
                0x02002224                cardSpiEnable
                0x02002244                cardSpiDisable
                0x02002260                cardSpiTransfer
                0x020022a8                cardSpiWriteBuffer
                0x02002368                cardSpiTransferBuffer
                0x0200244c                poll_spi
                0x0200248c                getDebugChar
                0x02002518                putDebugChar
 .text          0x02002578     0x15d0 gdbStub.o
                0x020029dc                getRegister
                0x02002a54                putRegister
                0x02002aa8                getRegisterAsBytes
                0x02002b0c                putRegisterAsBytes
                0x020038f8                initDebug
                0x02003b20                waitInput
 .text          0x02003b48       0x44 heap_3.o
                0x02003b48                pvPortMalloc
                0x02003b6c                vPortFree
 .text          0x02003b8c      0x16c port.o
                0x02003b8c                pxPortInitialiseStack
                0x02003ca8                xPortStartScheduler
                0x02003cbc                vPortEndScheduler
 .text          0x02003cf8       0x48 portISR.o
                0x02003cf8                vPortISRStartFirstTask
                0x02003d00                vPortEnterCritical
                0x02003d18                vPortExitCritical
 .text          0x02003d40      0x980 sevencore_io.o
                0x020041c8                draw7SEGMENT
                0x020044bc                init_virtual_io
                0x02004558                init_printf
                0x020045b4                readb_virtual_io
                0x02004608                writeb_virtual_io
                0x020046bc                close_virtual_io
 .text          0x020046c0      0xa10 ControlTask.o
                0x02004b24                animateWoman
                0x02004b40                initWoman
                0x02004ba4                initCoin
                0x02004c08                Control
 .text          0x020050d0       0x54 main.o
                0x020050d0                main
                0x02005114                InitDebug
 *fill*         0x02005124        0xc ff
 .text          0x02005130       0xf0 gdbStubAsm.o
                0x02005130                BreakPoint
                0x02005138                ICInvalidateAll
                0x02005144                DCFlushAll
                0x02005170                enable_IRQs
                0x0200517c                disable_IRQs
                0x02005188                getSPSR
                0x02005190                setBankedReg
                0x020051b4                setRegs
                0x020051bc                getPC
                0x020051c4                test_func
                0x020051e8                v5T_semantics_asm
                0x020051f0                add
                0x02005200                mul
 .text          0x02005220      0x140 port_asm.o
                0x02005220                vPortDisableInterruptsFromThumb
                0x02005238                vPortEnableInterruptsFromThumb
                0x02005250                portRESTORE_CONTEXT_FIRST
                0x02005268                portRESTORE_CONTEXT
                0x020052a0                vPreemptiveTick
                0x020052fc                vPortYIELD
 .text          0x02005360      0x314 /home/yukult400/ndsdev/devkitPro/libnds/lib/libnds9.a(background.o)
                0x02005360                bgIsText
                0x0200536c                checkIfText
                0x020053cc                bgUpdate
                0x020054dc                bgInit_call
                0x020055a0                bgInitSub_call
 .text          0x02005674      0xa34 /home/yukult400/ndsdev/devkitPro/libnds/lib/libnds9.a(console.o)
                0x02005674                nocash_write
                0x02005734                consoleGetDefault
                0x02005740                consoleSelect
                0x02005750                consoleDebugInit
                0x020057a0                consolePrintChar
                0x02005954                consoleLoadFont
                0x02005bec                consoleSetFont
                0x02005c0c                consoleInit
                0x02005d70                consoleDemoInit
                0x02005db4                con_write
                0x02006074                consoleClear
                0x02006084                consoleSetWindow
 .text          0x020060a8       0x84 /home/yukult400/ndsdev/devkitPro/libnds/lib/libnds9.a(decompress.o)
                0x020060a8                getHeader
                0x020060ac                readByte
                0x020060b0                decompress
                0x020060f0                decompressStream
 .text          0x0200612c       0x28 /home/yukult400/ndsdev/devkitPro/libnds/lib/libnds9.a(exceptions.o)
                0x0200612c                setExceptionHandler
 .text          0x02006154       0xf4 /home/yukult400/ndsdev/devkitPro/libnds/lib/libnds9.a(keys.o)
                0x02006154                scanKeys
                0x020061c0                keysHeld
                0x020061cc                keysDown
                0x020061dc                keysDownRepeat
                0x020061ec                keysSetRepeat
                0x02006204                keysUp
                0x02006214                keysCurrent
 .text          0x02006248       0x24 /home/yukult400/ndsdev/devkitPro/libnds/lib/libnds9.a(sassert.o)
                0x02006248                __sassert
 .text          0x0200626c      0x3f8 /home/yukult400/ndsdev/devkitPro/libnds/lib/libnds9.a(sprite.o)
                0x0200626c                oamInit
                0x02006384                oamDisable
                0x020063b4                oamEnable
                0x020063d8                oamGetGfxPtr
                0x02006404                oamClear
                0x0200642c                oamGfxPtrToOffset
                0x02006460                oamSet
                0x020065ac                oamUpdate
                0x0200660c                oamRotateScale
 .text          0x02006664      0x460 /home/yukult400/ndsdev/devkitPro/libnds/lib/libnds9.a(sprite_alloc.o)
                0x02006694                oamAllocReset
                0x020066c8                oamAllocateGfx
                0x020068e0                oamFreeGfx
                0x02006a7c                oamCountFragments
 .text          0x02006ac4       0x4c /home/yukult400/ndsdev/devkitPro/libnds/lib/libnds9.a(touch.o)
                0x02006ac4                touchRead
                0x02006aec                touchReadXY
 .text          0x02006b10      0x248 /home/yukult400/ndsdev/devkitPro/libnds/lib/libnds9.a(trig.o)
                0x02006b10                asinComp
                0x02006b34                sinLutLookup
                0x02006b70                sinLerp
                0x02006ba8                cosLerp
                0x02006bbc                tanLutLookup
                0x02006bf4                tanLerp
                0x02006ca4                asinLerp
                0x02006d20                acosLerp
                0x02006d34                atanComp
 .text          0x02006d58     0x1594 /home/yukult400/ndsdev/devkitPro/libnds/lib/libnds9.a(videoGL.o)
                0x02006d58                glGetGlobals
                0x02006d60                glRotatef32i
                0x02007028                glMaterialf
                0x02007094                glTexCoord2f32
                0x02007108                vramBlock_init
                0x02007174                vramBlock_Construct
                0x0200719c                vramBlock_terminate
                0x020071c8                vramBlock_Deconstruct
                0x020071dc                vramBlock__allocateBlock
                0x0200733c                vramBlock__deallocateBlock
                0x0200746c                vramBlock_examineSpecial
                0x02007698                vramBlock_allocateSpecial
                0x02007704                vramBlock_allocateBlock
                0x02007738                vramBlock_deallocateBlock
                0x0200777c                vramBlock_deallocateAll
                0x0200778c                vramBlock_getAddr
                0x020077a0                vramBlock_getSize
                0x020077b4                glInit_C
                0x02007964                glResetTextures
                0x020079ec                removePaletteFromTexture
                0x02007a5c                glGenTextures
                0x02007afc                glDeleteTextures
                0x02007bd0                vramGetBank
                0x02007c90                glBindTexture
                0x02007cf0                glColorTableEXT
                0x02007e60                glColorSubTableEXT
                0x02007eb0                glGetColorTableEXT
                0x02007eec                glAssignColorTable
                0x02007f60                glTexParameter
                0x02007f98                glGetTexturePointer
                0x02007fb8                glGetTexParameter
                0x02007fd8                glGetColorTableParameterEXT
                0x02008010                glTexImage2D
 .text          0x020082ec      0x19c /home/yukult400/ndsdev/devkitPro/libnds/lib/libnds9.a(initSystem.o)
                0x020082ec                initSystem
 .text          0x02008488      0xc8c /home/yukult400/ndsdev/devkitPro/libnds/lib/libnds9.a(fifosystem.o)
                0x020086e8                fifoSendAddress
                0x02008714                fifoSendValue32
                0x02008754                fifoSendDatamsg
                0x020087c4                fifoGetAddress
                0x02008838                fifoSetAddressHandler
                0x020088ac                fifoGetValue32
                0x02008920                fifoSetValue32Handler
                0x02008994                fifoGetDatamsg
                0x02008e3c                fifoSetDatamsgHandler
                0x02008ed4                fifoCheckAddress
                0x02008ef8                fifoCheckDatamsg
                0x02008f1c                fifoCheckValue32
                0x02008f40                fifoInit
 .text          0x02009114      0x1f4 /home/yukult400/ndsdev/devkitPro/libnds/lib/libnds9.a(interrupts.o)
                0x02009114                irqDummy
                0x02009118                irqSet
                0x02009188                irqInit
                0x020091d4                irqInitHandler
                0x02009204                irqEnable
                0x02009268                irqDisable
                0x020092cc                irqClear
 .text          0x02009308       0x40 /home/yukult400/ndsdev/devkitPro/libnds/lib/libnds9.a(libnds_exit.o)
                0x02009308                systemErrorExit
                0x0200930c                __libnds_exit
 .text          0x02009348       0x1c /home/yukult400/ndsdev/devkitPro/libnds/lib/libnds9.a(syscalls.o)
                0x02009348                swiDecompressLZSSVram
 .text          0x02009364       0x70 /home/yukult400/ndsdev/devkitPro/libnds/lib/libnds9.a(dcache.o)
                0x02009364                DC_FlushAll
                0x02009390                DC_FlushRange
                0x020093ac                DC_InvalidateAll
                0x020093b8                DC_InvalidateRange
 .text          0x020093d4       0xdc /home/yukult400/ndsdev/devkitPro/libnds/lib/libnds9.a(exceptionHandler.o)
                0x020093d4                getCPSR
                0x020093dc                enterException
                0x02009450                exceptionC
                0x02009454                exceptionStack
                0x02009458                exceptionRegisters
 .text          0x020094b0      0x1b4 /home/yukult400/ndsdev/devkitPro/libnds/lib/libnds9.a(mpu_setup.o)
                0x020094b0                __libnds_mpu_setup
                0x020095f0                memCached
                0x02009608                memUncached
 *fill*         0x02009664        0xc ff
 .text          0x02009670       0x70 /home/yukult400/ndsdev/devkitPro/libnds/lib/libnds9.a(biosCalls.o)
                0x02009670                swiDelay
                0x02009674                swiIntrWait
                0x02009678                swiWaitForVBlank
                0x0200967c                swiSleep
                0x02009680                swiChangeSoundBias
                0x02009684                swiDivide
                0x02009688                swiRemainder
                0x0200968e                swiDivMod
                0x0200969a                swiCopy
                0x0200969e                swiFastCopy
                0x020096a2                swiSqrt
                0x020096a6                swiCRC16
                0x020096aa                swiIsDebugger
                0x020096ae                swiUnpackBits
                0x020096b2                swiDecompressLZSSWram
                0x020096b6                swiDecompressLZSSVramNTR
                0x020096ba                swiDecompressLZSSVramTWL
                0x020096be                swiDecompressHuffman
                0x020096c2                swiDecompressRLEWram
                0x020096c6                swiDecompressRLEVram
                0x020096ca                swiWaitForIRQ
                0x020096ce                swiDecodeDelta8
                0x020096d2                swiDecodeDelta16
                0x020096d6                swiSetHaltCR
 .text          0x020096e0       0xa4 /home/yukult400/ndsdev/devkitPro/libnds/lib/libnds9.a(debugprint.o)
                0x020096e0                nocashWrite
                0x020096e2                nocashMessage
 .text          0x02009784        0x0 /home/yukult400/ndsdev/devkitPro/libnds/lib/libnds9.a(interruptDispatcher.o)
 *fill*         0x02009784        0xc ff
 .text          0x02009790       0x30 /home/yukult400/ndsdev/devkitPro/libnds/lib/libnds9.a(swiSoftReset.o)
                0x02009790                swiSoftReset
 .text          0x020097c0        0x0 /home/yukult400/ndsdev/devkitPro/libnds/lib/libnds9.a(default_font.bin.o)
 .text          0x020097c0       0x90 /home/yukult400/ndsdev/devkitPro/libnds/lib/libnds9.a(dynamicArray.o)
                0x020097c0                DynamicArrayInit
                0x020097d8                DynamicArrayDelete
                0x020097ec                DynamicArrayGet
                0x02009804                DynamicArraySet
 .text          0x02009850       0xf0 /home/yukult400/ndsdev/devkitPro/libnds/lib/libnds9.a(system.o)
                0x02009850                systemMsgHandler
                0x02009894                systemSleep
                0x020098ac                powerValueHandler
                0x020098bc                powerOn
                0x020098e8                powerOff
                0x02009910                ledBlink
                0x02009920                getBatteryLevel
 .text          0x02009940      0x1f8 /home/yukult400/ndsdev/devkitPro/libnds/lib/libnds9.a(video.o)
                0x02009940                vramSetPrimaryBanks
                0x02009984                vramSetMainBanks
                0x020099c8                vramSetBanks_EFG
                0x02009a00                vramRestorePrimaryBanks
                0x02009a0c                vramRestoreMainBanks
                0x02009a18                vramRestoreBanks_EFG
                0x02009a24                setBrightness
                0x02009a64                vramDefault
 .text          0x02009b38      0x24c /home/yukult400/ndsdev/devkitPro/libnds/lib/libmm9.a(mm_comms.o)
                0x02009b38                mmSetupComms
                0x02009b8a                mmSendBank
                0x02009b94                mmLockChannels
                0x02009b9a                mmUnlockChannels
                0x02009ba0                mmStart
                0x02009baa                mmPause
                0x02009bae                mmResume
                0x02009bb2                mmStop
                0x02009bb6                mmPosition
                0x02009bba                mmJingle
                0x02009bbe                mmSetModuleVolume
                0x02009bc2                mmSetJingleVolume
                0x02009bc6                mmSetModuleTempo
                0x02009bca                mmSetModulePitch
                0x02009bce                mmSetEffectsVolume
                0x02009bd2                mmSelectMode
                0x02009bd6                mmStreamBegin
                0x02009bea                mmStreamEnd
                0x02009c40                mmEffect
                0x02009c64                mmEffectVolume
                0x02009c68                mmEffectPanning
                0x02009c6c                mmEffectRate
                0x02009c76                mmEffectScaleRate
                0x02009c80                mmEffectRelease
                0x02009c86                mmEffectCancel
                0x02009c8c                mmEffectEx
                0x02009cca                mmEffectCancelAll
                0x02009cce                mmReverbEnable
                0x02009cd2                mmReverbDisable
                0x02009cd6                mmReverbConfigure
                0x02009d32                mmReverbStart
                0x02009d36                mmReverbStop
 .text          0x02009d84      0x108 /home/yukult400/ndsdev/devkitPro/libnds/lib/libmm9.a(mm_main9.o)
                0x02009d84                mmActive
                0x02009d8a                mmSetEventHandler
                0x02009d90                mmInit
                0x02009dba                mmInitDefault
                0x02009e04                mmInitDefaultMem
                0x02009e26                mmSuspendIRQ_t
                0x02009e44                mmRestoreIRQ_t
 .text          0x02009e8c      0x120 /home/yukult400/ndsdev/devkitPro/libnds/lib/libmm9.a(mm_memory.o)
                0x02009e8c                mmLoad
                0x02009edc                mmUnload
                0x02009f34                mmLoadEffect
                0x02009f6c                mmUnloadEffect
 .text          0x02009fac      0x100 /home/yukult400/ndsdev/devkitPro/libnds/lib/libmm9.a(mm_soundbank.o)
                0x02009fac                mmSoundBankInMemory
                0x02009fb4                mmSoundBankInFiles
                0x02009fc6                mmSetCustomSoundBankHandler
                0x02009ff2                mmsHandleFileOp
 .text          0x0200a0ac       0x3c /home/yukult400/ndsdev/devkitPro/libnds/lib/libmm9.a(mm_flusher.o)
                0x0200a0ac                mmFlushBank
 .text          0x0200a0e8      0x11c /home/yukult400/ndsdev/devkitPro/devkitARM/bin/../lib/gcc/arm-eabi/4.6.2/thumb/libgcc.a(_udivsi3.o)
                0x0200a0e8                __udivsi3
                0x0200a0e8                __aeabi_uidiv
                0x0200a1e4                __aeabi_uidivmod
 .text          0x0200a204      0x150 /home/yukult400/ndsdev/devkitPro/devkitARM/bin/../lib/gcc/arm-eabi/4.6.2/thumb/libgcc.a(_divsi3.o)
                0x0200a204                __aeabi_idiv
                0x0200a204                __divsi3
                0x0200a334                __aeabi_idivmod
 .text          0x0200a354        0x4 /home/yukult400/ndsdev/devkitPro/devkitARM/bin/../lib/gcc/arm-eabi/4.6.2/thumb/libgcc.a(_dvmd_tls.o)
                0x0200a354                __aeabi_ldiv0
                0x0200a354                __aeabi_idiv0
 .text          0x0200a358       0x4c /home/yukult400/ndsdev/devkitPro/devkitARM/bin/../lib/gcc/arm-eabi/4.6.2/thumb/libgcc.a(_muldi3.o)
                0x0200a358                __aeabi_lmul
                0x0200a358                __muldi3
 .text          0x0200a3a4       0x64 /home/yukult400/ndsdev/devkitPro/devkitARM/bin/../lib/gcc/arm-eabi/4.6.2/../../../../arm-eabi/lib/thumb/libg.a(lib_a-bsearch.o)
                0x0200a3a4                bsearch
 .text          0x0200a408       0xb4 /home/yukult400/ndsdev/devkitPro/devkitARM/bin/../lib/gcc/arm-eabi/4.6.2/../../../../arm-eabi/lib/thumb/libg.a(lib_a-fclose.o)
                0x0200a408                _fclose_r
                0x0200a4a0                fclose
 .text          0x0200a4bc      0x1a4 /home/yukult400/ndsdev/devkitPro/devkitARM/bin/../lib/gcc/arm-eabi/4.6.2/../../../../arm-eabi/lib/thumb/libg.a(lib_a-fflush.o)
                0x0200a4bc                __sflush_r
                0x0200a600                _fflush_r
                0x0200a630                fflush
 .text          0x0200a660      0x1ec /home/yukult400/ndsdev/devkitPro/devkitARM/bin/../lib/gcc/arm-eabi/4.6.2/../../../../arm-eabi/lib/thumb/libg.a(lib_a-findfp.o)
                0x0200a668                _cleanup_r
                0x0200a6c8                __sfmoreglue
                0x0200a6f8                _cleanup
                0x0200a70c                __sinit
                0x0200a760                __sfp
                0x0200a804                __sfp_lock_acquire
                0x0200a808                __sfp_lock_release
                0x0200a80c                __sinit_lock_acquire
                0x0200a810                __sinit_lock_release
                0x0200a814                __fp_lock_all
                0x0200a830                __fp_unlock_all
 .text          0x0200a84c       0xb0 /home/yukult400/ndsdev/devkitPro/devkitARM/bin/../lib/gcc/arm-eabi/4.6.2/../../../../arm-eabi/lib/thumb/libg.a(lib_a-fopen.o)
                0x0200a84c                _fopen_r
                0x0200a8e0                fopen
 .text          0x0200a8fc      0x190 /home/yukult400/ndsdev/devkitPro/devkitARM/bin/../lib/gcc/arm-eabi/4.6.2/../../../../arm-eabi/lib/thumb/libg.a(lib_a-fread.o)
                0x0200a8fc                _fread_r
                0x0200aa64                fread
 .text          0x0200aa8c      0x248 /home/yukult400/ndsdev/devkitPro/devkitARM/bin/../lib/gcc/arm-eabi/4.6.2/../../../../arm-eabi/lib/thumb/libg.a(lib_a-freer.o)
                0x0200aa8c                _malloc_trim_r
                0x0200ab38                _free_r
 .text          0x0200acd4      0x31c /home/yukult400/ndsdev/devkitPro/devkitARM/bin/../lib/gcc/arm-eabi/4.6.2/../../../../arm-eabi/lib/thumb/libg.a(lib_a-fseek.o)
                0x0200acd4                _fseek_r
                0x0200afcc                fseek
 .text          0x0200aff0       0xb4 /home/yukult400/ndsdev/devkitPro/devkitARM/bin/../lib/gcc/arm-eabi/4.6.2/../../../../arm-eabi/lib/thumb/libg.a(lib_a-fwalk.o)
                0x0200aff0                _fwalk
                0x0200b044                _fwalk_reent
 .text          0x0200b0a4        0x0 /home/yukult400/ndsdev/devkitPro/devkitARM/bin/../lib/gcc/arm-eabi/4.6.2/../../../../arm-eabi/lib/thumb/libg.a(lib_a-impure.o)
 .text          0x0200b0a4       0x50 /home/yukult400/ndsdev/devkitPro/devkitARM/bin/../lib/gcc/arm-eabi/4.6.2/../../../../arm-eabi/lib/thumb/libg.a(lib_a-init.o)
                0x0200b0a4                __libc_init_array
 .text          0x0200b0f4       0x40 /home/yukult400/ndsdev/devkitPro/devkitARM/bin/../lib/gcc/arm-eabi/4.6.2/../../../../arm-eabi/lib/thumb/libg.a(lib_a-iprintf.o)
                0x0200b0f4                iprintf
                0x0200b118                _iprintf_r
 .text          0x0200b134       0xe4 /home/yukult400/ndsdev/devkitPro/devkitARM/bin/../lib/gcc/arm-eabi/4.6.2/../../../../arm-eabi/lib/thumb/libg.a(lib_a-makebuf.o)
                0x0200b134                __smakebuf_r
 .text          0x0200b218       0x30 /home/yukult400/ndsdev/devkitPro/devkitARM/bin/../lib/gcc/arm-eabi/4.6.2/../../../../arm-eabi/lib/thumb/libg.a(lib_a-malloc.o)
                0x0200b218                malloc
                0x0200b230                free
 .text          0x0200b248      0x514 /home/yukult400/ndsdev/devkitPro/devkitARM/bin/../lib/gcc/arm-eabi/4.6.2/../../../../arm-eabi/lib/thumb/libg.a(lib_a-mallocr.o)
                0x0200b248                _malloc_r
 .text          0x0200b75c       0x80 /home/yukult400/ndsdev/devkitPro/devkitARM/bin/../lib/gcc/arm-eabi/4.6.2/../../../../arm-eabi/lib/thumb/libg.a(lib_a-memcpy-stub.o)
                0x0200b75c                memcpy
 .text          0x0200b7dc       0x98 /home/yukult400/ndsdev/devkitPro/devkitARM/bin/../lib/gcc/arm-eabi/4.6.2/../../../../arm-eabi/lib/thumb/libg.a(lib_a-memset.o)
                0x0200b7dc                memset
 .text          0x0200b874        0x8 /home/yukult400/ndsdev/devkitPro/devkitARM/bin/../lib/gcc/arm-eabi/4.6.2/../../../../arm-eabi/lib/thumb/libg.a(lib_a-mlock.o)
                0x0200b874                __malloc_lock
                0x0200b878                __malloc_unlock
 .text          0x0200b87c       0x1c /home/yukult400/ndsdev/devkitPro/devkitARM/bin/../lib/gcc/arm-eabi/4.6.2/../../../../arm-eabi/lib/thumb/libg.a(lib_a-realloc.o)
                0x0200b87c                realloc
 .text          0x0200b898      0x3c4 /home/yukult400/ndsdev/devkitPro/devkitARM/bin/../lib/gcc/arm-eabi/4.6.2/../../../../arm-eabi/lib/thumb/libg.a(lib_a-reallocr.o)
                0x0200b898                _realloc_r
 .text          0x0200bc5c      0x150 /home/yukult400/ndsdev/devkitPro/devkitARM/bin/../lib/gcc/arm-eabi/4.6.2/../../../../arm-eabi/lib/thumb/libg.a(lib_a-refill.o)
                0x0200bc7c                __srefill_r
 .text          0x0200bdac      0x118 /home/yukult400/ndsdev/devkitPro/devkitARM/bin/../lib/gcc/arm-eabi/4.6.2/../../../../arm-eabi/lib/thumb/libg.a(lib_a-setvbuf.o)
                0x0200bdac                setvbuf
 .text          0x0200bec4       0xa0 /home/yukult400/ndsdev/devkitPro/devkitARM/bin/../lib/gcc/arm-eabi/4.6.2/../../../../arm-eabi/lib/thumb/libg.a(lib_a-siscanf.o)
                0x0200bec4                siscanf
                0x0200bf14                _siscanf_r
 .text          0x0200bf64       0x84 /home/yukult400/ndsdev/devkitPro/devkitARM/bin/../lib/gcc/arm-eabi/4.6.2/../../../../arm-eabi/lib/thumb/libg.a(lib_a-sprintf.o)
                0x0200bf64                _sprintf_r
                0x0200bfa4                sprintf
 .text          0x0200bfe8       0xac /home/yukult400/ndsdev/devkitPro/devkitARM/bin/../lib/gcc/arm-eabi/4.6.2/../../../../arm-eabi/lib/thumb/libg.a(lib_a-stdio.o)
                0x0200bfe8                __sread
                0x0200c014                __seofread
                0x0200c018                __swrite
                0x0200c054                __sseek
                0x0200c084                __sclose
 .text          0x0200c094       0x58 /home/yukult400/ndsdev/devkitPro/devkitARM/bin/../lib/gcc/arm-eabi/4.6.2/../../../../arm-eabi/lib/thumb/libg.a(lib_a-strcat.o)
                0x0200c094                strcat
 .text          0x0200c0ec       0x10 /home/yukult400/ndsdev/devkitPro/devkitARM/bin/../lib/gcc/arm-eabi/4.6.2/../../../../arm-eabi/lib/thumb/libg.a(lib_a-strcpy.o)
                0x0200c0ec                strcpy
 .text          0x0200c0fc       0x10 /home/yukult400/ndsdev/devkitPro/devkitARM/bin/../lib/gcc/arm-eabi/4.6.2/../../../../arm-eabi/lib/thumb/libg.a(lib_a-strlen.o)
                0x0200c0fc                strlen
 .text          0x0200c10c       0x78 /home/yukult400/ndsdev/devkitPro/devkitARM/bin/../lib/gcc/arm-eabi/4.6.2/../../../../arm-eabi/lib/thumb/libg.a(lib_a-strncpy.o)
                0x0200c10c                strncpy
 .text          0x0200c184      0xa90 /home/yukult400/ndsdev/devkitPro/devkitARM/bin/../lib/gcc/arm-eabi/4.6.2/../../../../arm-eabi/lib/thumb/libg.a(lib_a-svfiscanf.o)
                0x0200c184                _sungetc_r
                0x0200c20c                __ssrefill_r
                0x0200c250                _sfread_r
                0x0200c2dc                __ssvfiscanf_r
 *fill*         0x0200cc14        0x4 ff
 .text          0x0200cc18     0x1678 /home/yukult400/ndsdev/devkitPro/devkitARM/bin/../lib/gcc/arm-eabi/4.6.2/../../../../arm-eabi/lib/thumb/libg.a(lib_a-svfprintf.o)
                0x0200cc18                _svfprintf_r
 .text          0x0200e290      0x180 /home/yukult400/ndsdev/devkitPro/devkitARM/bin/../lib/gcc/arm-eabi/4.6.2/../../../../arm-eabi/lib/thumb/libg.a(lib_a-ungetc.o)
                0x0200e290                __submore
                0x0200e318                _ungetc_r
                0x0200e3f4                ungetc
 .text          0x0200e410      0xea8 /home/yukult400/ndsdev/devkitPro/devkitARM/bin/../lib/gcc/arm-eabi/4.6.2/../../../../arm-eabi/lib/thumb/libg.a(lib_a-vfiprintf.o)
                0x0200e410                __sprint_r
                0x0200e494                _vfiprintf_r
                0x0200f294                vfiprintf
 .text          0x0200f2b8       0xdc /home/yukult400/ndsdev/devkitPro/devkitARM/bin/../lib/gcc/arm-eabi/4.6.2/../../../../arm-eabi/lib/thumb/libg.a(lib_a-wcrtomb.o)
                0x0200f2b8                _wcrtomb_r
                0x0200f31c                wcrtomb
 .text          0x0200f394       0x40 /home/yukult400/ndsdev/devkitPro/devkitARM/bin/../lib/gcc/arm-eabi/4.6.2/../../../../arm-eabi/lib/thumb/libg.a(lib_a-wcsrtombs.o)
                0x0200f394                _wcsrtombs_r
                0x0200f3ac                wcsrtombs
 .text          0x0200f3d4      0x27c /home/yukult400/ndsdev/devkitPro/devkitARM/bin/../lib/gcc/arm-eabi/4.6.2/../../../../arm-eabi/lib/thumb/libg.a(lib_a-wctomb_r.o)
                0x0200f3d4                __utf8_wctomb
                0x0200f494                _wctomb_r
                0x0200f4cc                __ascii_wctomb
                0x0200f4ec                __sjis_wctomb
                0x0200f558                __eucjp_wctomb
                0x0200f5d4                __jis_wctomb
 .text          0x0200f650       0xd0 /home/yukult400/ndsdev/devkitPro/devkitARM/bin/../lib/gcc/arm-eabi/4.6.2/../../../../arm-eabi/lib/thumb/libg.a(lib_a-wsetup.o)
                0x0200f650                __swsetup_r
 .text          0x0200f720       0x10 /home/yukult400/ndsdev/devkitPro/devkitARM/bin/../lib/gcc/arm-eabi/4.6.2/../../../../arm-eabi/lib/thumb/libg.a(lib_a-ctype_.o)
                0x0200f720                __set_ctype
 .text          0x0200f730     0x1010 /home/yukult400/ndsdev/devkitPro/devkitARM/bin/../lib/gcc/arm-eabi/4.6.2/../../../../arm-eabi/lib/thumb/libg.a(lib_a-dtoa.o)
                0x0200f88c                _dtoa_r
 .text          0x02010740       0x70 /home/yukult400/ndsdev/devkitPro/devkitARM/bin/../lib/gcc/arm-eabi/4.6.2/../../../../arm-eabi/lib/thumb/libg.a(lib_a-flags.o)
                0x02010740                __sflags
 .text          0x020107b0      0x108 /home/yukult400/ndsdev/devkitPro/devkitARM/bin/../lib/gcc/arm-eabi/4.6.2/../../../../arm-eabi/lib/thumb/libg.a(lib_a-fputwc.o)
                0x020107b0                _fputwc_r
                0x0201088c                fputwc
 .text          0x020108b8      0x308 /home/yukult400/ndsdev/devkitPro/devkitARM/bin/../lib/gcc/arm-eabi/4.6.2/../../../../arm-eabi/lib/thumb/libg.a(lib_a-fvwrite.o)
                0x020108b8                __sfvwrite_r
 .text          0x02010bc0       0x84 /home/yukult400/ndsdev/devkitPro/devkitARM/bin/../lib/gcc/arm-eabi/4.6.2/../../../../arm-eabi/lib/thumb/libg.a(lib_a-iswspace.o)
                0x02010bc0                iswspace
 .text          0x02010c44      0x1f4 /home/yukult400/ndsdev/devkitPro/devkitARM/bin/../lib/gcc/arm-eabi/4.6.2/../../../../arm-eabi/lib/thumb/libg.a(lib_a-jp2uc.o)
                0x02010dd4                _jp2uc
 .text          0x02010e38      0x93c /home/yukult400/ndsdev/devkitPro/devkitARM/bin/../lib/gcc/arm-eabi/4.6.2/../../../../arm-eabi/lib/thumb/libg.a(lib_a-locale.o)
                0x020114f8                _setlocale_r
                0x02011714                __locale_charset
                0x0201171c                __locale_mb_cur_max
                0x02011728                __locale_msgcharset
                0x02011734                __locale_cjk_lang
                0x02011740                _localeconv_r
                0x0201174c                setlocale
                0x02011768                localeconv
 .text          0x02011774       0xfc /home/yukult400/ndsdev/devkitPro/devkitARM/bin/../lib/gcc/arm-eabi/4.6.2/../../../../arm-eabi/lib/thumb/libg.a(lib_a-mbrtowc.o)
                0x02011774                _mbrtowc_r
                0x020117e8                mbrtowc
 .text          0x02011870      0x5f8 /home/yukult400/ndsdev/devkitPro/devkitARM/bin/../lib/gcc/arm-eabi/4.6.2/../../../../arm-eabi/lib/thumb/libg.a(lib_a-mbtowc_r.o)
                0x02011870                __utf8_mbtowc
                0x02011b38                _mbtowc_r
                0x02011b74                __ascii_mbtowc
                0x02011ba0                __sjis_mbtowc
                0x02011c5c                __eucjp_mbtowc
                0x02011d3c                __jis_mbtowc
 .text          0x02011e68       0x94 /home/yukult400/ndsdev/devkitPro/devkitARM/bin/../lib/gcc/arm-eabi/4.6.2/../../../../arm-eabi/lib/thumb/libg.a(lib_a-memchr-stub.o)
                0x02011e68                memchr
 .text          0x02011efc       0xa8 /home/yukult400/ndsdev/devkitPro/devkitARM/bin/../lib/gcc/arm-eabi/4.6.2/../../../../arm-eabi/lib/thumb/libg.a(lib_a-memmove.o)
                0x02011efc                memmove
 *fill*         0x02011fa4        0x4 ff
 .text          0x02011fa8      0x988 /home/yukult400/ndsdev/devkitPro/devkitARM/bin/../lib/gcc/arm-eabi/4.6.2/../../../../arm-eabi/lib/thumb/libg.a(lib_a-mprec.o)
                0x02011fa8                _Balloc
                0x02011ffc                _Bfree
                0x02012014                __multadd
                0x020120a8                __s2b
                0x0201213c                __hi0bits
                0x02012174                __lo0bits
                0x020121d4                __i2b
                0x020121ec                __multiply
                0x0201235c                __pow5mult
                0x0201240c                __lshift
                0x020124dc                __mcmp
                0x02012518                __mdiff
                0x02012604                __ulp
                0x0201264c                __b2d
                0x02012708                __d2b
                0x020127d8                __ratio
                0x02012844                _mprec_log10
                0x02012884                __copybits
                0x020128cc                __any_on
 .text          0x02012930       0x7c /home/yukult400/ndsdev/devkitPro/devkitARM/bin/../lib/gcc/arm-eabi/4.6.2/../../../../arm-eabi/lib/thumb/libg.a(lib_a-sccl.o)
                0x02012930                __sccl
 .text          0x020129ac       0x90 /home/yukult400/ndsdev/devkitPro/devkitARM/bin/../lib/gcc/arm-eabi/4.6.2/../../../../arm-eabi/lib/thumb/libg.a(lib_a-s_fpclassify.o)
                0x020129ac                __fpclassifyd
 .text          0x02012a3c       0x50 /home/yukult400/ndsdev/devkitPro/devkitARM/bin/../lib/gcc/arm-eabi/4.6.2/../../../../arm-eabi/lib/thumb/libg.a(lib_a-strcasecmp.o)
                0x02012a3c                strcasecmp
 .text          0x02012a8c       0xe4 /home/yukult400/ndsdev/devkitPro/devkitARM/bin/../lib/gcc/arm-eabi/4.6.2/../../../../arm-eabi/lib/thumb/libg.a(lib_a-strchr.o)
                0x02012a8c                strchr
 .text          0x02012b70       0x14 /home/yukult400/ndsdev/devkitPro/devkitARM/bin/../lib/gcc/arm-eabi/4.6.2/../../../../arm-eabi/lib/thumb/libg.a(lib_a-strcmp.o)
                0x02012b70                strcmp
 .text          0x02012b84       0x4c /home/yukult400/ndsdev/devkitPro/devkitARM/bin/../lib/gcc/arm-eabi/4.6.2/../../../../arm-eabi/lib/thumb/libg.a(lib_a-strlcpy.o)
                0x02012b84                strlcpy
 .text          0x02012bd0       0x60 /home/yukult400/ndsdev/devkitPro/devkitARM/bin/../lib/gcc/arm-eabi/4.6.2/../../../../arm-eabi/lib/thumb/libg.a(lib_a-strncasecmp.o)
                0x02012bd0                strncasecmp
 .text          0x02012c30       0xc0 /home/yukult400/ndsdev/devkitPro/devkitARM/bin/../lib/gcc/arm-eabi/4.6.2/../../../../arm-eabi/lib/thumb/libg.a(lib_a-strncmp.o)
                0x02012c30                strncmp
 .text          0x02012cf0      0x210 /home/yukult400/ndsdev/devkitPro/devkitARM/bin/../lib/gcc/arm-eabi/4.6.2/../../../../arm-eabi/lib/thumb/libg.a(lib_a-strtoll_r.o)
                0x02012cf0                _strtoll_r
 .text          0x02012f00      0x184 /home/yukult400/ndsdev/devkitPro/devkitARM/bin/../lib/gcc/arm-eabi/4.6.2/../../../../arm-eabi/lib/thumb/libg.a(lib_a-strtol.o)
                0x02012f00                _strtol_r
                0x02013064                strtol
 *fill*         0x02013084        0x4 ff
 .text          0x02013088      0x220 /home/yukult400/ndsdev/devkitPro/devkitARM/bin/../lib/gcc/arm-eabi/4.6.2/../../../../arm-eabi/lib/thumb/libg.a(lib_a-strtoull_r.o)
                0x02013088                _strtoull_r
 .text          0x020132a8      0x198 /home/yukult400/ndsdev/devkitPro/devkitARM/bin/../lib/gcc/arm-eabi/4.6.2/../../../../arm-eabi/lib/thumb/libg.a(lib_a-strtoul.o)
                0x020132a8                _strtoul_r
                0x02013420                strtoul
 .text          0x02013440      0xd9c /home/yukult400/ndsdev/devkitPro/devkitARM/bin/../lib/gcc/arm-eabi/4.6.2/../../../../arm-eabi/lib/thumb/libg.a(lib_a-svfiprintf.o)
                0x02013440                __ssprint_r
                0x02013570                _svfiprintf_r
 .text          0x020141dc       0xd4 /home/yukult400/ndsdev/devkitPro/devkitARM/bin/../lib/gcc/arm-eabi/4.6.2/../../../../arm-eabi/lib/thumb/libg.a(lib_a-wbuf.o)
                0x020141dc                __swbuf_r
                0x02014294                __swbuf
 .text          0x020142b0      0x13c /home/yukult400/ndsdev/devkitPro/devkitARM/bin/../lib/gcc/arm-eabi/4.6.2/../../../../arm-eabi/lib/thumb/libg.a(lib_a-wcsnrtombs.o)
                0x020142b0                _wcsnrtombs_r
                0x020143bc                wcsnrtombs
 .text          0x020143ec       0x64 /home/yukult400/ndsdev/devkitPro/devkitARM/bin/../lib/gcc/arm-eabi/4.6.2/../../../../arm-eabi/lib/thumb/libg.a(lib_a-callocr.o)
                0x020143ec                _calloc_r
 .text          0x02014450       0xa8 /home/yukult400/ndsdev/devkitPro/devkitARM/bin/../lib/gcc/arm-eabi/4.6.2/../../../../arm-eabi/lib/thumb/libg.a(lib_a-getenv_r.o)
                0x02014450                _findenv_r
                0x020144e8                _getenv_r
 .text          0x020144f8        0x0 /home/yukult400/ndsdev/devkitPro/devkitARM/bin/../lib/gcc/arm-eabi/4.6.2/../../../../arm-eabi/lib/thumb/libg.a(lib_a-environ.o)
 .text          0x020144f8        0x8 /home/yukult400/ndsdev/devkitPro/devkitARM/bin/../lib/gcc/arm-eabi/4.6.2/../../../../arm-eabi/lib/thumb/libg.a(lib_a-envlock.o)
                0x020144f8                __env_lock
                0x020144fc                __env_unlock
 .text          0x02014500      0x144 /home/yukult400/ndsdev/devkitPro/devkitARM/bin/../lib/gcc/arm-eabi/4.6.2/../../../../arm-eabi/lib/thumb/libsysbase.a(iosupport.o)
                0x02014500                setDefaultDevice
                0x02014514                FindDevice
                0x02014584                RemoveDevice
                0x020145a8                AddDevice
                0x02014624                GetDeviceOpTab
 .text          0x02014644       0x50 /home/yukult400/ndsdev/devkitPro/devkitARM/bin/../lib/gcc/arm-eabi/4.6.2/../../../../arm-eabi/lib/thumb/libsysbase.a(close.o)
                0x02014644                _close_r
 .text          0x02014694       0x58 /home/yukult400/ndsdev/devkitPro/devkitARM/bin/../lib/gcc/arm-eabi/4.6.2/../../../../arm-eabi/lib/thumb/libsysbase.a(fstat.o)
                0x02014694                _fstat_r
 .text          0x020146ec        0x4 /home/yukult400/ndsdev/devkitPro/devkitARM/bin/../lib/gcc/arm-eabi/4.6.2/../../../../arm-eabi/lib/thumb/libsysbase.a(isatty.o)
                0x020146ec                _isatty_r
 .text          0x020146f0       0x54 /home/yukult400/ndsdev/devkitPro/devkitARM/bin/../lib/gcc/arm-eabi/4.6.2/../../../../arm-eabi/lib/thumb/libsysbase.a(lseek.o)
                0x020146f0                _lseek_r
 .text          0x02014744       0xa0 /home/yukult400/ndsdev/devkitPro/devkitARM/bin/../lib/gcc/arm-eabi/4.6.2/../../../../arm-eabi/lib/thumb/libsysbase.a(open.o)
                0x02014744                _open_r
 .text          0x020147e4       0x54 /home/yukult400/ndsdev/devkitPro/devkitARM/bin/../lib/gcc/arm-eabi/4.6.2/../../../../arm-eabi/lib/thumb/libsysbase.a(read.o)
                0x020147e4                _read_r
 .text          0x02014838       0x54 /home/yukult400/ndsdev/devkitPro/devkitARM/bin/../lib/gcc/arm-eabi/4.6.2/../../../../arm-eabi/lib/thumb/libsysbase.a(sbrk.o)
                0x02014838                _sbrk_r
 .text          0x0201488c       0x48 /home/yukult400/ndsdev/devkitPro/devkitARM/bin/../lib/gcc/arm-eabi/4.6.2/../../../../arm-eabi/lib/thumb/libsysbase.a(times.o)
                0x0201488c                _times
                0x020148a0                _times_r
                0x020148a8                _gettimeofday_r
 .text          0x020148d4       0x54 /home/yukult400/ndsdev/devkitPro/devkitARM/bin/../lib/gcc/arm-eabi/4.6.2/../../../../arm-eabi/lib/thumb/libsysbase.a(write.o)
                0x020148d4                _write_r
 .text          0x02014928        0x0 /home/yukult400/ndsdev/devkitPro/devkitARM/bin/../lib/gcc/arm-eabi/4.6.2/../../../../arm-eabi/lib/thumb/libsysbase.a(malloc_vars.o)
 .text          0x02014928       0x48 /home/yukult400/ndsdev/devkitPro/devkitARM/bin/../lib/gcc/arm-eabi/4.6.2/../../../../arm-eabi/lib/thumb/libsysbase.a(build_argv.o)
                0x02014928                build_argv
 .text          0x02014970        0x0 /home/yukult400/ndsdev/devkitPro/devkitARM/bin/../lib/gcc/arm-eabi/4.6.2/../../../../arm-eabi/lib/thumb/libsysbase.a(syscall_support.o)
 .text          0x02014970       0x80 /home/yukult400/ndsdev/devkitPro/devkitARM/bin/../lib/gcc/arm-eabi/4.6.2/../../../../arm-eabi/lib/thumb/libsysbase.a(handle_manager.o)
                0x02014970                __release_handle
                0x0201499c                __alloc_handle
                0x020149d4                __get_handle
 .text          0x020149f0      0x41c /home/yukult400/ndsdev/devkitPro/devkitARM/bin/../lib/gcc/arm-eabi/4.6.2/thumb/libgcc.a(_arm_addsubdf3.o)
                0x020149f0                __aeabi_drsub
                0x020149f8                __aeabi_dsub
                0x020149f8                __subdf3
                0x020149fc                __adddf3
                0x020149fc                __aeabi_dadd
                0x02014d0c                __aeabi_ui2d
                0x02014d0c                __floatunsidf
                0x02014d30                __floatsidf
                0x02014d30                __aeabi_i2d
                0x02014d58                __extendsfdf2
                0x02014d58                __aeabi_f2d
                0x02014d98                __aeabi_ul2d
                0x02014d98                __floatundidf
                0x02014dac                __floatdidf
                0x02014dac                __aeabi_l2d
 .text          0x02014e0c      0x49c /home/yukult400/ndsdev/devkitPro/devkitARM/bin/../lib/gcc/arm-eabi/4.6.2/thumb/libgcc.a(_arm_muldivdf3.o)
                0x02014e0c                __aeabi_dmul
                0x02014e0c                __muldf3
                0x0201509c                __aeabi_ddiv
                0x0201509c                __divdf3
 .text          0x020152a8      0x144 /home/yukult400/ndsdev/devkitPro/devkitARM/bin/../lib/gcc/arm-eabi/4.6.2/thumb/libgcc.a(_arm_cmpdf2.o)
                0x020152a8                __gtdf2
                0x020152a8                __gedf2
                0x020152b0                __ltdf2
                0x020152b0                __ledf2
                0x020152b8                __cmpdf2
                0x020152b8                __eqdf2
                0x020152b8                __nedf2
                0x02015340                __aeabi_cdrcmple
                0x0201535c                __aeabi_cdcmple
                0x0201535c                __aeabi_cdcmpeq
                0x02015374                __aeabi_dcmpeq
                0x0201538c                __aeabi_dcmplt
                0x020153a4                __aeabi_dcmple
                0x020153bc                __aeabi_dcmpge
                0x020153d4                __aeabi_dcmpgt
 .text          0x020153ec       0x5c /home/yukult400/ndsdev/devkitPro/devkitARM/bin/../lib/gcc/arm-eabi/4.6.2/thumb/libgcc.a(_arm_fixdfsi.o)
                0x020153ec                __fixdfsi
                0x020153ec                __aeabi_d2iz
 .text          0x02015448       0x3c /home/yukult400/ndsdev/devkitPro/devkitARM/bin/../lib/gcc/arm-eabi/4.6.2/thumb/libgcc.a(_aeabi_uldivmod.o)
                0x02015448                __aeabi_uldivmod
 .text          0x02015484       0x74 /home/yukult400/ndsdev/devkitPro/devkitARM/bin/../lib/gcc/arm-eabi/4.6.2/thumb/libgcc.a(bpabi.o)
                0x02015484                __gnu_ldivmod_helper
                0x020154c0                __gnu_uldivmod_helper
 .text          0x020154f8      0x3c8 /home/yukult400/ndsdev/devkitPro/devkitARM/bin/../lib/gcc/arm-eabi/4.6.2/thumb/libgcc.a(_divdi3.o)
                0x020154f8                __divdi3
 .text          0x020158c0      0x370 /home/yukult400/ndsdev/devkitPro/devkitARM/bin/../lib/gcc/arm-eabi/4.6.2/thumb/libgcc.a(_udivdi3.o)
                0x020158c0                __udivdi3
 .text          0x02015c30       0x48 /home/yukult400/ndsdev/devkitPro/devkitARM/bin/../lib/gcc/arm-eabi/4.6.2/thumb/libgcc.a(_clzsi2.o)
                0x02015c30                __clzsi2
 .text          0x02015c78        0xc /home/yukult400/ndsdev/devkitPro/devkitARM/bin/../lib/gcc/arm-eabi/4.6.2/../../../../arm-eabi/lib/thumb/libg.a(lib_a-errno.o)
                0x02015c78                __errno
 .text          0x02015c84        0x0 /home/yukult400/ndsdev/devkitPro/devkitARM/bin/../lib/gcc/arm-eabi/4.6.2/thumb/crtend.o
 .text          0x02015c84        0x0 /home/yukult400/ndsdev/devkitPro/devkitARM/bin/../lib/gcc/arm-eabi/4.6.2/thumb/crtn.o
 *fill*         0x02015c84        0x4 ff
 .text.stub     0x02015c88       0x10 linker stubs
 *(.text.*)
 *(.stub)
 *(.gnu.warning)
 *(.gnu.linkonce.t*)
 *(.glue_7)
 .glue_7        0x00000000        0x0 linker stubs
 *(.glue_7t)
 .glue_7t       0x00000000        0x0 linker stubs
                0x02015c98                . = ALIGN (0x4)

.vfp11_veneer   0x02015c98        0x0
 .vfp11_veneer  0x00000000        0x0 linker stubs

.v4_bx          0x02015c98        0x0
 .v4_bx         0x00000000        0x0 linker stubs

.fini           0x02015c98        0xc
 *(.fini)
 .fini          0x02015c98        0x4 /home/yukult400/ndsdev/devkitPro/devkitARM/bin/../lib/gcc/arm-eabi/4.6.2/thumb/crti.o
                0x02015c98                _fini
 .fini          0x02015c9c        0x8 /home/yukult400/ndsdev/devkitPro/devkitARM/bin/../lib/gcc/arm-eabi/4.6.2/thumb/crtn.o
                0x02015ca4                __text_end = .

.rodata         0x02015ca8    0x59f58
 *(.rodata)
 .rodata        0x02015ca8    0x34f98 soundbank_bin.o
                0x02015ca8                soundbank_bin
                0x0204ac3c                soundbank_bin_end
                0x0204ac3c                soundbank_bin_size
 .rodata        0x0204ac40     0x3200 coin.o
                0x0204ac40                coinTiles
                0x0204dc40                coinPal
 .rodata        0x0204de40     0xc200 drunkenlogo.o
                0x0204de40                drunkenlogoBitmap
                0x02059e40                drunkenlogoPal
 .rodata        0x0205a040     0xb814 piano_image.o
                0x0205a040                piano_imageBitmap
 .rodata        0x02065854     0x3200 woman.o
                0x02065854                womanTiles
                0x02068854                womanPal
 .rodata        0x02068a54       0x20 tasks.o
 .rodata        0x02068a74      0x1b8 gdbStub.o
 .rodata        0x02068c2c      0x358 sevencore_io.o
 .rodata        0x02068f84      0x3c4 ControlTask.o
 .rodata        0x02069348        0xc main.o
 .rodata        0x02069354      0x200 /home/yukult400/ndsdev/devkitPro/libnds/lib/libnds9.a(console.o)
 .rodata        0x02069554       0x14 /home/yukult400/ndsdev/devkitPro/libnds/lib/libnds9.a(decompress.o)
 .rodata        0x02069568      0x308 /home/yukult400/ndsdev/devkitPro/libnds/lib/libnds9.a(trig.o)
                0x02069568                SIN_LUT
                0x0206966c                TAN_LUT
 .rodata        0x02069870       0x8c /home/yukult400/ndsdev/devkitPro/libnds/lib/libnds9.a(videoGL.o)
 .rodata        0x020698fc     0x2004 /home/yukult400/ndsdev/devkitPro/libnds/lib/libnds9.a(default_font.bin.o)
                0x020698fc                default_font_bin
                0x0206b8fc                default_font_bin_end
                0x0206b8fc                default_font_bin_size
 .rodata        0x0206b900        0x4 /home/yukult400/ndsdev/devkitPro/devkitARM/bin/../lib/gcc/arm-eabi/4.6.2/../../../../arm-eabi/lib/thumb/libg.a(lib_a-impure.o)
                0x0206b900                _global_impure_ptr
 .rodata        0x0206b904      0x340 /home/yukult400/ndsdev/devkitPro/devkitARM/bin/../lib/gcc/arm-eabi/4.6.2/../../../../arm-eabi/lib/thumb/libg.a(lib_a-svfiscanf.o)
 .rodata        0x0206bc44      0x184 /home/yukult400/ndsdev/devkitPro/devkitARM/bin/../lib/gcc/arm-eabi/4.6.2/../../../../arm-eabi/lib/thumb/libg.a(lib_a-svfprintf.o)
 .rodata        0x0206bdc8      0x184 /home/yukult400/ndsdev/devkitPro/devkitARM/bin/../lib/gcc/arm-eabi/4.6.2/../../../../arm-eabi/lib/thumb/libg.a(lib_a-vfiprintf.o)
 .rodata        0x0206bf4c      0x104 /home/yukult400/ndsdev/devkitPro/devkitARM/bin/../lib/gcc/arm-eabi/4.6.2/../../../../arm-eabi/lib/thumb/libg.a(lib_a-ctype_.o)
                0x0206bf4c                _ctype_
 .rodata        0x0206c050     0x34f0 /home/yukult400/ndsdev/devkitPro/devkitARM/bin/../lib/gcc/arm-eabi/4.6.2/../../../../arm-eabi/lib/thumb/libg.a(lib_a-jp2uc.o)
 .rodata        0x0206f540       0xf0 /home/yukult400/ndsdev/devkitPro/devkitARM/bin/../lib/gcc/arm-eabi/4.6.2/../../../../arm-eabi/lib/thumb/libg.a(lib_a-locale.o)
 .rodata        0x0206f630       0xa8 /home/yukult400/ndsdev/devkitPro/devkitARM/bin/../lib/gcc/arm-eabi/4.6.2/../../../../arm-eabi/lib/thumb/libg.a(lib_a-mbtowc_r.o)
 .rodata        0x0206f6d8      0x128 /home/yukult400/ndsdev/devkitPro/devkitARM/bin/../lib/gcc/arm-eabi/4.6.2/../../../../arm-eabi/lib/thumb/libg.a(lib_a-mprec.o)
                0x0206f6e8                __mprec_tens
                0x0206f7b0                __mprec_tinytens
                0x0206f7d8                __mprec_bigtens
 .rodata        0x0206f800      0x184 /home/yukult400/ndsdev/devkitPro/devkitARM/bin/../lib/gcc/arm-eabi/4.6.2/../../../../arm-eabi/lib/thumb/libg.a(lib_a-svfiprintf.o)
 .rodata        0x0206f984       0x64 /home/yukult400/ndsdev/devkitPro/devkitARM/bin/../lib/gcc/arm-eabi/4.6.2/../../../../arm-eabi/lib/thumb/libsysbase.a(iosupport.o)
                0x0206f984                dotab_stdnull
 *all.rodata*(*)
 *(.roda)
 *(.rodata.*)
 .rodata.str1.4
                0x0206f9e8       0x49 /home/yukult400/ndsdev/devkitPro/libnds/lib/libnds9.a(console.o)
                                 0x4c (size before relaxing)
 *fill*         0x0206fa31        0x3 ff
 .rodata.str1.4
                0x0206fa34       0x44 /home/yukult400/ndsdev/devkitPro/libnds/lib/libnds9.a(sassert.o)
 .rodata.str1.4
                0x0206fa78        0x2 /home/yukult400/ndsdev/devkitPro/devkitARM/bin/../lib/gcc/arm-eabi/4.6.2/../../../../arm-eabi/lib/thumb/libg.a(lib_a-impure.o)
                                  0x4 (size before relaxing)
 *fill*         0x0206fa7a        0x2 ff
 .rodata.str1.4
                0x0206fa7c       0x42 /home/yukult400/ndsdev/devkitPro/devkitARM/bin/../lib/gcc/arm-eabi/4.6.2/../../../../arm-eabi/lib/thumb/libg.a(lib_a-svfprintf.o)
                                 0x44 (size before relaxing)
 .rodata.str1.4
                0x00000000       0x30 /home/yukult400/ndsdev/devkitPro/devkitARM/bin/../lib/gcc/arm-eabi/4.6.2/../../../../arm-eabi/lib/thumb/libg.a(lib_a-vfiprintf.o)
 *fill*         0x0206fabe        0x2 ff
 .rodata.str1.4
                0x0206fac0       0x10 /home/yukult400/ndsdev/devkitPro/devkitARM/bin/../lib/gcc/arm-eabi/4.6.2/../../../../arm-eabi/lib/thumb/libg.a(lib_a-dtoa.o)
                                 0x14 (size before relaxing)
 .rodata.str1.4
                0x0206fad0       0x12 /home/yukult400/ndsdev/devkitPro/devkitARM/bin/../lib/gcc/arm-eabi/4.6.2/../../../../arm-eabi/lib/thumb/libg.a(lib_a-jp2uc.o)
                                 0x14 (size before relaxing)
 *fill*         0x0206fae2        0x2 ff
 .rodata.str1.4
                0x0206fae4      0x112 /home/yukult400/ndsdev/devkitPro/devkitARM/bin/../lib/gcc/arm-eabi/4.6.2/../../../../arm-eabi/lib/thumb/libg.a(lib_a-locale.o)
                                0x130 (size before relaxing)
 .rodata.str1.4
                0x00000000        0x4 /home/yukult400/ndsdev/devkitPro/devkitARM/bin/../lib/gcc/arm-eabi/4.6.2/../../../../arm-eabi/lib/thumb/libg.a(lib_a-mbrtowc.o)
 .rodata.str1.4
                0x00000000       0x30 /home/yukult400/ndsdev/devkitPro/devkitARM/bin/../lib/gcc/arm-eabi/4.6.2/../../../../arm-eabi/lib/thumb/libg.a(lib_a-svfiprintf.o)
 *fill*         0x0206fbf6        0x2 ff
 .rodata.str1.4
                0x0206fbf8        0x8 /home/yukult400/ndsdev/devkitPro/devkitARM/bin/../lib/gcc/arm-eabi/4.6.2/../../../../arm-eabi/lib/thumb/libsysbase.a(iosupport.o)
 *(.gnu.linkonce.r*)
                0x0206fc00                . = ALIGN (0x4)

.ARM.extab
 *(.ARM.extab* .gnu.linkonce.armextab.*)
                0x0206fc00                __exidx_start = .

ARM.exidx
 *(.ARM.exidx* .gnu.linkonce.armexidx.*)
                0x0206fc00                __exidx_end = .
                0x0206fc00                . = ALIGN (0x4)
                0x0206fc00                PROVIDE (__preinit_array_start, .)

.preinit_array
 *(.preinit_array)
                0x0206fc00                PROVIDE (__preinit_array_end, .)
                0x0206fc00                PROVIDE (__init_array_start, .)

.init_array     0x0206fc00        0x4
 *(SORT(.init_array.*))
 *(.init_array)
 .init_array    0x0206fc00        0x4 /home/yukult400/ndsdev/devkitPro/devkitARM/bin/../lib/gcc/arm-eabi/4.6.2/thumb/crtbegin.o
                0x0206fc04                PROVIDE (__init_array_end, .)
                0x0206fc04                PROVIDE (__fini_array_start, .)

.fini_array     0x0206fc04        0x4
 *(.fini_array)
 .fini_array    0x0206fc04        0x4 /home/yukult400/ndsdev/devkitPro/devkitARM/bin/../lib/gcc/arm-eabi/4.6.2/thumb/crtbegin.o
 *(SORT(.fini_array.*))
                0x0206fc08                PROVIDE (__fini_array_end, .)

.ctors          0x0206fc08        0x0
 *crtbegin.o(.ctors)
 *(EXCLUDE_FILE(*crtend.o) .ctors)
 *(SORT(.ctors.*))
 *(.ctors)
                0x0206fc08                . = ALIGN (0x4)

.dtors          0x0206fc08        0x0
 *crtbegin.o(.dtors)
 *(EXCLUDE_FILE(*crtend.o) .dtors)
 *(SORT(.dtors.*))
 *(.dtors)
                0x0206fc08                . = ALIGN (0x4)

.eh_frame       0x0206fc08        0x4
 *(.eh_frame)
 .eh_frame      0x0206fc08        0x0 /home/yukult400/ndsdev/devkitPro/devkitARM/bin/../lib/gcc/arm-eabi/4.6.2/thumb/crtbegin.o
 .eh_frame      0x0206fc08        0x4 /home/yukult400/ndsdev/devkitPro/devkitARM/bin/../lib/gcc/arm-eabi/4.6.2/thumb/crtend.o
                0x0206fc0c                . = ALIGN (0x4)

.gcc_except_table
                0x0206fc0c        0x0
 *(.gcc_except_table)
                0x0206fc0c                . = ALIGN (0x4)

.jcr            0x0206fc0c        0x4
 *(.jcr)
 .jcr           0x0206fc0c        0x0 /home/yukult400/ndsdev/devkitPro/devkitARM/bin/../lib/gcc/arm-eabi/4.6.2/thumb/crtbegin.o
 .jcr           0x0206fc0c        0x4 /home/yukult400/ndsdev/devkitPro/devkitARM/bin/../lib/gcc/arm-eabi/4.6.2/thumb/crtend.o

.got
 *(.got.plt)
 *(.got)
 *(.rel.got)

.ewram          0x0206fc10        0x0
                0x0206fc10                __ewram_start = ABSOLUTE (.)
 *(.ewram)
 *ewram.*(.text)
                0x0206fc10                . = ALIGN (0x4)

.data           0x0206fc10      0xb98
                0x0206fc10                __data_start = ABSOLUTE (.)
 *(.data)
 .data          0x0206fc10        0x0 /home/yukult400/ndsdev/devkitPro/devkitARM/bin/../lib/gcc/arm-eabi/4.6.2/../../../../arm-eabi/lib/thumb/ds_arm9_crt0.o
 .data          0x0206fc10        0x0 /home/yukult400/ndsdev/devkitPro/devkitARM/bin/../lib/gcc/arm-eabi/4.6.2/thumb/crti.o
 .data          0x0206fc10        0x4 /home/yukult400/ndsdev/devkitPro/devkitARM/bin/../lib/gcc/arm-eabi/4.6.2/thumb/crtbegin.o
                0x0206fc10                __dso_handle
 .data          0x0206fc14        0x0 soundbank_bin.o
 .data          0x0206fc14        0x0 coin.o
 .data          0x0206fc14        0x0 drunkenlogo.o
 .data          0x0206fc14        0x0 piano_image.o
 .data          0x0206fc14        0x0 woman.o
 .data          0x0206fc14        0x0 croutine.o
 .data          0x0206fc14        0x0 list.o
 .data          0x0206fc14        0x0 queue.o
 .data          0x0206fc14        0x4 tasks.o
 .data          0x0206fc18        0x4 card_spi.o
 .data          0x0206fc1c        0x8 gdbStub.o
                0x0206fc20                pRegisters
 .data          0x0206fc24        0x0 heap_3.o
 .data          0x0206fc24        0x4 port.o
 .data          0x0206fc28        0x4 portISR.o
                0x0206fc28                ulCriticalNesting
 .data          0x0206fc2c       0x34 sevencore_io.o
 .data          0x0206fc60       0x1c ControlTask.o
                0x0206fc64                ambulance
                0x0206fc70                boom
 .data          0x0206fc7c        0x4 main.o
 .data          0x0206fc80        0x0 gdbStubAsm.o
 .data          0x0206fc80        0x0 port_asm.o
 .data          0x0206fc80       0x60 /home/yukult400/ndsdev/devkitPro/libnds/lib/libnds9.a(background.o)
                0x0206fc80                bgScrollTable
                0x0206fca0                bgTransform
                0x0206fcc0                bgControl
 .data          0x0206fce0       0x64 /home/yukult400/ndsdev/devkitPro/libnds/lib/libnds9.a(console.o)
                0x0206fce0                currentConsole
                0x0206fce4                defaultConsole
 .data          0x0206fd44        0xc /home/yukult400/ndsdev/devkitPro/libnds/lib/libnds9.a(decompress.o)
                0x0206fd44                decomStream
 .data          0x0206fd50        0x0 /home/yukult400/ndsdev/devkitPro/libnds/lib/libnds9.a(exceptions.o)
 .data          0x0206fd50        0x3 /home/yukult400/ndsdev/devkitPro/libnds/lib/libnds9.a(keys.o)
 .data          0x0206fd53        0x0 /home/yukult400/ndsdev/devkitPro/libnds/lib/libnds9.a(sassert.o)
 *fill*         0x0206fd53        0x1 ff
 .data          0x0206fd54       0x30 /home/yukult400/ndsdev/devkitPro/libnds/lib/libnds9.a(sprite.o)
                0x0206fd54                oamMain
                0x0206fd6c                oamSub
 .data          0x0206fd84        0x0 /home/yukult400/ndsdev/devkitPro/libnds/lib/libnds9.a(sprite_alloc.o)
 .data          0x0206fd84        0x0 /home/yukult400/ndsdev/devkitPro/libnds/lib/libnds9.a(touch.o)
 .data          0x0206fd84        0x0 /home/yukult400/ndsdev/devkitPro/libnds/lib/libnds9.a(trig.o)
 .data          0x0206fd84        0x4 /home/yukult400/ndsdev/devkitPro/libnds/lib/libnds9.a(videoGL.o)
 .data          0x0206fd88        0x0 /home/yukult400/ndsdev/devkitPro/libnds/lib/libnds9.a(initSystem.o)
 .data          0x0206fd88       0x10 /home/yukult400/ndsdev/devkitPro/libnds/lib/libnds9.a(fifosystem.o)
                0x0206fd88                fifo_freewords
                0x0206fd8c                fifo_buffer_free
                0x0206fd90                fifo_send_queue
                0x0206fd94                fifo_receive_queue
 .data          0x0206fd98        0x0 /home/yukult400/ndsdev/devkitPro/libnds/lib/libnds9.a(interrupts.o)
 .data          0x0206fd98        0x0 /home/yukult400/ndsdev/devkitPro/libnds/lib/libnds9.a(libnds_exit.o)
 .data          0x0206fd98        0x0 /home/yukult400/ndsdev/devkitPro/libnds/lib/libnds9.a(syscalls.o)
 .data          0x0206fd98        0x0 /home/yukult400/ndsdev/devkitPro/libnds/lib/libnds9.a(dcache.o)
 .data          0x0206fd98        0x0 /home/yukult400/ndsdev/devkitPro/libnds/lib/libnds9.a(exceptionHandler.o)
 .data          0x0206fd98        0x0 /home/yukult400/ndsdev/devkitPro/libnds/lib/libnds9.a(mpu_setup.o)
 .data          0x0206fd98        0x0 /home/yukult400/ndsdev/devkitPro/libnds/lib/libnds9.a(biosCalls.o)
 .data          0x0206fd98        0x0 /home/yukult400/ndsdev/devkitPro/libnds/lib/libnds9.a(debugprint.o)
 .data          0x0206fd98        0x0 /home/yukult400/ndsdev/devkitPro/libnds/lib/libnds9.a(interruptDispatcher.o)
 .data          0x0206fd98        0x0 /home/yukult400/ndsdev/devkitPro/libnds/lib/libnds9.a(swiSoftReset.o)
 .data          0x0206fd98        0x0 /home/yukult400/ndsdev/devkitPro/libnds/lib/libnds9.a(default_font.bin.o)
 .data          0x0206fd98        0x0 /home/yukult400/ndsdev/devkitPro/libnds/lib/libnds9.a(dynamicArray.o)
 .data          0x0206fd98        0x0 /home/yukult400/ndsdev/devkitPro/libnds/lib/libnds9.a(system.o)
 .data          0x0206fd98        0x0 /home/yukult400/ndsdev/devkitPro/libnds/lib/libnds9.a(video.o)
 .data          0x0206fd98        0x0 /home/yukult400/ndsdev/devkitPro/libnds/lib/libmm9.a(mm_comms.o)
 .data          0x0206fd98        0x0 /home/yukult400/ndsdev/devkitPro/libnds/lib/libmm9.a(mm_main9.o)
 .data          0x0206fd98        0x0 /home/yukult400/ndsdev/devkitPro/libnds/lib/libmm9.a(mm_memory.o)
 .data          0x0206fd98        0x0 /home/yukult400/ndsdev/devkitPro/libnds/lib/libmm9.a(mm_soundbank.o)
 .data          0x0206fd98        0x0 /home/yukult400/ndsdev/devkitPro/libnds/lib/libmm9.a(mm_flusher.o)
 .data          0x0206fd98        0x0 /home/yukult400/ndsdev/devkitPro/devkitARM/bin/../lib/gcc/arm-eabi/4.6.2/thumb/libgcc.a(_udivsi3.o)
 .data          0x0206fd98        0x0 /home/yukult400/ndsdev/devkitPro/devkitARM/bin/../lib/gcc/arm-eabi/4.6.2/thumb/libgcc.a(_divsi3.o)
 .data          0x0206fd98        0x0 /home/yukult400/ndsdev/devkitPro/devkitARM/bin/../lib/gcc/arm-eabi/4.6.2/thumb/libgcc.a(_dvmd_tls.o)
 .data          0x0206fd98        0x0 /home/yukult400/ndsdev/devkitPro/devkitARM/bin/../lib/gcc/arm-eabi/4.6.2/thumb/libgcc.a(_muldi3.o)
 .data          0x0206fd98        0x0 /home/yukult400/ndsdev/devkitPro/devkitARM/bin/../lib/gcc/arm-eabi/4.6.2/../../../../arm-eabi/lib/thumb/libg.a(lib_a-bsearch.o)
 .data          0x0206fd98        0x0 /home/yukult400/ndsdev/devkitPro/devkitARM/bin/../lib/gcc/arm-eabi/4.6.2/../../../../arm-eabi/lib/thumb/libg.a(lib_a-fclose.o)
 .data          0x0206fd98        0x0 /home/yukult400/ndsdev/devkitPro/devkitARM/bin/../lib/gcc/arm-eabi/4.6.2/../../../../arm-eabi/lib/thumb/libg.a(lib_a-fflush.o)
 .data          0x0206fd98        0x0 /home/yukult400/ndsdev/devkitPro/devkitARM/bin/../lib/gcc/arm-eabi/4.6.2/../../../../arm-eabi/lib/thumb/libg.a(lib_a-findfp.o)
 .data          0x0206fd98        0x0 /home/yukult400/ndsdev/devkitPro/devkitARM/bin/../lib/gcc/arm-eabi/4.6.2/../../../../arm-eabi/lib/thumb/libg.a(lib_a-fopen.o)
 .data          0x0206fd98        0x0 /home/yukult400/ndsdev/devkitPro/devkitARM/bin/../lib/gcc/arm-eabi/4.6.2/../../../../arm-eabi/lib/thumb/libg.a(lib_a-fread.o)
 .data          0x0206fd98        0x0 /home/yukult400/ndsdev/devkitPro/devkitARM/bin/../lib/gcc/arm-eabi/4.6.2/../../../../arm-eabi/lib/thumb/libg.a(lib_a-freer.o)
 .data          0x0206fd98        0x0 /home/yukult400/ndsdev/devkitPro/devkitARM/bin/../lib/gcc/arm-eabi/4.6.2/../../../../arm-eabi/lib/thumb/libg.a(lib_a-fseek.o)
 .data          0x0206fd98        0x0 /home/yukult400/ndsdev/devkitPro/devkitARM/bin/../lib/gcc/arm-eabi/4.6.2/../../../../arm-eabi/lib/thumb/libg.a(lib_a-fwalk.o)
 .data          0x0206fd98      0x430 /home/yukult400/ndsdev/devkitPro/devkitARM/bin/../lib/gcc/arm-eabi/4.6.2/../../../../arm-eabi/lib/thumb/libg.a(lib_a-impure.o)
                0x0206fd98                _impure_ptr
 .data          0x020701c8        0x0 /home/yukult400/ndsdev/devkitPro/devkitARM/bin/../lib/gcc/arm-eabi/4.6.2/../../../../arm-eabi/lib/thumb/libg.a(lib_a-init.o)
 .data          0x020701c8        0x0 /home/yukult400/ndsdev/devkitPro/devkitARM/bin/../lib/gcc/arm-eabi/4.6.2/../../../../arm-eabi/lib/thumb/libg.a(lib_a-iprintf.o)
 .data          0x020701c8        0x0 /home/yukult400/ndsdev/devkitPro/devkitARM/bin/../lib/gcc/arm-eabi/4.6.2/../../../../arm-eabi/lib/thumb/libg.a(lib_a-makebuf.o)
 .data          0x020701c8        0x0 /home/yukult400/ndsdev/devkitPro/devkitARM/bin/../lib/gcc/arm-eabi/4.6.2/../../../../arm-eabi/lib/thumb/libg.a(lib_a-malloc.o)
 .data          0x020701c8      0x410 /home/yukult400/ndsdev/devkitPro/devkitARM/bin/../lib/gcc/arm-eabi/4.6.2/../../../../arm-eabi/lib/thumb/libg.a(lib_a-mallocr.o)
                0x020701c8                __malloc_av_
                0x020705d0                __malloc_sbrk_base
                0x020705d4                __malloc_trim_threshold
 .data          0x020705d8        0x0 /home/yukult400/ndsdev/devkitPro/devkitARM/bin/../lib/gcc/arm-eabi/4.6.2/../../../../arm-eabi/lib/thumb/libg.a(lib_a-memcpy-stub.o)
 .data          0x020705d8        0x0 /home/yukult400/ndsdev/devkitPro/devkitARM/bin/../lib/gcc/arm-eabi/4.6.2/../../../../arm-eabi/lib/thumb/libg.a(lib_a-memset.o)
 .data          0x020705d8        0x0 /home/yukult400/ndsdev/devkitPro/devkitARM/bin/../lib/gcc/arm-eabi/4.6.2/../../../../arm-eabi/lib/thumb/libg.a(lib_a-mlock.o)
 .data          0x020705d8        0x0 /home/yukult400/ndsdev/devkitPro/devkitARM/bin/../lib/gcc/arm-eabi/4.6.2/../../../../arm-eabi/lib/thumb/libg.a(lib_a-realloc.o)
 .data          0x020705d8        0x0 /home/yukult400/ndsdev/devkitPro/devkitARM/bin/../lib/gcc/arm-eabi/4.6.2/../../../../arm-eabi/lib/thumb/libg.a(lib_a-reallocr.o)
 .data          0x020705d8        0x0 /home/yukult400/ndsdev/devkitPro/devkitARM/bin/../lib/gcc/arm-eabi/4.6.2/../../../../arm-eabi/lib/thumb/libg.a(lib_a-refill.o)
 .data          0x020705d8        0x0 /home/yukult400/ndsdev/devkitPro/devkitARM/bin/../lib/gcc/arm-eabi/4.6.2/../../../../arm-eabi/lib/thumb/libg.a(lib_a-setvbuf.o)
 .data          0x020705d8        0x0 /home/yukult400/ndsdev/devkitPro/devkitARM/bin/../lib/gcc/arm-eabi/4.6.2/../../../../arm-eabi/lib/thumb/libg.a(lib_a-siscanf.o)
 .data          0x020705d8        0x0 /home/yukult400/ndsdev/devkitPro/devkitARM/bin/../lib/gcc/arm-eabi/4.6.2/../../../../arm-eabi/lib/thumb/libg.a(lib_a-sprintf.o)
 .data          0x020705d8        0x0 /home/yukult400/ndsdev/devkitPro/devkitARM/bin/../lib/gcc/arm-eabi/4.6.2/../../../../arm-eabi/lib/thumb/libg.a(lib_a-stdio.o)
 .data          0x020705d8        0x0 /home/yukult400/ndsdev/devkitPro/devkitARM/bin/../lib/gcc/arm-eabi/4.6.2/../../../../arm-eabi/lib/thumb/libg.a(lib_a-strcat.o)
 .data          0x020705d8        0x0 /home/yukult400/ndsdev/devkitPro/devkitARM/bin/../lib/gcc/arm-eabi/4.6.2/../../../../arm-eabi/lib/thumb/libg.a(lib_a-strcpy.o)
 .data          0x020705d8        0x0 /home/yukult400/ndsdev/devkitPro/devkitARM/bin/../lib/gcc/arm-eabi/4.6.2/../../../../arm-eabi/lib/thumb/libg.a(lib_a-strlen.o)
 .data          0x020705d8        0x0 /home/yukult400/ndsdev/devkitPro/devkitARM/bin/../lib/gcc/arm-eabi/4.6.2/../../../../arm-eabi/lib/thumb/libg.a(lib_a-strncpy.o)
 .data          0x020705d8        0x0 /home/yukult400/ndsdev/devkitPro/devkitARM/bin/../lib/gcc/arm-eabi/4.6.2/../../../../arm-eabi/lib/thumb/libg.a(lib_a-svfiscanf.o)
 .data          0x020705d8        0x0 /home/yukult400/ndsdev/devkitPro/devkitARM/bin/../lib/gcc/arm-eabi/4.6.2/../../../../arm-eabi/lib/thumb/libg.a(lib_a-svfprintf.o)
 .data          0x020705d8        0x0 /home/yukult400/ndsdev/devkitPro/devkitARM/bin/../lib/gcc/arm-eabi/4.6.2/../../../../arm-eabi/lib/thumb/libg.a(lib_a-ungetc.o)
 .data          0x020705d8        0x0 /home/yukult400/ndsdev/devkitPro/devkitARM/bin/../lib/gcc/arm-eabi/4.6.2/../../../../arm-eabi/lib/thumb/libg.a(lib_a-vfiprintf.o)
 .data          0x020705d8        0x0 /home/yukult400/ndsdev/devkitPro/devkitARM/bin/../lib/gcc/arm-eabi/4.6.2/../../../../arm-eabi/lib/thumb/libg.a(lib_a-wcrtomb.o)
 .data          0x020705d8        0x0 /home/yukult400/ndsdev/devkitPro/devkitARM/bin/../lib/gcc/arm-eabi/4.6.2/../../../../arm-eabi/lib/thumb/libg.a(lib_a-wcsrtombs.o)
 .data          0x020705d8        0x4 /home/yukult400/ndsdev/devkitPro/devkitARM/bin/../lib/gcc/arm-eabi/4.6.2/../../../../arm-eabi/lib/thumb/libg.a(lib_a-wctomb_r.o)
                0x020705d8                __wctomb
 .data          0x020705dc        0x0 /home/yukult400/ndsdev/devkitPro/devkitARM/bin/../lib/gcc/arm-eabi/4.6.2/../../../../arm-eabi/lib/thumb/libg.a(lib_a-wsetup.o)
 .data          0x020705dc        0x4 /home/yukult400/ndsdev/devkitPro/devkitARM/bin/../lib/gcc/arm-eabi/4.6.2/../../../../arm-eabi/lib/thumb/libg.a(lib_a-ctype_.o)
                0x020705dc                __ctype_ptr__
 .data          0x020705e0        0x0 /home/yukult400/ndsdev/devkitPro/devkitARM/bin/../lib/gcc/arm-eabi/4.6.2/../../../../arm-eabi/lib/thumb/libg.a(lib_a-dtoa.o)
 .data          0x020705e0        0x0 /home/yukult400/ndsdev/devkitPro/devkitARM/bin/../lib/gcc/arm-eabi/4.6.2/../../../../arm-eabi/lib/thumb/libg.a(lib_a-flags.o)
 .data          0x020705e0        0x0 /home/yukult400/ndsdev/devkitPro/devkitARM/bin/../lib/gcc/arm-eabi/4.6.2/../../../../arm-eabi/lib/thumb/libg.a(lib_a-fputwc.o)
 .data          0x020705e0        0x0 /home/yukult400/ndsdev/devkitPro/devkitARM/bin/../lib/gcc/arm-eabi/4.6.2/../../../../arm-eabi/lib/thumb/libg.a(lib_a-fvwrite.o)
 .data          0x020705e0        0x0 /home/yukult400/ndsdev/devkitPro/devkitARM/bin/../lib/gcc/arm-eabi/4.6.2/../../../../arm-eabi/lib/thumb/libg.a(lib_a-iswspace.o)
 .data          0x020705e0        0x0 /home/yukult400/ndsdev/devkitPro/devkitARM/bin/../lib/gcc/arm-eabi/4.6.2/../../../../arm-eabi/lib/thumb/libg.a(lib_a-jp2uc.o)
 .data          0x020705e0      0x17c /home/yukult400/ndsdev/devkitPro/devkitARM/bin/../lib/gcc/arm-eabi/4.6.2/../../../../arm-eabi/lib/thumb/libg.a(lib_a-locale.o)
                0x020705e0                __default_locale
                0x02070700                __mb_cur_max
 .data          0x0207075c        0x0 /home/yukult400/ndsdev/devkitPro/devkitARM/bin/../lib/gcc/arm-eabi/4.6.2/../../../../arm-eabi/lib/thumb/libg.a(lib_a-mbrtowc.o)
 .data          0x0207075c        0x4 /home/yukult400/ndsdev/devkitPro/devkitARM/bin/../lib/gcc/arm-eabi/4.6.2/../../../../arm-eabi/lib/thumb/libg.a(lib_a-mbtowc_r.o)
                0x0207075c                __mbtowc
 .data          0x02070760        0x0 /home/yukult400/ndsdev/devkitPro/devkitARM/bin/../lib/gcc/arm-eabi/4.6.2/../../../../arm-eabi/lib/thumb/libg.a(lib_a-memchr-stub.o)
 .data          0x02070760        0x0 /home/yukult400/ndsdev/devkitPro/devkitARM/bin/../lib/gcc/arm-eabi/4.6.2/../../../../arm-eabi/lib/thumb/libg.a(lib_a-memmove.o)
 .data          0x02070760        0x0 /home/yukult400/ndsdev/devkitPro/devkitARM/bin/../lib/gcc/arm-eabi/4.6.2/../../../../arm-eabi/lib/thumb/libg.a(lib_a-mprec.o)
 .data          0x02070760        0x0 /home/yukult400/ndsdev/devkitPro/devkitARM/bin/../lib/gcc/arm-eabi/4.6.2/../../../../arm-eabi/lib/thumb/libg.a(lib_a-sccl.o)
 .data          0x02070760        0x0 /home/yukult400/ndsdev/devkitPro/devkitARM/bin/../lib/gcc/arm-eabi/4.6.2/../../../../arm-eabi/lib/thumb/libg.a(lib_a-s_fpclassify.o)
 .data          0x02070760        0x0 /home/yukult400/ndsdev/devkitPro/devkitARM/bin/../lib/gcc/arm-eabi/4.6.2/../../../../arm-eabi/lib/thumb/libg.a(lib_a-strcasecmp.o)
 .data          0x02070760        0x0 /home/yukult400/ndsdev/devkitPro/devkitARM/bin/../lib/gcc/arm-eabi/4.6.2/../../../../arm-eabi/lib/thumb/libg.a(lib_a-strchr.o)
 .data          0x02070760        0x0 /home/yukult400/ndsdev/devkitPro/devkitARM/bin/../lib/gcc/arm-eabi/4.6.2/../../../../arm-eabi/lib/thumb/libg.a(lib_a-strcmp.o)
 .data          0x02070760        0x0 /home/yukult400/ndsdev/devkitPro/devkitARM/bin/../lib/gcc/arm-eabi/4.6.2/../../../../arm-eabi/lib/thumb/libg.a(lib_a-strlcpy.o)
 .data          0x02070760        0x0 /home/yukult400/ndsdev/devkitPro/devkitARM/bin/../lib/gcc/arm-eabi/4.6.2/../../../../arm-eabi/lib/thumb/libg.a(lib_a-strncasecmp.o)
 .data          0x02070760        0x0 /home/yukult400/ndsdev/devkitPro/devkitARM/bin/../lib/gcc/arm-eabi/4.6.2/../../../../arm-eabi/lib/thumb/libg.a(lib_a-strncmp.o)
 .data          0x02070760        0x0 /home/yukult400/ndsdev/devkitPro/devkitARM/bin/../lib/gcc/arm-eabi/4.6.2/../../../../arm-eabi/lib/thumb/libg.a(lib_a-strtoll_r.o)
 .data          0x02070760        0x0 /home/yukult400/ndsdev/devkitPro/devkitARM/bin/../lib/gcc/arm-eabi/4.6.2/../../../../arm-eabi/lib/thumb/libg.a(lib_a-strtol.o)
 .data          0x02070760        0x0 /home/yukult400/ndsdev/devkitPro/devkitARM/bin/../lib/gcc/arm-eabi/4.6.2/../../../../arm-eabi/lib/thumb/libg.a(lib_a-strtoull_r.o)
 .data          0x02070760        0x0 /home/yukult400/ndsdev/devkitPro/devkitARM/bin/../lib/gcc/arm-eabi/4.6.2/../../../../arm-eabi/lib/thumb/libg.a(lib_a-strtoul.o)
 .data          0x02070760        0x0 /home/yukult400/ndsdev/devkitPro/devkitARM/bin/../lib/gcc/arm-eabi/4.6.2/../../../../arm-eabi/lib/thumb/libg.a(lib_a-svfiprintf.o)
 .data          0x02070760        0x0 /home/yukult400/ndsdev/devkitPro/devkitARM/bin/../lib/gcc/arm-eabi/4.6.2/../../../../arm-eabi/lib/thumb/libg.a(lib_a-wbuf.o)
 .data          0x02070760        0x0 /home/yukult400/ndsdev/devkitPro/devkitARM/bin/../lib/gcc/arm-eabi/4.6.2/../../../../arm-eabi/lib/thumb/libg.a(lib_a-wcsnrtombs.o)
 .data          0x02070760        0x0 /home/yukult400/ndsdev/devkitPro/devkitARM/bin/../lib/gcc/arm-eabi/4.6.2/../../../../arm-eabi/lib/thumb/libg.a(lib_a-callocr.o)
 .data          0x02070760        0x0 /home/yukult400/ndsdev/devkitPro/devkitARM/bin/../lib/gcc/arm-eabi/4.6.2/../../../../arm-eabi/lib/thumb/libg.a(lib_a-getenv_r.o)
 .data          0x02070760        0x4 /home/yukult400/ndsdev/devkitPro/devkitARM/bin/../lib/gcc/arm-eabi/4.6.2/../../../../arm-eabi/lib/thumb/libg.a(lib_a-environ.o)
                0x02070760                environ
 .data          0x02070764        0x0 /home/yukult400/ndsdev/devkitPro/devkitARM/bin/../lib/gcc/arm-eabi/4.6.2/../../../../arm-eabi/lib/thumb/libg.a(lib_a-envlock.o)
 .data          0x02070764       0x44 /home/yukult400/ndsdev/devkitPro/devkitARM/bin/../lib/gcc/arm-eabi/4.6.2/../../../../arm-eabi/lib/thumb/libsysbase.a(iosupport.o)
                0x02070768                devoptab_list
 .data          0x020707a8        0x0 /home/yukult400/ndsdev/devkitPro/devkitARM/bin/../lib/gcc/arm-eabi/4.6.2/../../../../arm-eabi/lib/thumb/libsysbase.a(close.o)
 .data          0x020707a8        0x0 /home/yukult400/ndsdev/devkitPro/devkitARM/bin/../lib/gcc/arm-eabi/4.6.2/../../../../arm-eabi/lib/thumb/libsysbase.a(fstat.o)
 .data          0x020707a8        0x0 /home/yukult400/ndsdev/devkitPro/devkitARM/bin/../lib/gcc/arm-eabi/4.6.2/../../../../arm-eabi/lib/thumb/libsysbase.a(isatty.o)
 .data          0x020707a8        0x0 /home/yukult400/ndsdev/devkitPro/devkitARM/bin/../lib/gcc/arm-eabi/4.6.2/../../../../arm-eabi/lib/thumb/libsysbase.a(lseek.o)
 .data          0x020707a8        0x0 /home/yukult400/ndsdev/devkitPro/devkitARM/bin/../lib/gcc/arm-eabi/4.6.2/../../../../arm-eabi/lib/thumb/libsysbase.a(open.o)
 .data          0x020707a8        0x0 /home/yukult400/ndsdev/devkitPro/devkitARM/bin/../lib/gcc/arm-eabi/4.6.2/../../../../arm-eabi/lib/thumb/libsysbase.a(read.o)
 .data          0x020707a8        0x0 /home/yukult400/ndsdev/devkitPro/devkitARM/bin/../lib/gcc/arm-eabi/4.6.2/../../../../arm-eabi/lib/thumb/libsysbase.a(sbrk.o)
 .data          0x020707a8        0x0 /home/yukult400/ndsdev/devkitPro/devkitARM/bin/../lib/gcc/arm-eabi/4.6.2/../../../../arm-eabi/lib/thumb/libsysbase.a(times.o)
 .data          0x020707a8        0x0 /home/yukult400/ndsdev/devkitPro/devkitARM/bin/../lib/gcc/arm-eabi/4.6.2/../../../../arm-eabi/lib/thumb/libsysbase.a(write.o)
 .data          0x020707a8        0x0 /home/yukult400/ndsdev/devkitPro/devkitARM/bin/../lib/gcc/arm-eabi/4.6.2/../../../../arm-eabi/lib/thumb/libsysbase.a(malloc_vars.o)
 .data          0x020707a8        0x0 /home/yukult400/ndsdev/devkitPro/devkitARM/bin/../lib/gcc/arm-eabi/4.6.2/../../../../arm-eabi/lib/thumb/libsysbase.a(build_argv.o)
 .data          0x020707a8        0x0 /home/yukult400/ndsdev/devkitPro/devkitARM/bin/../lib/gcc/arm-eabi/4.6.2/../../../../arm-eabi/lib/thumb/libsysbase.a(syscall_support.o)
 .data          0x020707a8        0x0 /home/yukult400/ndsdev/devkitPro/devkitARM/bin/../lib/gcc/arm-eabi/4.6.2/../../../../arm-eabi/lib/thumb/libsysbase.a(handle_manager.o)
 .data          0x020707a8        0x0 /home/yukult400/ndsdev/devkitPro/devkitARM/bin/../lib/gcc/arm-eabi/4.6.2/thumb/libgcc.a(_arm_addsubdf3.o)
 .data          0x020707a8        0x0 /home/yukult400/ndsdev/devkitPro/devkitARM/bin/../lib/gcc/arm-eabi/4.6.2/thumb/libgcc.a(_arm_muldivdf3.o)
 .data          0x020707a8        0x0 /home/yukult400/ndsdev/devkitPro/devkitARM/bin/../lib/gcc/arm-eabi/4.6.2/thumb/libgcc.a(_arm_cmpdf2.o)
 .data          0x020707a8        0x0 /home/yukult400/ndsdev/devkitPro/devkitARM/bin/../lib/gcc/arm-eabi/4.6.2/thumb/libgcc.a(_arm_fixdfsi.o)
 .data          0x020707a8        0x0 /home/yukult400/ndsdev/devkitPro/devkitARM/bin/../lib/gcc/arm-eabi/4.6.2/thumb/libgcc.a(_aeabi_uldivmod.o)
 .data          0x020707a8        0x0 /home/yukult400/ndsdev/devkitPro/devkitARM/bin/../lib/gcc/arm-eabi/4.6.2/thumb/libgcc.a(bpabi.o)
 .data          0x020707a8        0x0 /home/yukult400/ndsdev/devkitPro/devkitARM/bin/../lib/gcc/arm-eabi/4.6.2/thumb/libgcc.a(_divdi3.o)
 .data          0x020707a8        0x0 /home/yukult400/ndsdev/devkitPro/devkitARM/bin/../lib/gcc/arm-eabi/4.6.2/thumb/libgcc.a(_udivdi3.o)
 .data          0x020707a8        0x0 /home/yukult400/ndsdev/devkitPro/devkitARM/bin/../lib/gcc/arm-eabi/4.6.2/thumb/libgcc.a(_clzsi2.o)
 .data          0x020707a8        0x0 /home/yukult400/ndsdev/devkitPro/devkitARM/bin/../lib/gcc/arm-eabi/4.6.2/../../../../arm-eabi/lib/thumb/libg.a(lib_a-errno.o)
 .data          0x020707a8        0x0 /home/yukult400/ndsdev/devkitPro/devkitARM/bin/../lib/gcc/arm-eabi/4.6.2/thumb/crtend.o
 .data          0x020707a8        0x0 /home/yukult400/ndsdev/devkitPro/devkitARM/bin/../lib/gcc/arm-eabi/4.6.2/thumb/crtn.o
 *(.data.*)
 *(.gnu.linkonce.d*)
                0x020707a8                . = ALIGN (0x4)
                0x020707a8                __data_end = ABSOLUTE (.)
                0x020707a8                __dtcm_lma = .
                0x020707a8                __bss_vma = .

.dtcm           0x0b000000        0x0 load address 0x020707a8
 *(.dtcm)
 *(.dtcm.*)
                0x0b000000                . = ALIGN (0x4)
                0x0b000000                __dtcm_end = ABSOLUTE (.)
                0x020707a8                __itcm_lma = (__dtcm_lma + SIZEOF (.dtcm))

.itcm           0x01000100      0x194 load address 0x020707a8
 *(.itcm)
 .itcm          0x01000100       0xc8 /home/yukult400/ndsdev/devkitPro/libnds/lib/libnds9.a(interrupts.o)
                0x01000100                irqTable
 .itcm          0x010001c8       0xcc /home/yukult400/ndsdev/devkitPro/libnds/lib/libnds9.a(interruptDispatcher.o)
                0x010001c8                IntrMain
 *itcm.*(.text)
                0x01000294                . = ALIGN (0x4)
                0x01000294                __itcm_end = ABSOLUTE (.)
                0x0207093c                __vectors_lma = (__itcm_lma + SIZEOF (.itcm))

.vectors        0x01000000        0x0 load address 0x0207093c
 *(.vectors)
 *vectors.*(.text)
                0x01000000                . = ALIGN (0x4)
                0x01000000                __vectors_end = ABSOLUTE (.)

.sbss           0x0b000000        0x0
                0x0b000000                __sbss_start = ABSOLUTE (.)
                0x0b000000                __sbss_start__ = ABSOLUTE (.)
 *(.sbss)
                0x0b000000                . = ALIGN (0x4)
                0x0b000000                __sbss_end = ABSOLUTE (.)

.bss            0x020707a8     0x4ed0
                0x020707a8                __bss_start = ABSOLUTE (.)
                0x020707a8                __bss_start__ = ABSOLUTE (.)
 *(.dynbss)
 *(.gnu.linkonce.b*)
 *(.bss*)
 .bss           0x020707a8        0x0 /home/yukult400/ndsdev/devkitPro/devkitARM/bin/../lib/gcc/arm-eabi/4.6.2/../../../../arm-eabi/lib/thumb/ds_arm9_crt0.o
 .bss           0x020707a8        0x0 /home/yukult400/ndsdev/devkitPro/devkitARM/bin/../lib/gcc/arm-eabi/4.6.2/thumb/crti.o
 .bss           0x020707a8       0x1c /home/yukult400/ndsdev/devkitPro/devkitARM/bin/../lib/gcc/arm-eabi/4.6.2/thumb/crtbegin.o
 .bss           0x020707c4        0x0 soundbank_bin.o
 .bss           0x020707c4        0x0 coin.o
 .bss           0x020707c4        0x0 drunkenlogo.o
 .bss           0x020707c4        0x0 piano_image.o
 .bss           0x020707c4        0x0 woman.o
 .bss           0x020707c4       0x80 croutine.o
                0x02070830                pxCurrentCoRoutine
 .bss           0x02070844        0x0 list.o
 .bss           0x02070844        0x0 queue.o
 .bss           0x02070844     0x14cc tasks.o
                0x02070844                pxCurrentTCB
 .bss           0x02071d10        0x8 card_spi.o
 .bss           0x02071d18     0x1050 gdbStub.o
                0x02072d18                regMem
 .bss           0x02072d68        0x0 heap_3.o
 .bss           0x02072d68        0x0 port.o
 .bss           0x02072d68        0x0 portISR.o
 .bss           0x02072d68       0x70 sevencore_io.o
 .bss           0x02072dd8        0x0 ControlTask.o
 .bss           0x02072dd8        0x0 main.o
 .bss           0x02072dd8        0x0 gdbStubAsm.o
 .bss           0x02072dd8        0x0 port_asm.o
 .bss           0x02072dd8        0x0 /home/yukult400/ndsdev/devkitPro/libnds/lib/libnds9.a(background.o)
 .bss           0x02072dd8        0x0 /home/yukult400/ndsdev/devkitPro/libnds/lib/libnds9.a(console.o)
 .bss           0x02072dd8        0x0 /home/yukult400/ndsdev/devkitPro/libnds/lib/libnds9.a(decompress.o)
 .bss           0x02072dd8        0x0 /home/yukult400/ndsdev/devkitPro/libnds/lib/libnds9.a(exceptions.o)
 .bss           0x02072dd8        0x6 /home/yukult400/ndsdev/devkitPro/libnds/lib/libnds9.a(keys.o)
 .bss           0x02072dde        0x0 /home/yukult400/ndsdev/devkitPro/libnds/lib/libnds9.a(sassert.o)
 .bss           0x02072dde        0x0 /home/yukult400/ndsdev/devkitPro/libnds/lib/libnds9.a(sprite.o)
 .bss           0x02072dde        0x0 /home/yukult400/ndsdev/devkitPro/libnds/lib/libnds9.a(sprite_alloc.o)
 .bss           0x02072dde        0x0 /home/yukult400/ndsdev/devkitPro/libnds/lib/libnds9.a(touch.o)
 .bss           0x02072dde        0x0 /home/yukult400/ndsdev/devkitPro/libnds/lib/libnds9.a(trig.o)
 *fill*         0x02072dde        0x2 00
 .bss           0x02072de0        0x8 /home/yukult400/ndsdev/devkitPro/libnds/lib/libnds9.a(videoGL.o)
 .bss           0x02072de8        0x0 /home/yukult400/ndsdev/devkitPro/libnds/lib/libnds9.a(initSystem.o)
 .bss           0x02072de8        0x8 /home/yukult400/ndsdev/devkitPro/libnds/lib/libnds9.a(fifosystem.o)
                0x02072dec                processing
 .bss           0x02072df0        0x0 /home/yukult400/ndsdev/devkitPro/libnds/lib/libnds9.a(interrupts.o)
 .bss           0x02072df0        0x0 /home/yukult400/ndsdev/devkitPro/libnds/lib/libnds9.a(libnds_exit.o)
 .bss           0x02072df0        0x0 /home/yukult400/ndsdev/devkitPro/libnds/lib/libnds9.a(syscalls.o)
 .bss           0x02072df0        0x0 /home/yukult400/ndsdev/devkitPro/libnds/lib/libnds9.a(dcache.o)
 .bss           0x02072df0        0x0 /home/yukult400/ndsdev/devkitPro/libnds/lib/libnds9.a(exceptionHandler.o)
 .bss           0x02072df0        0x0 /home/yukult400/ndsdev/devkitPro/libnds/lib/libnds9.a(mpu_setup.o)
 .bss           0x02072df0        0x0 /home/yukult400/ndsdev/devkitPro/libnds/lib/libnds9.a(biosCalls.o)
 .bss           0x02072df0        0x0 /home/yukult400/ndsdev/devkitPro/libnds/lib/libnds9.a(debugprint.o)
 .bss           0x02072df0        0x0 /home/yukult400/ndsdev/devkitPro/libnds/lib/libnds9.a(interruptDispatcher.o)
 .bss           0x02072df0        0x0 /home/yukult400/ndsdev/devkitPro/libnds/lib/libnds9.a(swiSoftReset.o)
 .bss           0x02072df0        0x0 /home/yukult400/ndsdev/devkitPro/libnds/lib/libnds9.a(default_font.bin.o)
 .bss           0x02072df0        0x0 /home/yukult400/ndsdev/devkitPro/libnds/lib/libnds9.a(dynamicArray.o)
 .bss           0x02072df0        0x0 /home/yukult400/ndsdev/devkitPro/libnds/lib/libnds9.a(system.o)
 .bss           0x02072df0        0x0 /home/yukult400/ndsdev/devkitPro/libnds/lib/libnds9.a(video.o)
 .bss           0x02072df0       0x18 /home/yukult400/ndsdev/devkitPro/libnds/lib/libmm9.a(mm_comms.o)
 .bss           0x02072e08       0x1c /home/yukult400/ndsdev/devkitPro/libnds/lib/libmm9.a(mm_main9.o)
                0x02072e08                mmcbMemory
                0x02072e0c                mmModuleCount
                0x02072e10                mmSampleCount
                0x02072e14                mmModuleBank
                0x02072e14                mmMemoryBank
                0x02072e18                mmSampleBank
                0x02072e1c                mmCallback
                0x02072e20                mmActiveStatus
 .bss           0x02072e24        0x0 /home/yukult400/ndsdev/devkitPro/libnds/lib/libmm9.a(mm_memory.o)
 .bss           0x02072e24       0x44 /home/yukult400/ndsdev/devkitPro/libnds/lib/libmm9.a(mm_soundbank.o)
 .bss           0x02072e68        0x0 /home/yukult400/ndsdev/devkitPro/libnds/lib/libmm9.a(mm_flusher.o)
 .bss           0x02072e68        0x0 /home/yukult400/ndsdev/devkitPro/devkitARM/bin/../lib/gcc/arm-eabi/4.6.2/thumb/libgcc.a(_udivsi3.o)
 .bss           0x02072e68        0x0 /home/yukult400/ndsdev/devkitPro/devkitARM/bin/../lib/gcc/arm-eabi/4.6.2/thumb/libgcc.a(_divsi3.o)
 .bss           0x02072e68        0x0 /home/yukult400/ndsdev/devkitPro/devkitARM/bin/../lib/gcc/arm-eabi/4.6.2/thumb/libgcc.a(_dvmd_tls.o)
 .bss           0x02072e68        0x0 /home/yukult400/ndsdev/devkitPro/devkitARM/bin/../lib/gcc/arm-eabi/4.6.2/thumb/libgcc.a(_muldi3.o)
 .bss           0x02072e68        0x0 /home/yukult400/ndsdev/devkitPro/devkitARM/bin/../lib/gcc/arm-eabi/4.6.2/../../../../arm-eabi/lib/thumb/libg.a(lib_a-bsearch.o)
 .bss           0x02072e68        0x0 /home/yukult400/ndsdev/devkitPro/devkitARM/bin/../lib/gcc/arm-eabi/4.6.2/../../../../arm-eabi/lib/thumb/libg.a(lib_a-fclose.o)
 .bss           0x02072e68        0x0 /home/yukult400/ndsdev/devkitPro/devkitARM/bin/../lib/gcc/arm-eabi/4.6.2/../../../../arm-eabi/lib/thumb/libg.a(lib_a-fflush.o)
 .bss           0x02072e68        0x0 /home/yukult400/ndsdev/devkitPro/devkitARM/bin/../lib/gcc/arm-eabi/4.6.2/../../../../arm-eabi/lib/thumb/libg.a(lib_a-findfp.o)
 .bss           0x02072e68        0x0 /home/yukult400/ndsdev/devkitPro/devkitARM/bin/../lib/gcc/arm-eabi/4.6.2/../../../../arm-eabi/lib/thumb/libg.a(lib_a-fopen.o)
 .bss           0x02072e68        0x0 /home/yukult400/ndsdev/devkitPro/devkitARM/bin/../lib/gcc/arm-eabi/4.6.2/../../../../arm-eabi/lib/thumb/libg.a(lib_a-fread.o)
 .bss           0x02072e68        0x0 /home/yukult400/ndsdev/devkitPro/devkitARM/bin/../lib/gcc/arm-eabi/4.6.2/../../../../arm-eabi/lib/thumb/libg.a(lib_a-freer.o)