Archive member included because of file (symbol)

/home/yukult400/ndsdev/devkitPro/libnds/lib/libnds9.a(background.o)
                              ControlTask.o (bgState)
/home/yukult400/ndsdev/devkitPro/libnds/lib/libnds9.a(console.o)
                              sevencore_io.o (consoleSelect)
/home/yukult400/ndsdev/devkitPro/libnds/lib/libnds9.a(decompress.o)
                              ControlTask.o (decompress)
/home/yukult400/ndsdev/devkitPro/libnds/lib/libnds9.a(exceptions.o)
                              gdbStub.o (setExceptionHandler)
/home/yukult400/ndsdev/devkitPro/libnds/lib/libnds9.a(keys.o)
                              gdbStub.o (scanKeys)
/home/yukult400/ndsdev/devkitPro/libnds/lib/libnds9.a(sassert.o)
                              sevencore_io.o (__sassert)
/home/yukult400/ndsdev/devkitPro/libnds/lib/libnds9.a(sprite.o)
                              ControlTask.o (oamInit)
/home/yukult400/ndsdev/devkitPro/libnds/lib/libnds9.a(sprite_alloc.o)
                              /home/yukult400/ndsdev/devkitPro/libnds/lib/libnds9.a(sprite.o) (oamAllocReset)
/home/yukult400/ndsdev/devkitPro/libnds/lib/libnds9.a(touch.o)
                              sevencore_io.o (touchRead)
/home/yukult400/ndsdev/devkitPro/libnds/lib/libnds9.a(trig.o)
                              /home/yukult400/ndsdev/devkitPro/libnds/lib/libnds9.a(background.o) (sinLerp)
/home/yukult400/ndsdev/devkitPro/libnds/lib/libnds9.a(videoGL.o)
                              card_spi.o (glGlobalData)
/home/yukult400/ndsdev/devkitPro/libnds/lib/libnds9.a(initSystem.o)
                              /home/yukult400/ndsdev/devkitPro/devkitARM/bin/../lib/gcc/arm-eabi/4.6.2/../../../../arm-eabi/lib/thumb/ds_arm9_crt0.o (initSystem)
/home/yukult400/ndsdev/devkitPro/libnds/lib/libnds9.a(fifosystem.o)
                              /home/yukult400/ndsdev/devkitPro/libnds/lib/libnds9.a(initSystem.o) (fifoSendValue32)
/home/yukult400/ndsdev/devkitPro/libnds/lib/libnds9.a(interrupts.o)
                              card_spi.o (irqSet)
/home/yukult400/ndsdev/devkitPro/libnds/lib/libnds9.a(libnds_exit.o)
                              /home/yukult400/ndsdev/devkitPro/devkitARM/bin/../lib/gcc/arm-eabi/4.6.2/../../../../arm-eabi/lib/thumb/ds_arm9_crt0.o (__libnds_exit)
/home/yukult400/ndsdev/devkitPro/libnds/lib/libnds9.a(syscalls.o)
                              /home/yukult400/ndsdev/devkitPro/libnds/lib/libnds9.a(decompress.o) (swiDecompressLZSSVram)
/home/yukult400/ndsdev/devkitPro/libnds/lib/libnds9.a(dcache.o)
                              /home/yukult400/ndsdev/devkitPro/libnds/lib/libnds9.a(sprite.o) (DC_FlushRange)
/home/yukult400/ndsdev/devkitPro/libnds/lib/libnds9.a(exceptionHandler.o)
                              gdbStub.o (getCPSR)
/home/yukult400/ndsdev/devkitPro/libnds/lib/libnds9.a(mpu_setup.o)
                              /home/yukult400/ndsdev/devkitPro/devkitARM/bin/../lib/gcc/arm-eabi/4.6.2/../../../../arm-eabi/lib/thumb/ds_arm9_crt0.o (__libnds_mpu_setup)
/home/yukult400/ndsdev/devkitPro/libnds/lib/libnds9.a(biosCalls.o)
                              card_spi.o (swiDelay)
/home/yukult400/ndsdev/devkitPro/libnds/lib/libnds9.a(debugprint.o)
                              /home/yukult400/ndsdev/devkitPro/libnds/lib/libnds9.a(console.o) (nocashWrite)
/home/yukult400/ndsdev/devkitPro/libnds/lib/libnds9.a(interruptDispatcher.o)
                              /home/yukult400/ndsdev/devkitPro/libnds/lib/libnds9.a(interrupts.o) (IntrMain)
/home/yukult400/ndsdev/devkitPro/libnds/lib/libnds9.a(swiSoftReset.o)
                              /home/yukult400/ndsdev/devkitPro/libnds/lib/libnds9.a(fifosystem.o) (swiSoftReset)
/home/yukult400/ndsdev/devkitPro/libnds/lib/libnds9.a(default_font.bin.o)
                              /home/yukult400/ndsdev/devkitPro/libnds/lib/libnds9.a(console.o) (default_font_bin)
/home/yukult400/ndsdev/devkitPro/libnds/lib/libnds9.a(dynamicArray.o)
                              /home/yukult400/ndsdev/devkitPro/libnds/lib/libnds9.a(videoGL.o) (DynamicArrayInit)
/home/yukult400/ndsdev/devkitPro/libnds/lib/libnds9.a(system.o)
                              /home/yukult400/ndsdev/devkitPro/libnds/lib/libnds9.a(initSystem.o) (systemMsgHandler)
/home/yukult400/ndsdev/devkitPro/libnds/lib/libnds9.a(video.o)
                              /home/yukult400/ndsdev/devkitPro/libnds/lib/libnds9.a(videoGL.o) (vramSetPrimaryBanks)
/home/yukult400/ndsdev/devkitPro/libnds/lib/libmm9.a(mm_comms.o)
                              ControlTask.o (mmStart)
/home/yukult400/ndsdev/devkitPro/libnds/lib/libmm9.a(mm_main9.o)
                              /home/yukult400/ndsdev/devkitPro/libnds/lib/libmm9.a(mm_comms.o) (mmCallback)
/home/yukult400/ndsdev/devkitPro/libnds/lib/libmm9.a(mm_memory.o)
                              ControlTask.o (mmLoad)
/home/yukult400/ndsdev/devkitPro/libnds/lib/libmm9.a(mm_soundbank.o)
                              /home/yukult400/ndsdev/devkitPro/libnds/lib/libmm9.a(mm_main9.o) (mmSoundBankInMemory)
[...]
Memory Configuration

Name             Origin             Length             Attributes
rom              0x08000000         0x02000000
ewram            0x02000000         0x003ff000
dtcm             0x0b000000         0x00004000
vectors          0x01000000         0x00000100
itcm             0x01000100         0x00007f00
*default*        0x00000000         0xffffffff

Linker script and memory map

                0x01000000                __vectors_start = ORIGIN (vectors)
                0x01000100                __itcm_start = ORIGIN (itcm)
                0x023ff000                __ewram_end = (ORIGIN (ewram) + 0x3ff000)
                0x023ff000                __eheap_end = (ORIGIN (ewram) + 0x3ff000)
                0x0b000000                __dtcm_start = ORIGIN (dtcm)
                0x0b004000                __dtcm_top = (ORIGIN (dtcm) + 0x4000)
                0x0b003ff8                __irq_flags = (__dtcm_top - 0x8)
                0x0b003ffc                __irq_vector = (__dtcm_top - 0x4)
                0x0b003f00                __sp_svc = (__dtcm_top - 0x100)
                0x0b003e00                __sp_irq = (__sp_svc - 0x100)
                0x0b003d00                __sp_usr = (__sp_irq - 0x100)

.init           0x02000000      0x23c
                0x02000000                __text_start = .
 *(.init)
 .init          0x02000000      0x230 /home/yukult400/ndsdev/devkitPro/devkitARM/bin/../lib/gcc/arm-eabi/4.6.2/../../../../arm-eabi/lib/thumb/ds_arm9_crt0.o
                0x02000000                _start
 .init          0x02000230        0x4 /home/yukult400/ndsdev/devkitPro/devkitARM/bin/../lib/gcc/arm-eabi/4.6.2/thumb/crti.o
                0x02000230                _init
 .init          0x02000234        0x8 /home/yukult400/ndsdev/devkitPro/devkitARM/bin/../lib/gcc/arm-eabi/4.6.2/thumb/crtn.o
                0x0200023c                . = ALIGN (0x4)

.plt
 *(.plt)

.text           0x02000240    0x157d8
 *(EXCLUDE_FILE(*.itcm*) .text)
 .text          0x02000240        0x0 /home/yukult400/ndsdev/devkitPro/devkitARM/bin/../lib/gcc/arm-eabi/4.6.2/../../../../arm-eabi/lib/thumb/ds_arm9_crt0.o
 .text          0x02000240        0x0 /home/yukult400/ndsdev/devkitPro/devkitARM/bin/../lib/gcc/arm-eabi/4.6.2/thumb/crti.o
 .text          0x02000240       0x6c /home/yukult400/ndsdev/devkitPro/devkitARM/bin/../lib/gcc/arm-eabi/4.6.2/thumb/crtbegin.o
 .text          0x020002ac        0x0 soundbank_bin.o
 .text          0x020002ac        0x0 drunkenlogo.o
 .text          0x020002ac        0x0 piano_image.o
 .text          0x020002ac        0x0 woman.o
 .text          0x020002ac      0x43c croutine.o
                0x020002ac                xCoRoutineCreate
                0x02000378                vCoRoutineAddToDelayedList
                0x02000578                vCoRoutineSchedule
                0x0200068c                xCoRoutineRemoveFromEventList
 .text          0x020006e8      0x140 list.o
                0x020006e8                vListInitialise
                0x0200071c                vListInitialiseItem
                0x0200072c                vListInsertEnd
                0x02000774                vListInsert
                0x020007e0                vListRemove
 .text          0x02000828      0x6e0 queue.o
                0x02000828                xQueueCreate
                0x020008dc                xQueueCreateMutex
                0x02000954                xQueueGenericSend
                0x02000a60                xQueueGenericSendFromISR
                0x02000ad0                xQueueGenericReceive
                0x02000c38                xQueueReceiveFromISR
                0x02000ca8                uxQueueMessagesWaiting
                0x02000cc4                uxQueueMessagesWaitingFromISR
                0x02000cd8                vQueueDelete
                0x02000ea8                xQueueIsQueueEmptyFromISR
                0x02000ee8                xQueueIsQueueFullFromISR
 .text          0x02000f08     0x11c8 tasks.o
                0x02000f08                xTaskGenericCreate
                0x02001074                vTaskDelete
                0x02001108                vTaskDelayUntil
                0x020011d8                vTaskDelay
                0x02001260                uxTaskPriorityGet
                0x02001290                vTaskPrioritySet
                0x02001388                vTaskSuspend
                0x0200141c                xTaskIsTaskSuspended
                0x0200145c                vTaskResume
                0x020014ec                xTaskResumeFromISR
                0x0200158c                vTaskStartScheduler
                0x020015e8                vTaskEndScheduler
                0x02001600                vTaskSuspendAll
                0x02001610                xTaskResumeAll
                0x0200170c                xTaskGetTickCount
                0x0200172c                xTaskGetTickCountFromISR
                0x02001738                uxTaskGetNumberOfTasks
                0x02001744                vTaskList
                0x0200183c                vTaskStartTrace
                0x02001880                ulTaskEndTrace
                0x020018b4                vTaskIncrementTick
                0x02001988                vTaskSwitchContext
                0x02001a94                vTaskPlaceOnEventList
                0x02001b2c                xTaskRemoveFromEventList
                0x02001bd8                vTaskSetTimeOutState
                0x02001bf8                xTaskCheckForTimeOut
                0x02001c7c                vTaskMissedYield
                0x02001fa0                xTaskGetCurrentTaskHandle
                0x02001fb4                vTaskPriorityInherit
                0x02002058                vTaskPriorityDisinherit
 .text          0x020020d0      0x4a8 card_spi.o
                0x02002120                cardLineIrqHandler
                0x02002124                initSpi
                0x02002130                cardSpiBusy
                0x02002150                cardSpiStart
                0x02002198                cardSpiStop
                0x020021b8                cardSpiInit
                0x020021e8                cardSpiSetHandler
                0x02002224                cardSpiEnable
                0x02002244                cardSpiDisable
                0x02002260                cardSpiTransfer
                0x020022a8                cardSpiWriteBuffer
                0x02002368                cardSpiTransferBuffer
                0x0200244c                poll_spi
                0x0200248c                getDebugChar
                0x02002518                putDebugChar
 .text          0x02002578     0x15d0 gdbStub.o
                0x020029dc                getRegister
                0x02002a54                putRegister
                0x02002aa8                getRegisterAsBytes
                0x02002b0c                putRegisterAsBytes
                0x020038f8                initDebug
                0x02003b20                waitInput
 .text          0x02003b48       0x44 heap_3.o
                0x02003b48                pvPortMalloc
                0x02003b6c                vPortFree
 .text          0x02003b8c      0x16c port.o
                0x02003b8c                pxPortInitialiseStack
                0x02003ca8                xPortStartScheduler
                0x02003cbc                vPortEndScheduler
 .text          0x02003cf8       0x48 portISR.o
                0x02003cf8                vPortISRStartFirstTask
                0x02003d00                vPortEnterCritical
                0x02003d18                vPortExitCritical
 .text          0x02003d40      0x980 sevencore_io.o
                0x020041c8                draw7SEGMENT
                0x020044bc                init_virtual_io
                0x02004558                init_printf
                0x020045b4                readb_virtual_io
                0x02004608                writeb_virtual_io
                0x020046bc                close_virtual_io
 .text          0x020046c0      0x79c ControlTask.o
                0x02004afc                animateWoman
                0x02004b18                initWoman
                0x02004b7c                Control
 .text          0x02004e5c       0x54 main.o
                0x02004e5c                main
                0x02004ea0                InitDebug
 .text          0x02004eb0       0xf0 gdbStubAsm.o
                0x02004eb0                BreakPoint
                0x02004eb8                ICInvalidateAll
                0x02004ec4                DCFlushAll
                0x02004ef0                enable_IRQs
                0x02004efc                disable_IRQs
                0x02004f08                getSPSR
                0x02004f10                setBankedReg
                0x02004f34                setRegs
                0x02004f3c                getPC
                0x02004f44                test_func
                0x02004f68                v5T_semantics_asm
                0x02004f70                add
                0x02004f80                mul
 .text          0x02004fa0      0x140 port_asm.o
                0x02004fa0                vPortDisableInterruptsFromThumb
                0x02004fb8                vPortEnableInterruptsFromThumb
                0x02004fd0                portRESTORE_CONTEXT_FIRST
                0x02004fe8                portRESTORE_CONTEXT
                0x02005020                vPreemptiveTick
                0x0200507c                vPortYIELD
 .text          0x020050e0      0x314 /home/yukult400/ndsdev/devkitPro/libnds/lib/libnds9.a(background.o)
                0x020050e0                bgIsText
                0x020050ec                checkIfText
                0x0200514c                bgUpdate
                0x0200525c                bgInit_call
                0x02005320                bgInitSub_call
 .text          0x020053f4      0xa34 /home/yukult400/ndsdev/devkitPro/libnds/lib/libnds9.a(console.o)
                0x020053f4                nocash_write
                0x020054b4                consoleGetDefault
                0x020054c0                consoleSelect
                0x020054d0                consoleDebugInit
                0x02005520                consolePrintChar
                0x020056d4                consoleLoadFont
                0x0200596c                consoleSetFont
                0x0200598c                consoleInit
                0x02005af0                consoleDemoInit
                0x02005b34                con_write
                0x02005df4                consoleClear
                0x02005e04                consoleSetWindow
 .text          0x02005e28       0x84 /home/yukult400/ndsdev/devkitPro/libnds/lib/libnds9.a(decompress.o)
                0x02005e28                getHeader
                0x02005e2c                readByte
                0x02005e30                decompress
                0x02005e70                decompressStream
 .text          0x02005eac       0x28 /home/yukult400/ndsdev/devkitPro/libnds/lib/libnds9.a(exceptions.o)
                0x02005eac                setExceptionHandler
 .text          0x02005ed4       0xf4 /home/yukult400/ndsdev/devkitPro/libnds/lib/libnds9.a(keys.o)
                0x02005ed4                scanKeys
                0x02005f40                keysHeld
                0x02005f4c                keysDown
                0x02005f5c                keysDownRepeat
                0x02005f6c                keysSetRepeat
                0x02005f84                keysUp
                0x02005f94                keysCurrent
 .text          0x02005fc8       0x24 /home/yukult400/ndsdev/devkitPro/libnds/lib/libnds9.a(sassert.o)
                0x02005fc8                __sassert
 .text          0x02005fec      0x3f8 /home/yukult400/ndsdev/devkitPro/libnds/lib/libnds9.a(sprite.o)
                0x02005fec                oamInit
                0x02006104                oamDisable
                0x02006134                oamEnable
                0x02006158                oamGetGfxPtr
                0x02006184                oamClear
                0x020061ac                oamGfxPtrToOffset
                0x020061e0                oamSet
                0x0200632c                oamUpdate
                0x0200638c                oamRotateScale
 .text          0x020063e4      0x460 /home/yukult400/ndsdev/devkitPro/libnds/lib/libnds9.a(sprite_alloc.o)
                0x02006414                oamAllocReset
                0x02006448                oamAllocateGfx
                0x02006660                oamFreeGfx
                0x020067fc                oamCountFragments
 .text          0x02006844       0x4c /home/yukult400/ndsdev/devkitPro/libnds/lib/libnds9.a(touch.o)
                0x02006844                touchRead
                0x0200686c                touchReadXY
 .text          0x02006890      0x248 /home/yukult400/ndsdev/devkitPro/libnds/lib/libnds9.a(trig.o)
                0x02006890                asinComp
                0x020068b4                sinLutLookup
                0x020068f0                sinLerp
                0x02006928                cosLerp
                0x0200693c                tanLutLookup
                0x02006974                tanLerp
                0x02006a24                asinLerp
                0x02006aa0                acosLerp
                0x02006ab4                atanComp
 .text          0x02006ad8     0x1594 /home/yukult400/ndsdev/devkitPro/libnds/lib/libnds9.a(videoGL.o)
                0x02006ad8                glGetGlobals
                0x02006ae0                glRotatef32i
                0x02006da8                glMaterialf
                0x02006e14                glTexCoord2f32
                0x02006e88                vramBlock_init
                0x02006ef4                vramBlock_Construct
                0x02006f1c                vramBlock_terminate
                0x02006f48                vramBlock_Deconstruct
                0x02006f5c                vramBlock__allocateBlock
                0x020070bc                vramBlock__deallocateBlock
                0x020071ec                vramBlock_examineSpecial
                0x02007418                vramBlock_allocateSpecial
                0x02007484                vramBlock_allocateBlock
                0x020074b8                vramBlock_deallocateBlock
                0x020074fc                vramBlock_deallocateAll
                0x0200750c                vramBlock_getAddr
                0x02007520                vramBlock_getSize
                0x02007534                glInit_C
                0x020076e4                glResetTextures
                0x0200776c                removePaletteFromTexture
                0x020077dc                glGenTextures
                0x0200787c                glDeleteTextures
                0x02007950                vramGetBank
                0x02007a10                glBindTexture
                0x02007a70                glColorTableEXT
                0x02007be0                glColorSubTableEXT
                0x02007c30                glGetColorTableEXT
                0x02007c6c                glAssignColorTable
                0x02007ce0                glTexParameter
                0x02007d18                glGetTexturePointer
                0x02007d38                glGetTexParameter
                0x02007d58                glGetColorTableParameterEXT
                0x02007d90                glTexImage2D
 .text          0x0200806c      0x19c /home/yukult400/ndsdev/devkitPro/libnds/lib/libnds9.a(initSystem.o)
                0x0200806c                initSystem
 .text          0x02008208      0xc8c /home/yukult400/ndsdev/devkitPro/libnds/lib/libnds9.a(fifosystem.o)
                0x02008468                fifoSendAddress
                0x02008494                fifoSendValue32
                0x020084d4                fifoSendDatamsg
                0x02008544                fifoGetAddress
                0x020085b8                fifoSetAddressHandler
                0x0200862c                fifoGetValue32
                0x020086a0                fifoSetValue32Handler
                0x02008714                fifoGetDatamsg
                0x02008bbc                fifoSetDatamsgHandler
                0x02008c54                fifoCheckAddress
                0x02008c78                fifoCheckDatamsg
                0x02008c9c                fifoCheckValue32
                0x02008cc0                fifoInit
 .text          0x02008e94      0x1f4 /home/yukult400/ndsdev/devkitPro/libnds/lib/libnds9.a(interrupts.o)
                0x02008e94                irqDummy
                0x02008e98                irqSet
                0x02008f08                irqInit
                0x02008f54                irqInitHandler
                0x02008f84                irqEnable
                0x02008fe8                irqDisable
                0x0200904c                irqClear
 .text          0x02009088       0x40 /home/yukult400/ndsdev/devkitPro/libnds/lib/libnds9.a(libnds_exit.o)
                0x02009088                systemErrorExit
                0x0200908c                __libnds_exit
 .text          0x020090c8       0x1c /home/yukult400/ndsdev/devkitPro/libnds/lib/libnds9.a(syscalls.o)
                0x020090c8                swiDecompressLZSSVram
 .text          0x020090e4       0x70 /home/yukult400/ndsdev/devkitPro/libnds/lib/libnds9.a(dcache.o)
                0x020090e4                DC_FlushAll
                0x02009110                DC_FlushRange
                0x0200912c                DC_InvalidateAll
                0x02009138                DC_InvalidateRange
 .text          0x02009154       0xdc /home/yukult400/ndsdev/devkitPro/libnds/lib/libnds9.a(exceptionHandler.o)
                0x02009154                getCPSR
                0x0200915c                enterException
                0x020091d0                exceptionC
                0x020091d4                exceptionStack
                0x020091d8                exceptionRegisters
 .text          0x02009230      0x1b4 /home/yukult400/ndsdev/devkitPro/libnds/lib/libnds9.a(mpu_setup.o)
                0x02009230                __libnds_mpu_setup
                0x02009370                memCached
                0x02009388                memUncached
 *fill*         0x020093e4        0xc ff
 .text          0x020093f0       0x70 /home/yukult400/ndsdev/devkitPro/libnds/lib/libnds9.a(biosCalls.o)
                0x020093f0                swiDelay
                0x020093f4                swiIntrWait
                0x020093f8                swiWaitForVBlank
                0x020093fc                swiSleep
                0x02009400                swiChangeSoundBias
                0x02009404                swiDivide
                0x02009408                swiRemainder
                0x0200940e                swiDivMod
                0x0200941a                swiCopy
                0x0200941e                swiFastCopy
                0x02009422                swiSqrt
                0x02009426                swiCRC16
                0x0200942a                swiIsDebugger
                0x0200942e                swiUnpackBits
                0x02009432                swiDecompressLZSSWram
                0x02009436                swiDecompressLZSSVramNTR
                0x0200943a                swiDecompressLZSSVramTWL
                0x0200943e                swiDecompressHuffman
                0x02009442                swiDecompressRLEWram
                0x02009446                swiDecompressRLEVram
                0x0200944a                swiWaitForIRQ
                0x0200944e                swiDecodeDelta8
                0x02009452                swiDecodeDelta16
                0x02009456                swiSetHaltCR
 .text          0x02009460       0xa4 /home/yukult400/ndsdev/devkitPro/libnds/lib/libnds9.a(debugprint.o)
                0x02009460                nocashWrite
                0x02009462                nocashMessage
 .text          0x02009504        0x0 /home/yukult400/ndsdev/devkitPro/libnds/lib/libnds9.a(interruptDispatcher.o)
 *fill*         0x02009504        0xc ff
 .text          0x02009510       0x30 /home/yukult400/ndsdev/devkitPro/libnds/lib/libnds9.a(swiSoftReset.o)
                0x02009510                swiSoftReset
 .text          0x02009540        0x0 /home/yukult400/ndsdev/devkitPro/libnds/lib/libnds9.a(default_font.bin.o)
 .text          0x02009540       0x90 /home/yukult400/ndsdev/devkitPro/libnds/lib/libnds9.a(dynamicArray.o)
                0x02009540                DynamicArrayInit
                0x02009558                DynamicArrayDelete
                0x0200956c                DynamicArrayGet
                0x02009584                DynamicArraySet
 .text          0x020095d0       0xf0 /home/yukult400/ndsdev/devkitPro/libnds/lib/libnds9.a(system.o)
                0x020095d0                systemMsgHandler
                0x02009614                systemSleep
                0x0200962c                powerValueHandler
                0x0200963c                powerOn
                0x02009668                powerOff
                0x02009690                ledBlink
                0x020096a0                getBatteryLevel
 .text          0x020096c0      0x1f8 /home/yukult400/ndsdev/devkitPro/libnds/lib/libnds9.a(video.o)
                0x020096c0                vramSetPrimaryBanks
                0x02009704                vramSetMainBanks
                0x02009748                vramSetBanks_EFG
                0x02009780                vramRestorePrimaryBanks
                0x0200978c                vramRestoreMainBanks
                0x02009798                vramRestoreBanks_EFG
                0x020097a4                setBrightness
                0x020097e4                vramDefault
 .text          0x020098b8      0x24c /home/yukult400/ndsdev/devkitPro/libnds/lib/libmm9.a(mm_comms.o)
                0x020098b8                mmSetupComms
                0x0200990a                mmSendBank
                0x02009914                mmLockChannels
                0x0200991a                mmUnlockChannels
                0x02009920                mmStart
                0x0200992a                mmPause
                0x0200992e                mmResume
                0x02009932                mmStop
                0x02009936                mmPosition
                0x0200993a                mmJingle
                0x0200993e                mmSetModuleVolume
                0x02009942                mmSetJingleVolume
                0x02009946                mmSetModuleTempo
                0x0200994a                mmSetModulePitch
                0x0200994e                mmSetEffectsVolume
                0x02009952                mmSelectMode
                0x02009956                mmStreamBegin
                0x0200996a                mmStreamEnd
                0x020099c0                mmEffect
                0x020099e4                mmEffectVolume
                0x020099e8                mmEffectPanning
                0x020099ec                mmEffectRate
                0x020099f6                mmEffectScaleRate
                0x02009a00                mmEffectRelease
                0x02009a06                mmEffectCancel
                0x02009a0c                mmEffectEx
                0x02009a4a                mmEffectCancelAll
                0x02009a4e                mmReverbEnable
                0x02009a52                mmReverbDisable
                0x02009a56                mmReverbConfigure
                0x02009ab2                mmReverbStart
                0x02009ab6                mmReverbStop
 .text          0x02009b04      0x108 /home/yukult400/ndsdev/devkitPro/libnds/lib/libmm9.a(mm_main9.o)
                0x02009b04                mmActive
                0x02009b0a                mmSetEventHandler
                0x02009b10                mmInit
                0x02009b3a                mmInitDefault
                0x02009b84                mmInitDefaultMem
                0x02009ba6                mmSuspendIRQ_t
                0x02009bc4                mmRestoreIRQ_t
 .text          0x02009c0c      0x120 /home/yukult400/ndsdev/devkitPro/libnds/lib/libmm9.a(mm_memory.o)
                0x02009c0c                mmLoad
                0x02009c5c                mmUnload
                0x02009cb4                mmLoadEffect
                0x02009cec                mmUnloadEffect
 .text          0x02009d2c      0x100 /home/yukult400/ndsdev/devkitPro/libnds/lib/libmm9.a(mm_soundbank.o)
                0x02009d2c                mmSoundBankInMemory
                0x02009d34                mmSoundBankInFiles
                0x02009d46                mmSetCustomSoundBankHandler
                0x02009d72                mmsHandleFileOp
 .text          0x02009e2c       0x3c /home/yukult400/ndsdev/devkitPro/libnds/lib/libmm9.a(mm_flusher.o)
                0x02009e2c                mmFlushBank
 .text          0x02009e68      0x11c /home/yukult400/ndsdev/devkitPro/devkitARM/bin/../lib/gcc/arm-eabi/4.6.2/thumb/libgcc.a(_udivsi3.o)
                0x02009e68                __udivsi3
                0x02009e68                __aeabi_uidiv
                0x02009f64                __aeabi_uidivmod
 .text          0x02009f84      0x150 /home/yukult400/ndsdev/devkitPro/devkitARM/bin/../lib/gcc/arm-eabi/4.6.2/thumb/libgcc.a(_divsi3.o)
                0x02009f84                __aeabi_idiv
                0x02009f84                __divsi3
                0x0200a0b4                __aeabi_idivmod
 .text          0x0200a0d4        0x4 /home/yukult400/ndsdev/devkitPro/devkitARM/bin/../lib/gcc/arm-eabi/4.6.2/thumb/libgcc.a(_dvmd_tls.o)
                0x0200a0d4                __aeabi_ldiv0
                0x0200a0d4                __aeabi_idiv0
 .text          0x0200a0d8       0x4c /home/yukult400/ndsdev/devkitPro/devkitARM/bin/../lib/gcc/arm-eabi/4.6.2/thumb/libgcc.a(_muldi3.o)
                0x0200a0d8                __aeabi_lmul
                0x0200a0d8                __muldi3
 .text          0x0200a124       0x64 /home/yukult400/ndsdev/devkitPro/devkitARM/bin/../lib/gcc/arm-eabi/4.6.2/../../../../arm-eabi/lib/thumb/libg.a(lib_a-bsearch.o)
                0x0200a124                bsearch
 .text          0x0200a188       0xb4 /home/yukult400/ndsdev/devkitPro/devkitARM/bin/../lib/gcc/arm-eabi/4.6.2/../../../../arm-eabi/lib/thumb/libg.a(lib_a-fclose.o)
                0x0200a188                _fclose_r
                0x0200a220                fclose
 .text          0x0200a23c      0x1a4 /home/yukult400/ndsdev/devkitPro/devkitARM/bin/../lib/gcc/arm-eabi/4.6.2/../../../../arm-eabi/lib/thumb/libg.a(lib_a-fflush.o)
                0x0200a23c                __sflush_r
                0x0200a380                _fflush_r
                0x0200a3b0                fflush
 .text          0x0200a3e0      0x1ec /home/yukult400/ndsdev/devkitPro/devkitARM/bin/../lib/gcc/arm-eabi/4.6.2/../../../../arm-eabi/lib/thumb/libg.a(lib_a-findfp.o)
                0x0200a3e8                _cleanup_r
                0x0200a448                __sfmoreglue
                0x0200a478                _cleanup
                0x0200a48c                __sinit
                0x0200a4e0                __sfp
                0x0200a584                __sfp_lock_acquire
                0x0200a588                __sfp_lock_release
                0x0200a58c                __sinit_lock_acquire
                0x0200a590                __sinit_lock_release
                0x0200a594                __fp_lock_all
                0x0200a5b0                __fp_unlock_all
 .text          0x0200a5cc       0xb0 /home/yukult400/ndsdev/devkitPro/devkitARM/bin/../lib/gcc/arm-eabi/4.6.2/../../../../arm-eabi/lib/thumb/libg.a(lib_a-fopen.o)
                0x0200a5cc                _fopen_r
                0x0200a660                fopen
 .text          0x0200a67c      0x190 /home/yukult400/ndsdev/devkitPro/devkitARM/bin/../lib/gcc/arm-eabi/4.6.2/../../../../arm-eabi/lib/thumb/libg.a(lib_a-fread.o)
                0x0200a67c                _fread_r
                0x0200a7e4                fread
 .text          0x0200a80c      0x248 /home/yukult400/ndsdev/devkitPro/devkitARM/bin/../lib/gcc/arm-eabi/4.6.2/../../../../arm-eabi/lib/thumb/libg.a(lib_a-freer.o)
                0x0200a80c                _malloc_trim_r
                0x0200a8b8                _free_r
 .text          0x0200aa54      0x31c /home/yukult400/ndsdev/devkitPro/devkitARM/bin/../lib/gcc/arm-eabi/4.6.2/../../../../arm-eabi/lib/thumb/libg.a(lib_a-fseek.o)
                0x0200aa54                _fseek_r
                0x0200ad4c                fseek
 .text          0x0200ad70       0xb4 /home/yukult400/ndsdev/devkitPro/devkitARM/bin/../lib/gcc/arm-eabi/4.6.2/../../../../arm-eabi/lib/thumb/libg.a(lib_a-fwalk.o)
                0x0200ad70                _fwalk
                0x0200adc4                _fwalk_reent
 .text          0x0200ae24        0x0 /home/yukult400/ndsdev/devkitPro/devkitARM/bin/../lib/gcc/arm-eabi/4.6.2/../../../../arm-eabi/lib/thumb/libg.a(lib_a-impure.o)
 .text          0x0200ae24       0x50 /home/yukult400/ndsdev/devkitPro/devkitARM/bin/../lib/gcc/arm-eabi/4.6.2/../../../../arm-eabi/lib/thumb/libg.a(lib_a-init.o)
                0x0200ae24                __libc_init_array
 .text          0x0200ae74       0x40 /home/yukult400/ndsdev/devkitPro/devkitARM/bin/../lib/gcc/arm-eabi/4.6.2/../../../../arm-eabi/lib/thumb/libg.a(lib_a-iprintf.o)
                0x0200ae74                iprintf
                0x0200ae98                _iprintf_r
 .text          0x0200aeb4       0xe4 /home/yukult400/ndsdev/devkitPro/devkitARM/bin/../lib/gcc/arm-eabi/4.6.2/../../../../arm-eabi/lib/thumb/libg.a(lib_a-makebuf.o)
                0x0200aeb4                __smakebuf_r
 .text          0x0200af98       0x30 /home/yukult400/ndsdev/devkitPro/devkitARM/bin/../lib/gcc/arm-eabi/4.6.2/../../../../arm-eabi/lib/thumb/libg.a(lib_a-malloc.o)
                0x0200af98                malloc
                0x0200afb0                free
 .text          0x0200afc8      0x514 /home/yukult400/ndsdev/devkitPro/devkitARM/bin/../lib/gcc/arm-eabi/4.6.2/../../../../arm-eabi/lib/thumb/libg.a(lib_a-mallocr.o)
                0x0200afc8                _malloc_r
 .text          0x0200b4dc       0x80 /home/yukult400/ndsdev/devkitPro/devkitARM/bin/../lib/gcc/arm-eabi/4.6.2/../../../../arm-eabi/lib/thumb/libg.a(lib_a-memcpy-stub.o)
                0x0200b4dc                memcpy
 .text          0x0200b55c       0x98 /home/yukult400/ndsdev/devkitPro/devkitARM/bin/../lib/gcc/arm-eabi/4.6.2/../../../../arm-eabi/lib/thumb/libg.a(lib_a-memset.o)
                0x0200b55c                memset
 .text          0x0200b5f4        0x8 /home/yukult400/ndsdev/devkitPro/devkitARM/bin/../lib/gcc/arm-eabi/4.6.2/../../../../arm-eabi/lib/thumb/libg.a(lib_a-mlock.o)
                0x0200b5f4                __malloc_lock
                0x0200b5f8                __malloc_unlock
 .text          0x0200b5fc       0x1c /home/yukult400/ndsdev/devkitPro/devkitARM/bin/../lib/gcc/arm-eabi/4.6.2/../../../../arm-eabi/lib/thumb/libg.a(lib_a-realloc.o)
                0x0200b5fc                realloc
 .text          0x0200b618      0x3c4 /home/yukult400/ndsdev/devkitPro/devkitARM/bin/../lib/gcc/arm-eabi/4.6.2/../../../../arm-eabi/lib/thumb/libg.a(lib_a-reallocr.o)
                0x0200b618                _realloc_r
 .text          0x0200b9dc      0x150 /home/yukult400/ndsdev/devkitPro/devkitARM/bin/../lib/gcc/arm-eabi/4.6.2/../../../../arm-eabi/lib/thumb/libg.a(lib_a-refill.o)
                0x0200b9fc                __srefill_r
 .text          0x0200bb2c      0x118 /home/yukult400/ndsdev/devkitPro/devkitARM/bin/../lib/gcc/arm-eabi/4.6.2/../../../../arm-eabi/lib/thumb/libg.a(lib_a-setvbuf.o)
                0x0200bb2c                setvbuf
 .text          0x0200bc44       0xa0 /home/yukult400/ndsdev/devkitPro/devkitARM/bin/../lib/gcc/arm-eabi/4.6.2/../../../../arm-eabi/lib/thumb/libg.a(lib_a-siscanf.o)
                0x0200bc44                siscanf
                0x0200bc94                _siscanf_r
 .text          0x0200bce4       0x84 /home/yukult400/ndsdev/devkitPro/devkitARM/bin/../lib/gcc/arm-eabi/4.6.2/../../../../arm-eabi/lib/thumb/libg.a(lib_a-sprintf.o)
                0x0200bce4                _sprintf_r
                0x0200bd24                sprintf
 .text          0x0200bd68       0xac /home/yukult400/ndsdev/devkitPro/devkitARM/bin/../lib/gcc/arm-eabi/4.6.2/../../../../arm-eabi/lib/thumb/libg.a(lib_a-stdio.o)
                0x0200bd68                __sread
                0x0200bd94                __seofread
                0x0200bd98                __swrite
                0x0200bdd4                __sseek
                0x0200be04                __sclose
 .text          0x0200be14       0x58 /home/yukult400/ndsdev/devkitPro/devkitARM/bin/../lib/gcc/arm-eabi/4.6.2/../../../../arm-eabi/lib/thumb/libg.a(lib_a-strcat.o)
                0x0200be14                strcat
 .text          0x0200be6c       0x10 /home/yukult400/ndsdev/devkitPro/devkitARM/bin/../lib/gcc/arm-eabi/4.6.2/../../../../arm-eabi/lib/thumb/libg.a(lib_a-strcpy.o)
                0x0200be6c                strcpy
 .text          0x0200be7c       0x10 /home/yukult400/ndsdev/devkitPro/devkitARM/bin/../lib/gcc/arm-eabi/4.6.2/../../../../arm-eabi/lib/thumb/libg.a(lib_a-strlen.o)
                0x0200be7c                strlen
 .text          0x0200be8c       0x78 /home/yukult400/ndsdev/devkitPro/devkitARM/bin/../lib/gcc/arm-eabi/4.6.2/../../../../arm-eabi/lib/thumb/libg.a(lib_a-strncpy.o)
                0x0200be8c                strncpy
 .text          0x0200bf04      0xa90 /home/yukult400/ndsdev/devkitPro/devkitARM/bin/../lib/gcc/arm-eabi/4.6.2/../../../../arm-eabi/lib/thumb/libg.a(lib_a-svfiscanf.o)
                0x0200bf04                _sungetc_r
                0x0200bf8c                __ssrefill_r
                0x0200bfd0                _sfread_r
                0x0200c05c                __ssvfiscanf_r
 *fill*         0x0200c994        0x4 ff
 .text          0x0200c998     0x1678 /home/yukult400/ndsdev/devkitPro/devkitARM/bin/../lib/gcc/arm-eabi/4.6.2/../../../../arm-eabi/lib/thumb/libg.a(lib_a-svfprintf.o)
                0x0200c998                _svfprintf_r
 .text          0x0200e010      0x180 /home/yukult400/ndsdev/devkitPro/devkitARM/bin/../lib/gcc/arm-eabi/4.6.2/../../../../arm-eabi/lib/thumb/libg.a(lib_a-ungetc.o)
                0x0200e010                __submore
                0x0200e098                _ungetc_r
                0x0200e174                ungetc
 .text          0x0200e190      0xea8 /home/yukult400/ndsdev/devkitPro/devkitARM/bin/../lib/gcc/arm-eabi/4.6.2/../../../../arm-eabi/lib/thumb/libg.a(lib_a-vfiprintf.o)
                0x0200e190                __sprint_r
                0x0200e214                _vfiprintf_r
                0x0200f014                vfiprintf
 .text          0x0200f038       0xdc /home/yukult400/ndsdev/devkitPro/devkitARM/bin/../lib/gcc/arm-eabi/4.6.2/../../../../arm-eabi/lib/thumb/libg.a(lib_a-wcrtomb.o)
                0x0200f038                _wcrtomb_r
                0x0200f09c                wcrtomb
 .text          0x0200f114       0x40 /home/yukult400/ndsdev/devkitPro/devkitARM/bin/../lib/gcc/arm-eabi/4.6.2/../../../../arm-eabi/lib/thumb/libg.a(lib_a-wcsrtombs.o)
                0x0200f114                _wcsrtombs_r
                0x0200f12c                wcsrtombs
 .text          0x0200f154      0x27c /home/yukult400/ndsdev/devkitPro/devkitARM/bin/../lib/gcc/arm-eabi/4.6.2/../../../../arm-eabi/lib/thumb/libg.a(lib_a-wctomb_r.o)
                0x0200f154                __utf8_wctomb
                0x0200f214                _wctomb_r
                0x0200f24c                __ascii_wctomb
                0x0200f26c                __sjis_wctomb
                0x0200f2d8                __eucjp_wctomb
                0x0200f354                __jis_wctomb
 .text          0x0200f3d0       0xd0 /home/yukult400/ndsdev/devkitPro/devkitARM/bin/../lib/gcc/arm-eabi/4.6.2/../../../../arm-eabi/lib/thumb/libg.a(lib_a-wsetup.o)
                0x0200f3d0                __swsetup_r
 .text          0x0200f4a0       0x10 /home/yukult400/ndsdev/devkitPro/devkitARM/bin/../lib/gcc/arm-eabi/4.6.2/../../../../arm-eabi/lib/thumb/libg.a(lib_a-ctype_.o)
                0x0200f4a0                __set_ctype
 .text          0x0200f4b0     0x1010 /home/yukult400/ndsdev/devkitPro/devkitARM/bin/../lib/gcc/arm-eabi/4.6.2/../../../../arm-eabi/lib/thumb/libg.a(lib_a-dtoa.o)
                0x0200f60c                _dtoa_r
 .text          0x020104c0       0x70 /home/yukult400/ndsdev/devkitPro/devkitARM/bin/../lib/gcc/arm-eabi/4.6.2/../../../../arm-eabi/lib/thumb/libg.a(lib_a-flags.o)
                0x020104c0                __sflags
 .text          0x02010530      0x108 /home/yukult400/ndsdev/devkitPro/devkitARM/bin/../lib/gcc/arm-eabi/4.6.2/../../../../arm-eabi/lib/thumb/libg.a(lib_a-fputwc.o)
                0x02010530                _fputwc_r
                0x0201060c                fputwc
 .text          0x02010638      0x308 /home/yukult400/ndsdev/devkitPro/devkitARM/bin/../lib/gcc/arm-eabi/4.6.2/../../../../arm-eabi/lib/thumb/libg.a(lib_a-fvwrite.o)
                0x02010638                __sfvwrite_r
 .text          0x02010940       0x84 /home/yukult400/ndsdev/devkitPro/devkitARM/bin/../lib/gcc/arm-eabi/4.6.2/../../../../arm-eabi/lib/thumb/libg.a(lib_a-iswspace.o)
                0x02010940                iswspace
 .text          0x020109c4      0x1f4 /home/yukult400/ndsdev/devkitPro/devkitARM/bin/../lib/gcc/arm-eabi/4.6.2/../../../../arm-eabi/lib/thumb/libg.a(lib_a-jp2uc.o)
                0x02010b54                _jp2uc
 .text          0x02010bb8      0x93c /home/yukult400/ndsdev/devkitPro/devkitARM/bin/../lib/gcc/arm-eabi/4.6.2/../../../../arm-eabi/lib/thumb/libg.a(lib_a-locale.o)
                0x02011278                _setlocale_r
                0x02011494                __locale_charset
                0x0201149c                __locale_mb_cur_max
                0x020114a8                __locale_msgcharset
                0x020114b4                __locale_cjk_lang
                0x020114c0                _localeconv_r
                0x020114cc                setlocale
                0x020114e8                localeconv
 .text          0x020114f4       0xfc /home/yukult400/ndsdev/devkitPro/devkitARM/bin/../lib/gcc/arm-eabi/4.6.2/../../../../arm-eabi/lib/thumb/libg.a(lib_a-mbrtowc.o)
                0x020114f4                _mbrtowc_r
                0x02011568                mbrtowc
 .text          0x020115f0      0x5f8 /home/yukult400/ndsdev/devkitPro/devkitARM/bin/../lib/gcc/arm-eabi/4.6.2/../../../../arm-eabi/lib/thumb/libg.a(lib_a-mbtowc_r.o)
                0x020115f0                __utf8_mbtowc
                0x020118b8                _mbtowc_r
                0x020118f4                __ascii_mbtowc
                0x02011920                __sjis_mbtowc
                0x020119dc                __eucjp_mbtowc
                0x02011abc                __jis_mbtowc
 .text          0x02011be8       0x94 /home/yukult400/ndsdev/devkitPro/devkitARM/bin/../lib/gcc/arm-eabi/4.6.2/../../../../arm-eabi/lib/thumb/libg.a(lib_a-memchr-stub.o)
                0x02011be8                memchr
 .text          0x02011c7c       0xa8 /home/yukult400/ndsdev/devkitPro/devkitARM/bin/../lib/gcc/arm-eabi/4.6.2/../../../../arm-eabi/lib/thumb/libg.a(lib_a-memmove.o)
                0x02011c7c                memmove
 *fill*         0x02011d24        0x4 ff
 .text          0x02011d28      0x988 /home/yukult400/ndsdev/devkitPro/devkitARM/bin/../lib/gcc/arm-eabi/4.6.2/../../../../arm-eabi/lib/thumb/libg.a(lib_a-mprec.o)
                0x02011d28                _Balloc
                0x02011d7c                _Bfree
                0x02011d94                __multadd
                0x02011e28                __s2b
                0x02011ebc                __hi0bits
                0x02011ef4                __lo0bits
                0x02011f54                __i2b
                0x02011f6c                __multiply
                0x020120dc                __pow5mult
                0x0201218c                __lshift
                0x0201225c                __mcmp
                0x02012298                __mdiff
                0x02012384                __ulp
                0x020123cc                __b2d
                0x02012488                __d2b
                0x02012558                __ratio
                0x020125c4                _mprec_log10
                0x02012604                __copybits
                0x0201264c                __any_on
 .text          0x020126b0       0x7c /home/yukult400/ndsdev/devkitPro/devkitARM/bin/../lib/gcc/arm-eabi/4.6.2/../../../../arm-eabi/lib/thumb/libg.a(lib_a-sccl.o)
                0x020126b0                __sccl
 .text          0x0201272c       0x90 /home/yukult400/ndsdev/devkitPro/devkitARM/bin/../lib/gcc/arm-eabi/4.6.2/../../../../arm-eabi/lib/thumb/libg.a(lib_a-s_fpclassify.o)
                0x0201272c                __fpclassifyd
 .text          0x020127bc       0x50 /home/yukult400/ndsdev/devkitPro/devkitARM/bin/../lib/gcc/arm-eabi/4.6.2/../../../../arm-eabi/lib/thumb/libg.a(lib_a-strcasecmp.o)
                0x020127bc                strcasecmp
 .text          0x0201280c       0xe4 /home/yukult400/ndsdev/devkitPro/devkitARM/bin/../lib/gcc/arm-eabi/4.6.2/../../../../arm-eabi/lib/thumb/libg.a(lib_a-strchr.o)
                0x0201280c                strchr
 .text          0x020128f0       0x14 /home/yukult400/ndsdev/devkitPro/devkitARM/bin/../lib/gcc/arm-eabi/4.6.2/../../../../arm-eabi/lib/thumb/libg.a(lib_a-strcmp.o)
                0x020128f0                strcmp
 .text          0x02012904       0x4c /home/yukult400/ndsdev/devkitPro/devkitARM/bin/../lib/gcc/arm-eabi/4.6.2/../../../../arm-eabi/lib/thumb/libg.a(lib_a-strlcpy.o)
                0x02012904                strlcpy
 .text          0x02012950       0x60 /home/yukult400/ndsdev/devkitPro/devkitARM/bin/../lib/gcc/arm-eabi/4.6.2/../../../../arm-eabi/lib/thumb/libg.a(lib_a-strncasecmp.o)
                0x02012950                strncasecmp
 .text          0x020129b0       0xc0 /home/yukult400/ndsdev/devkitPro/devkitARM/bin/../lib/gcc/arm-eabi/4.6.2/../../../../arm-eabi/lib/thumb/libg.a(lib_a-strncmp.o)
                0x020129b0                strncmp
 .text          0x02012a70      0x210 /home/yukult400/ndsdev/devkitPro/devkitARM/bin/../lib/gcc/arm-eabi/4.6.2/../../../../arm-eabi/lib/thumb/libg.a(lib_a-strtoll_r.o)
                0x02012a70                _strtoll_r
 .text          0x02012c80      0x184 /home/yukult400/ndsdev/devkitPro/devkitARM/bin/../lib/gcc/arm-eabi/4.6.2/../../../../arm-eabi/lib/thumb/libg.a(lib_a-strtol.o)
                0x02012c80                _strtol_r
                0x02012de4                strtol
 *fill*         0x02012e04        0x4 ff
 .text          0x02012e08      0x220 /home/yukult400/ndsdev/devkitPro/devkitARM/bin/../lib/gcc/arm-eabi/4.6.2/../../../../arm-eabi/lib/thumb/libg.a(lib_a-strtoull_r.o)
                0x02012e08                _strtoull_r
 .text          0x02013028      0x198 /home/yukult400/ndsdev/devkitPro/devkitARM/bin/../lib/gcc/arm-eabi/4.6.2/../../../../arm-eabi/lib/thumb/libg.a(lib_a-strtoul.o)
                0x02013028                _strtoul_r
                0x020131a0                strtoul
 .text          0x020131c0      0xd9c /home/yukult400/ndsdev/devkitPro/devkitARM/bin/../lib/gcc/arm-eabi/4.6.2/../../../../arm-eabi/lib/thumb/libg.a(lib_a-svfiprintf.o)
                0x020131c0                __ssprint_r
                0x020132f0                _svfiprintf_r
 .text          0x02013f5c       0xd4 /home/yukult400/ndsdev/devkitPro/devkitARM/bin/../lib/gcc/arm-eabi/4.6.2/../../../../arm-eabi/lib/thumb/libg.a(lib_a-wbuf.o)
                0x02013f5c                __swbuf_r
                0x02014014                __swbuf
 .text          0x02014030      0x13c /home/yukult400/ndsdev/devkitPro/devkitARM/bin/../lib/gcc/arm-eabi/4.6.2/../../../../arm-eabi/lib/thumb/libg.a(lib_a-wcsnrtombs.o)
                0x02014030                _wcsnrtombs_r
                0x0201413c                wcsnrtombs
 .text          0x0201416c       0x64 /home/yukult400/ndsdev/devkitPro/devkitARM/bin/../lib/gcc/arm-eabi/4.6.2/../../../../arm-eabi/lib/thumb/libg.a(lib_a-callocr.o)
                0x0201416c                _calloc_r
 .text          0x020141d0       0xa8 /home/yukult400/ndsdev/devkitPro/devkitARM/bin/../lib/gcc/arm-eabi/4.6.2/../../../../arm-eabi/lib/thumb/libg.a(lib_a-getenv_r.o)
                0x020141d0                _findenv_r
                0x02014268                _getenv_r
 .text          0x02014278        0x0 /home/yukult400/ndsdev/devkitPro/devkitARM/bin/../lib/gcc/arm-eabi/4.6.2/../../../../arm-eabi/lib/thumb/libg.a(lib_a-environ.o)
 .text          0x02014278        0x8 /home/yukult400/ndsdev/devkitPro/devkitARM/bin/../lib/gcc/arm-eabi/4.6.2/../../../../arm-eabi/lib/thumb/libg.a(lib_a-envlock.o)
                0x02014278                __env_lock
                0x0201427c                __env_unlock
 .text          0x02014280      0x144 /home/yukult400/ndsdev/devkitPro/devkitARM/bin/../lib/gcc/arm-eabi/4.6.2/../../../../arm-eabi/lib/thumb/libsysbase.a(iosupport.o)
                0x02014280                setDefaultDevice
                0x02014294                FindDevice
                0x02014304                RemoveDevice
                0x02014328                AddDevice
                0x020143a4                GetDeviceOpTab
 .text          0x020143c4       0x50 /home/yukult400/ndsdev/devkitPro/devkitARM/bin/../lib/gcc/arm-eabi/4.6.2/../../../../arm-eabi/lib/thumb/libsysbase.a(close.o)
                0x020143c4                _close_r
 .text          0x02014414       0x58 /home/yukult400/ndsdev/devkitPro/devkitARM/bin/../lib/gcc/arm-eabi/4.6.2/../../../../arm-eabi/lib/thumb/libsysbase.a(fstat.o)
                0x02014414                _fstat_r
 .text          0x0201446c        0x4 /home/yukult400/ndsdev/devkitPro/devkitARM/bin/../lib/gcc/arm-eabi/4.6.2/../../../../arm-eabi/lib/thumb/libsysbase.a(isatty.o)
                0x0201446c                _isatty_r
 .text          0x02014470       0x54 /home/yukult400/ndsdev/devkitPro/devkitARM/bin/../lib/gcc/arm-eabi/4.6.2/../../../../arm-eabi/lib/thumb/libsysbase.a(lseek.o)
                0x02014470                _lseek_r
 .text          0x020144c4       0xa0 /home/yukult400/ndsdev/devkitPro/devkitARM/bin/../lib/gcc/arm-eabi/4.6.2/../../../../arm-eabi/lib/thumb/libsysbase.a(open.o)
                0x020144c4                _open_r
 .text          0x02014564       0x54 /home/yukult400/ndsdev/devkitPro/devkitARM/bin/../lib/gcc/arm-eabi/4.6.2/../../../../arm-eabi/lib/thumb/libsysbase.a(read.o)
                0x02014564                _read_r
 .text          0x020145b8       0x54 /home/yukult400/ndsdev/devkitPro/devkitARM/bin/../lib/gcc/arm-eabi/4.6.2/../../../../arm-eabi/lib/thumb/libsysbase.a(sbrk.o)
                0x020145b8                _sbrk_r
 .text          0x0201460c       0x48 /home/yukult400/ndsdev/devkitPro/devkitARM/bin/../lib/gcc/arm-eabi/4.6.2/../../../../arm-eabi/lib/thumb/libsysbase.a(times.o)
                0x0201460c                _times
                0x02014620                _times_r
                0x02014628                _gettimeofday_r
 .text          0x02014654       0x54 /home/yukult400/ndsdev/devkitPro/devkitARM/bin/../lib/gcc/arm-eabi/4.6.2/../../../../arm-eabi/lib/thumb/libsysbase.a(write.o)
                0x02014654                _write_r
 .text          0x020146a8        0x0 /home/yukult400/ndsdev/devkitPro/devkitARM/bin/../lib/gcc/arm-eabi/4.6.2/../../../../arm-eabi/lib/thumb/libsysbase.a(malloc_vars.o)
 .text          0x020146a8       0x48 /home/yukult400/ndsdev/devkitPro/devkitARM/bin/../lib/gcc/arm-eabi/4.6.2/../../../../arm-eabi/lib/thumb/libsysbase.a(build_argv.o)
                0x020146a8                build_argv
 .text          0x020146f0        0x0 /home/yukult400/ndsdev/devkitPro/devkitARM/bin/../lib/gcc/arm-eabi/4.6.2/../../../../arm-eabi/lib/thumb/libsysbase.a(syscall_support.o)
 .text          0x020146f0       0x80 /home/yukult400/ndsdev/devkitPro/devkitARM/bin/../lib/gcc/arm-eabi/4.6.2/../../../../arm-eabi/lib/thumb/libsysbase.a(handle_manager.o)
                0x020146f0                __release_handle
                0x0201471c                __alloc_handle
                0x02014754                __get_handle
 .text          0x02014770      0x41c /home/yukult400/ndsdev/devkitPro/devkitARM/bin/../lib/gcc/arm-eabi/4.6.2/thumb/libgcc.a(_arm_addsubdf3.o)
                0x02014770                __aeabi_drsub
                0x02014778                __aeabi_dsub
                0x02014778                __subdf3
                0x0201477c                __adddf3
                0x0201477c                __aeabi_dadd
                0x02014a8c                __aeabi_ui2d
                0x02014a8c                __floatunsidf
                0x02014ab0                __floatsidf
                0x02014ab0                __aeabi_i2d
                0x02014ad8                __extendsfdf2
                0x02014ad8                __aeabi_f2d
                0x02014b18                __aeabi_ul2d
                0x02014b18                __floatundidf
                0x02014b2c                __floatdidf
                0x02014b2c                __aeabi_l2d
 .text          0x02014b8c      0x49c /home/yukult400/ndsdev/devkitPro/devkitARM/bin/../lib/gcc/arm-eabi/4.6.2/thumb/libgcc.a(_arm_muldivdf3.o)
                0x02014b8c                __aeabi_dmul
                0x02014b8c                __muldf3
                0x02014e1c                __aeabi_ddiv
                0x02014e1c                __divdf3
 .text          0x02015028      0x144 /home/yukult400/ndsdev/devkitPro/devkitARM/bin/../lib/gcc/arm-eabi/4.6.2/thumb/libgcc.a(_arm_cmpdf2.o)
                0x02015028                __gtdf2
                0x02015028                __gedf2
                0x02015030                __ltdf2
                0x02015030                __ledf2
                0x02015038                __cmpdf2
                0x02015038                __eqdf2
                0x02015038                __nedf2
                0x020150c0                __aeabi_cdrcmple
                0x020150dc                __aeabi_cdcmple
                0x020150dc                __aeabi_cdcmpeq
                0x020150f4                __aeabi_dcmpeq
                0x0201510c                __aeabi_dcmplt
                0x02015124                __aeabi_dcmple
                0x0201513c                __aeabi_dcmpge
                0x02015154                __aeabi_dcmpgt
 .text          0x0201516c       0x5c /home/yukult400/ndsdev/devkitPro/devkitARM/bin/../lib/gcc/arm-eabi/4.6.2/thumb/libgcc.a(_arm_fixdfsi.o)
                0x0201516c                __fixdfsi
                0x0201516c                __aeabi_d2iz
 .text          0x020151c8       0x3c /home/yukult400/ndsdev/devkitPro/devkitARM/bin/../lib/gcc/arm-eabi/4.6.2/thumb/libgcc.a(_aeabi_uldivmod.o)
                0x020151c8                __aeabi_uldivmod
 .text          0x02015204       0x74 /home/yukult400/ndsdev/devkitPro/devkitARM/bin/../lib/gcc/arm-eabi/4.6.2/thumb/libgcc.a(bpabi.o)
                0x02015204                __gnu_ldivmod_helper
                0x02015240                __gnu_uldivmod_helper
 .text          0x02015278      0x3c8 /home/yukult400/ndsdev/devkitPro/devkitARM/bin/../lib/gcc/arm-eabi/4.6.2/thumb/libgcc.a(_divdi3.o)
                0x02015278                __divdi3
 .text          0x02015640      0x370 /home/yukult400/ndsdev/devkitPro/devkitARM/bin/../lib/gcc/arm-eabi/4.6.2/thumb/libgcc.a(_udivdi3.o)
                0x02015640                __udivdi3
 .text          0x020159b0       0x48 /home/yukult400/ndsdev/devkitPro/devkitARM/bin/../lib/gcc/arm-eabi/4.6.2/thumb/libgcc.a(_clzsi2.o)
                0x020159b0                __clzsi2
 .text          0x020159f8        0xc /home/yukult400/ndsdev/devkitPro/devkitARM/bin/../lib/gcc/arm-eabi/4.6.2/../../../../arm-eabi/lib/thumb/libg.a(lib_a-errno.o)
                0x020159f8                __errno
 .text          0x02015a04        0x0 /home/yukult400/ndsdev/devkitPro/devkitARM/bin/../lib/gcc/arm-eabi/4.6.2/thumb/crtend.o
 .text          0x02015a04        0x0 /home/yukult400/ndsdev/devkitPro/devkitARM/bin/../lib/gcc/arm-eabi/4.6.2/thumb/crtn.o
 *fill*         0x02015a04        0x4 ff
 .text.stub     0x02015a08       0x10 linker stubs
 *(.text.*)
 *(.stub)
 *(.gnu.warning)
 *(.gnu.linkonce.t*)
 *(.glue_7)
 .glue_7        0x00000000        0x0 linker stubs
 *(.glue_7t)
 .glue_7t       0x00000000        0x0 linker stubs
                0x02015a18                . = ALIGN (0x4)

.vfp11_veneer   0x02015a18        0x0
 .vfp11_veneer  0x00000000        0x0 linker stubs

.v4_bx          0x02015a18        0x0
 .v4_bx         0x00000000        0x0 linker stubs

.fini           0x02015a18        0xc
 *(.fini)
 .fini          0x02015a18        0x4 /home/yukult400/ndsdev/devkitPro/devkitARM/bin/../lib/gcc/arm-eabi/4.6.2/thumb/crti.o
                0x02015a18                _fini
 .fini          0x02015a1c        0x8 /home/yukult400/ndsdev/devkitPro/devkitARM/bin/../lib/gcc/arm-eabi/4.6.2/thumb/crtn.o
                0x02015a24                __text_end = .

.rodata         0x02015a28    0x42460
 *(.rodata)
 .rodata        0x02015a28    0x28f28 soundbank_bin.o
                0x02015a28                soundbank_bin
                0x0203e94c                soundbank_bin_end
                0x0203e94c                soundbank_bin_size
 .rodata        0x0203e950     0xc200 drunkenlogo.o
                0x0203e950                drunkenlogoBitmap
                0x0204a950                drunkenlogoPal
 .rodata        0x0204ab50     0x2ff8 piano_image.o
                0x0204ab50                piano_imageBitmap
 .rodata        0x0204db48     0x3200 woman.o
                0x0204db48                womanTiles
                0x02050b48                womanPal
 .rodata        0x02050d48       0x20 tasks.o
 .rodata        0x02050d68      0x1b8 gdbStub.o
 .rodata        0x02050f20      0x358 sevencore_io.o
 .rodata        0x02051278      0x358 ControlTask.o
 .rodata        0x020515d0        0xc main.o
 .rodata        0x020515dc      0x200 /home/yukult400/ndsdev/devkitPro/libnds/lib/libnds9.a(console.o)
 .rodata        0x020517dc       0x14 /home/yukult400/ndsdev/devkitPro/libnds/lib/libnds9.a(decompress.o)
 .rodata        0x020517f0      0x308 /home/yukult400/ndsdev/devkitPro/libnds/lib/libnds9.a(trig.o)
                0x020517f0                SIN_LUT
                0x020518f4                TAN_LUT
 .rodata        0x02051af8       0x8c /home/yukult400/ndsdev/devkitPro/libnds/lib/libnds9.a(videoGL.o)
 .rodata        0x02051b84     0x2004 /home/yukult400/ndsdev/devkitPro/libnds/lib/libnds9.a(default_font.bin.o)
                0x02051b84                default_font_bin
                0x02053b84                default_font_bin_end
                0x02053b84                default_font_bin_size
 .rodata        0x02053b88        0x4 /home/yukult400/ndsdev/devkitPro/devkitARM/bin/../lib/gcc/arm-eabi/4.6.2/../../../../arm-eabi/lib/thumb/libg.a(lib_a-impure.o)
                0x02053b88                _global_impure_ptr
 .rodata        0x02053b8c      0x340 /home/yukult400/ndsdev/devkitPro/devkitARM/bin/../lib/gcc/arm-eabi/4.6.2/../../../../arm-eabi/lib/thumb/libg.a(lib_a-svfiscanf.o)
 .rodata        0x02053ecc      0x184 /home/yukult400/ndsdev/devkitPro/devkitARM/bin/../lib/gcc/arm-eabi/4.6.2/../../../../arm-eabi/lib/thumb/libg.a(lib_a-svfprintf.o)
 .rodata        0x02054050      0x184 /home/yukult400/ndsdev/devkitPro/devkitARM/bin/../lib/gcc/arm-eabi/4.6.2/../../../../arm-eabi/lib/thumb/libg.a(lib_a-vfiprintf.o)
 .rodata        0x020541d4      0x104 /home/yukult400/ndsdev/devkitPro/devkitARM/bin/../lib/gcc/arm-eabi/4.6.2/../../../../arm-eabi/lib/thumb/libg.a(lib_a-ctype_.o)
                0x020541d4                _ctype_
 .rodata        0x020542d8     0x34f0 /home/yukult400/ndsdev/devkitPro/devkitARM/bin/../lib/gcc/arm-eabi/4.6.2/../../../../arm-eabi/lib/thumb/libg.a(lib_a-jp2uc.o)
 .rodata        0x020577c8       0xf0 /home/yukult400/ndsdev/devkitPro/devkitARM/bin/../lib/gcc/arm-eabi/4.6.2/../../../../arm-eabi/lib/thumb/libg.a(lib_a-locale.o)
 .rodata        0x020578b8       0xa8 /home/yukult400/ndsdev/devkitPro/devkitARM/bin/../lib/gcc/arm-eabi/4.6.2/../../../../arm-eabi/lib/thumb/libg.a(lib_a-mbtowc_r.o)
 .rodata        0x02057960      0x128 /home/yukult400/ndsdev/devkitPro/devkitARM/bin/../lib/gcc/arm-eabi/4.6.2/../../../../arm-eabi/lib/thumb/libg.a(lib_a-mprec.o)
                0x02057970                __mprec_tens
                0x02057a38                __mprec_tinytens
                0x02057a60                __mprec_bigtens
 .rodata        0x02057a88      0x184 /home/yukult400/ndsdev/devkitPro/devkitARM/bin/../lib/gcc/arm-eabi/4.6.2/../../../../arm-eabi/lib/thumb/libg.a(lib_a-svfiprintf.o)
 .rodata        0x02057c0c       0x64 /home/yukult400/ndsdev/devkitPro/devkitARM/bin/../lib/gcc/arm-eabi/4.6.2/../../../../arm-eabi/lib/thumb/libsysbase.a(iosupport.o)
                0x02057c0c                dotab_stdnull
 *all.rodata*(*)
 *(.roda)
 *(.rodata.*)
 .rodata.str1.4
                0x02057c70       0x49 /home/yukult400/ndsdev/devkitPro/libnds/lib/libnds9.a(console.o)
                                 0x4c (size before relaxing)
 *fill*         0x02057cb9        0x3 ff
 .rodata.str1.4
                0x02057cbc       0x44 /home/yukult400/ndsdev/devkitPro/libnds/lib/libnds9.a(sassert.o)
 .rodata.str1.4
                0x02057d00        0x2 /home/yukult400/ndsdev/devkitPro/devkitARM/bin/../lib/gcc/arm-eabi/4.6.2/../../../../arm-eabi/lib/thumb/libg.a(lib_a-impure.o)
                                  0x4 (size before relaxing)
 *fill*         0x02057d02        0x2 ff
 .rodata.str1.4
                0x02057d04       0x42 /home/yukult400/ndsdev/devkitPro/devkitARM/bin/../lib/gcc/arm-eabi/4.6.2/../../../../arm-eabi/lib/thumb/libg.a(lib_a-svfprintf.o)
                                 0x44 (size before relaxing)
 .rodata.str1.4
                0x00000000       0x30 /home/yukult400/ndsdev/devkitPro/devkitARM/bin/../lib/gcc/arm-eabi/4.6.2/../../../../arm-eabi/lib/thumb/libg.a(lib_a-vfiprintf.o)
 *fill*         0x02057d46        0x2 ff
 .rodata.str1.4
                0x02057d48       0x10 /home/yukult400/ndsdev/devkitPro/devkitARM/bin/../lib/gcc/arm-eabi/4.6.2/../../../../arm-eabi/lib/thumb/libg.a(lib_a-dtoa.o)
                                 0x14 (size before relaxing)
 .rodata.str1.4
                0x02057d58       0x12 /home/yukult400/ndsdev/devkitPro/devkitARM/bin/../lib/gcc/arm-eabi/4.6.2/../../../../arm-eabi/lib/thumb/libg.a(lib_a-jp2uc.o)
                                 0x14 (size before relaxing)
 *fill*         0x02057d6a        0x2 ff
 .rodata.str1.4
                0x02057d6c      0x112 /home/yukult400/ndsdev/devkitPro/devkitARM/bin/../lib/gcc/arm-eabi/4.6.2/../../../../arm-eabi/lib/thumb/libg.a(lib_a-locale.o)
                                0x130 (size before relaxing)
 .rodata.str1.4
                0x00000000        0x4 /home/yukult400/ndsdev/devkitPro/devkitARM/bin/../lib/gcc/arm-eabi/4.6.2/../../../../arm-eabi/lib/thumb/libg.a(lib_a-mbrtowc.o)
 .rodata.str1.4
                0x00000000       0x30 /home/yukult400/ndsdev/devkitPro/devkitARM/bin/../lib/gcc/arm-eabi/4.6.2/../../../../arm-eabi/lib/thumb/libg.a(lib_a-svfiprintf.o)
 *fill*         0x02057e7e        0x2 ff
 .rodata.str1.4
                0x02057e80        0x8 /home/yukult400/ndsdev/devkitPro/devkitARM/bin/../lib/gcc/arm-eabi/4.6.2/../../../../arm-eabi/lib/thumb/libsysbase.a(iosupport.o)
 *(.gnu.linkonce.r*)
                0x02057e88                . = ALIGN (0x4)

.ARM.extab
 *(.ARM.extab* .gnu.linkonce.armextab.*)
                0x02057e88                __exidx_start = .

ARM.exidx
 *(.ARM.exidx* .gnu.linkonce.armexidx.*)
                0x02057e88                __exidx_end = .
                0x02057e88                . = ALIGN (0x4)
                0x02057e88                PROVIDE (__preinit_array_start, .)

.preinit_array
 *(.preinit_array)
                0x02057e88                PROVIDE (__preinit_array_end, .)
                0x02057e88                PROVIDE (__init_array_start, .)

.init_array     0x02057e88        0x4
 *(SORT(.init_array.*))
 *(.init_array)
 .init_array    0x02057e88        0x4 /home/yukult400/ndsdev/devkitPro/devkitARM/bin/../lib/gcc/arm-eabi/4.6.2/thumb/crtbegin.o
                0x02057e8c                PROVIDE (__init_array_end, .)
                0x02057e8c                PROVIDE (__fini_array_start, .)

.fini_array     0x02057e8c        0x4
 *(.fini_array)
 .fini_array    0x02057e8c        0x4 /home/yukult400/ndsdev/devkitPro/devkitARM/bin/../lib/gcc/arm-eabi/4.6.2/thumb/crtbegin.o
 *(SORT(.fini_array.*))
                0x02057e90                PROVIDE (__fini_array_end, .)

.ctors          0x02057e90        0x0
 *crtbegin.o(.ctors)
 *(EXCLUDE_FILE(*crtend.o) .ctors)
 *(SORT(.ctors.*))
 *(.ctors)
                0x02057e90                . = ALIGN (0x4)

.dtors          0x02057e90        0x0
 *crtbegin.o(.dtors)
 *(EXCLUDE_FILE(*crtend.o) .dtors)
 *(SORT(.dtors.*))
 *(.dtors)
                0x02057e90                . = ALIGN (0x4)

.eh_frame       0x02057e90        0x4
 *(.eh_frame)
 .eh_frame      0x02057e90        0x0 /home/yukult400/ndsdev/devkitPro/devkitARM/bin/../lib/gcc/arm-eabi/4.6.2/thumb/crtbegin.o
 .eh_frame      0x02057e90        0x4 /home/yukult400/ndsdev/devkitPro/devkitARM/bin/../lib/gcc/arm-eabi/4.6.2/thumb/crtend.o
                0x02057e94                . = ALIGN (0x4)

.gcc_except_table
                0x02057e94        0x0
 *(.gcc_except_table)
                0x02057e94                . = ALIGN (0x4)

.jcr            0x02057e94        0x4
 *(.jcr)
 .jcr           0x02057e94        0x0 /home/yukult400/ndsdev/devkitPro/devkitARM/bin/../lib/gcc/arm-eabi/4.6.2/thumb/crtbegin.o
 .jcr           0x02057e94        0x4 /home/yukult400/ndsdev/devkitPro/devkitARM/bin/../lib/gcc/arm-eabi/4.6.2/thumb/crtend.o

.got
 *(.got.plt)
 *(.got)
 *(.rel.got)

.ewram          0x02057e98        0x0
                0x02057e98                __ewram_start = ABSOLUTE (.)
 *(.ewram)
 *ewram.*(.text)
                0x02057e98                . = ALIGN (0x4)

.data           0x02057e98      0xb98
                0x02057e98                __data_start = ABSOLUTE (.)
 *(.data)
 .data          0x02057e98        0x0 /home/yukult400/ndsdev/devkitPro/devkitARM/bin/../lib/gcc/arm-eabi/4.6.2/../../../../arm-eabi/lib/thumb/ds_arm9_crt0.o
 .data          0x02057e98        0x0 /home/yukult400/ndsdev/devkitPro/devkitARM/bin/../lib/gcc/arm-eabi/4.6.2/thumb/crti.o
 .data          0x02057e98        0x4 /home/yukult400/ndsdev/devkitPro/devkitARM/bin/../lib/gcc/arm-eabi/4.6.2/thumb/crtbegin.o
                0x02057e98                __dso_handle
 .data          0x02057e9c        0x0 soundbank_bin.o
 .data          0x02057e9c        0x0 drunkenlogo.o
 .data          0x02057e9c        0x0 piano_image.o
 .data          0x02057e9c        0x0 woman.o
 .data          0x02057e9c        0x0 croutine.o
 .data          0x02057e9c        0x0 list.o
 .data          0x02057e9c        0x0 queue.o
 .data          0x02057e9c        0x4 tasks.o
 .data          0x02057ea0        0x4 card_spi.o
 .data          0x02057ea4        0x8 gdbStub.o
                0x02057ea8                pRegisters
 .data          0x02057eac        0x0 heap_3.o
 .data          0x02057eac        0x4 port.o
 .data          0x02057eb0        0x4 portISR.o
                0x02057eb0                ulCriticalNesting
 .data          0x02057eb4       0x34 sevencore_io.o
 .data          0x02057ee8       0x1c ControlTask.o
                0x02057eec                ambulance
                0x02057ef8                boom
 .data          0x02057f04        0x4 main.o
 .data          0x02057f08        0x0 gdbStubAsm.o
 .data          0x02057f08        0x0 port_asm.o
 .data          0x02057f08       0x60 /home/yukult400/ndsdev/devkitPro/libnds/lib/libnds9.a(background.o)
                0x02057f08                bgScrollTable
                0x02057f28                bgTransform
                0x02057f48                bgControl
 .data          0x02057f68       0x64 /home/yukult400/ndsdev/devkitPro/libnds/lib/libnds9.a(console.o)
                0x02057f68                currentConsole
                0x02057f6c                defaultConsole
 .data          0x02057fcc        0xc /home/yukult400/ndsdev/devkitPro/libnds/lib/libnds9.a(decompress.o)
                0x02057fcc                decomStream
 .data          0x02057fd8        0x0 /home/yukult400/ndsdev/devkitPro/libnds/lib/libnds9.a(exceptions.o)
 .data          0x02057fd8        0x3 /home/yukult400/ndsdev/devkitPro/libnds/lib/libnds9.a(keys.o)
 .data          0x02057fdb        0x0 /home/yukult400/ndsdev/devkitPro/libnds/lib/libnds9.a(sassert.o)
 *fill*         0x02057fdb        0x1 ff
 .data          0x02057fdc       0x30 /home/yukult400/ndsdev/devkitPro/libnds/lib/libnds9.a(sprite.o)
                0x02057fdc                oamMain
                0x02057ff4                oamSub
 .data          0x0205800c        0x0 /home/yukult400/ndsdev/devkitPro/libnds/lib/libnds9.a(sprite_alloc.o)
 .data          0x0205800c        0x0 /home/yukult400/ndsdev/devkitPro/libnds/lib/libnds9.a(touch.o)
 .data          0x0205800c        0x0 /home/yukult400/ndsdev/devkitPro/libnds/lib/libnds9.a(trig.o)
 .data          0x0205800c        0x4 /home/yukult400/ndsdev/devkitPro/libnds/lib/libnds9.a(videoGL.o)
 .data          0x02058010        0x0 /home/yukult400/ndsdev/devkitPro/libnds/lib/libnds9.a(initSystem.o)
 .data          0x02058010       0x10 /home/yukult400/ndsdev/devkitPro/libnds/lib/libnds9.a(fifosystem.o)
                0x02058010                fifo_freewords
                0x02058014                fifo_buffer_free
                0x02058018                fifo_send_queue
                0x0205801c                fifo_receive_queue
 .data          0x02058020        0x0 /home/yukult400/ndsdev/devkitPro/libnds/lib/libnds9.a(interrupts.o)
 .data          0x02058020        0x0 /home/yukult400/ndsdev/devkitPro/libnds/lib/libnds9.a(libnds_exit.o)
 .data          0x02058020        0x0 /home/yukult400/ndsdev/devkitPro/libnds/lib/libnds9.a(syscalls.o)
 .data          0x02058020        0x0 /home/yukult400/ndsdev/devkitPro/libnds/lib/libnds9.a(dcache.o)
 .data          0x02058020        0x0 /home/yukult400/ndsdev/devkitPro/libnds/lib/libnds9.a(exceptionHandler.o)
 .data          0x02058020        0x0 /home/yukult400/ndsdev/devkitPro/libnds/lib/libnds9.a(mpu_setup.o)
 .data          0x02058020        0x0 /home/yukult400/ndsdev/devkitPro/libnds/lib/libnds9.a(biosCalls.o)
 .data          0x02058020        0x0 /home/yukult400/ndsdev/devkitPro/libnds/lib/libnds9.a(debugprint.o)
 .data          0x02058020        0x0 /home/yukult400/ndsdev/devkitPro/libnds/lib/libnds9.a(interruptDispatcher.o)
 .data          0x02058020        0x0 /home/yukult400/ndsdev/devkitPro/libnds/lib/libnds9.a(swiSoftReset.o)
 .data          0x02058020        0x0 /home/yukult400/ndsdev/devkitPro/libnds/lib/libnds9.a(default_font.bin.o)
 .data          0x02058020        0x0 /home/yukult400/ndsdev/devkitPro/libnds/lib/libnds9.a(dynamicArray.o)
 .data          0x02058020        0x0 /home/yukult400/ndsdev/devkitPro/libnds/lib/libnds9.a(system.o)
 .data          0x02058020        0x0 /home/yukult400/ndsdev/devkitPro/libnds/lib/libnds9.a(video.o)
 .data          0x02058020        0x0 /home/yukult400/ndsdev/devkitPro/libnds/lib/libmm9.a(mm_comms.o)
 .data          0x02058020        0x0 /home/yukult400/ndsdev/devkitPro/libnds/lib/libmm9.a(mm_main9.o)
 .data          0x02058020        0x0 /home/yukult400/ndsdev/devkitPro/libnds/lib/libmm9.a(mm_memory.o)
 .data          0x02058020        0x0 /home/yukult400/ndsdev/devkitPro/libnds/lib/libmm9.a(mm_soundbank.o)
 .data          0x02058020        0x0 /home/yukult400/ndsdev/devkitPro/libnds/lib/libmm9.a(mm_flusher.o)
 .data          0x02058020        0x0 /home/yukult400/ndsdev/devkitPro/devkitARM/bin/../lib/gcc/arm-eabi/4.6.2/thumb/libgcc.a(_udivsi3.o)
 .data          0x02058020        0x0 /home/yukult400/ndsdev/devkitPro/devkitARM/bin/../lib/gcc/arm-eabi/4.6.2/thumb/libgcc.a(_divsi3.o)
 .data          0x02058020        0x0 /home/yukult400/ndsdev/devkitPro/devkitARM/bin/../lib/gcc/arm-eabi/4.6.2/thumb/libgcc.a(_dvmd_tls.o)
 .data          0x02058020        0x0 /home/yukult400/ndsdev/devkitPro/devkitARM/bin/../lib/gcc/arm-eabi/4.6.2/thumb/libgcc.a(_muldi3.o)
 .data          0x02058020        0x0 /home/yukult400/ndsdev/devkitPro/devkitARM/bin/../lib/gcc/arm-eabi/4.6.2/../../../../arm-eabi/lib/thumb/libg.a(lib_a-bsearch.o)
 .data          0x02058020        0x0 /home/yukult400/ndsdev/devkitPro/devkitARM/bin/../lib/gcc/arm-eabi/4.6.2/../../../../arm-eabi/lib/thumb/libg.a(lib_a-fclose.o)
 .data          0x02058020        0x0 /home/yukult400/ndsdev/devkitPro/devkitARM/bin/../lib/gcc/arm-eabi/4.6.2/../../../../arm-eabi/lib/thumb/libg.a(lib_a-fflush.o)
 .data          0x02058020        0x0 /home/yukult400/ndsdev/devkitPro/devkitARM/bin/../lib/gcc/arm-eabi/4.6.2/../../../../arm-eabi/lib/thumb/libg.a(lib_a-findfp.o)
 .data          0x02058020        0x0 /home/yukult400/ndsdev/devkitPro/devkitARM/bin/../lib/gcc/arm-eabi/4.6.2/../../../../arm-eabi/lib/thumb/libg.a(lib_a-fopen.o)
 .data          0x02058020        0x0 /home/yukult400/ndsdev/devkitPro/devkitARM/bin/../lib/gcc/arm-eabi/4.6.2/../../../../arm-eabi/lib/thumb/libg.a(lib_a-fread.o)
 .data          0x02058020        0x0 /home/yukult400/ndsdev/devkitPro/devkitARM/bin/../lib/gcc/arm-eabi/4.6.2/../../../../arm-eabi/lib/thumb/libg.a(lib_a-freer.o)
 .data          0x02058020        0x0 /home/yukult400/ndsdev/devkitPro/devkitARM/bin/../lib/gcc/arm-eabi/4.6.2/../../../../arm-eabi/lib/thumb/libg.a(lib_a-fseek.o)
 .data          0x02058020        0x0 /home/yukult400/ndsdev/devkitPro/devkitARM/bin/../lib/gcc/arm-eabi/4.6.2/../../../../arm-eabi/lib/thumb/libg.a(lib_a-fwalk.o)
 .data          0x02058020      0x430 /home/yukult400/ndsdev/devkitPro/devkitARM/bin/../lib/gcc/arm-eabi/4.6.2/../../../../arm-eabi/lib/thumb/libg.a(lib_a-impure.o)
                0x02058020                _impure_ptr
 .data          0x02058450        0x0 /home/yukult400/ndsdev/devkitPro/devkitARM/bin/../lib/gcc/arm-eabi/4.6.2/../../../../arm-eabi/lib/thumb/libg.a(lib_a-init.o)
 .data          0x02058450        0x0 /home/yukult400/ndsdev/devkitPro/devkitARM/bin/../lib/gcc/arm-eabi/4.6.2/../../../../arm-eabi/lib/thumb/libg.a(lib_a-iprintf.o)
 .data          0x02058450        0x0 /home/yukult400/ndsdev/devkitPro/devkitARM/bin/../lib/gcc/arm-eabi/4.6.2/../../../../arm-eabi/lib/thumb/libg.a(lib_a-makebuf.o)
 .data          0x02058450        0x0 /home/yukult400/ndsdev/devkitPro/devkitARM/bin/../lib/gcc/arm-eabi/4.6.2/../../../../arm-eabi/lib/thumb/libg.a(lib_a-malloc.o)
 .data          0x02058450      0x410 /home/yukult400/ndsdev/devkitPro/devkitARM/bin/../lib/gcc/arm-eabi/4.6.2/../../../../arm-eabi/lib/thumb/libg.a(lib_a-mallocr.o)
                0x02058450                __malloc_av_
                0x02058858                __malloc_sbrk_base
                0x0205885c                __malloc_trim_threshold
 .data          0x02058860        0x0 /home/yukult400/ndsdev/devkitPro/devkitARM/bin/../lib/gcc/arm-eabi/4.6.2/../../../../arm-eabi/lib/thumb/libg.a(lib_a-memcpy-stub.o)
 .data          0x02058860        0x0 /home/yukult400/ndsdev/devkitPro/devkitARM/bin/../lib/gcc/arm-eabi/4.6.2/../../../../arm-eabi/lib/thumb/libg.a(lib_a-memset.o)
 .data          0x02058860        0x0 /home/yukult400/ndsdev/devkitPro/devkitARM/bin/../lib/gcc/arm-eabi/4.6.2/../../../../arm-eabi/lib/thumb/libg.a(lib_a-mlock.o)
 .data          0x02058860        0x0 /home/yukult400/ndsdev/devkitPro/devkitARM/bin/../lib/gcc/arm-eabi/4.6.2/../../../../arm-eabi/lib/thumb/libg.a(lib_a-realloc.o)
 .data          0x02058860        0x0 /home/yukult400/ndsdev/devkitPro/devkitARM/bin/../lib/gcc/arm-eabi/4.6.2/../../../../arm-eabi/lib/thumb/libg.a(lib_a-reallocr.o)
 .data          0x02058860        0x0 /home/yukult400/ndsdev/devkitPro/devkitARM/bin/../lib/gcc/arm-eabi/4.6.2/../../../../arm-eabi/lib/thumb/libg.a(lib_a-refill.o)
 .data          0x02058860        0x0 /home/yukult400/ndsdev/devkitPro/devkitARM/bin/../lib/gcc/arm-eabi/4.6.2/../../../../arm-eabi/lib/thumb/libg.a(lib_a-setvbuf.o)
 .data          0x02058860        0x0 /home/yukult400/ndsdev/devkitPro/devkitARM/bin/../lib/gcc/arm-eabi/4.6.2/../../../../arm-eabi/lib/thumb/libg.a(lib_a-siscanf.o)
 .data          0x02058860        0x0 /home/yukult400/ndsdev/devkitPro/devkitARM/bin/../lib/gcc/arm-eabi/4.6.2/../../../../arm-eabi/lib/thumb/libg.a(lib_a-sprintf.o)
 .data          0x02058860        0x0 /home/yukult400/ndsdev/devkitPro/devkitARM/bin/../lib/gcc/arm-eabi/4.6.2/../../../../arm-eabi/lib/thumb/libg.a(lib_a-stdio.o)
 .data          0x02058860        0x0 /home/yukult400/ndsdev/devkitPro/devkitARM/bin/../lib/gcc/arm-eabi/4.6.2/../../../../arm-eabi/lib/thumb/libg.a(lib_a-strcat.o)
 .data          0x02058860        0x0 /home/yukult400/ndsdev/devkitPro/devkitARM/bin/../lib/gcc/arm-eabi/4.6.2/../../../../arm-eabi/lib/thumb/libg.a(lib_a-strcpy.o)
 .data          0x02058860        0x0 /home/yukult400/ndsdev/devkitPro/devkitARM/bin/../lib/gcc/arm-eabi/4.6.2/../../../../arm-eabi/lib/thumb/libg.a(lib_a-strlen.o)
 .data          0x02058860        0x0 /home/yukult400/ndsdev/devkitPro/devkitARM/bin/../lib/gcc/arm-eabi/4.6.2/../../../../arm-eabi/lib/thumb/libg.a(lib_a-strncpy.o)
 .data          0x02058860        0x0 /home/yukult400/ndsdev/devkitPro/devkitARM/bin/../lib/gcc/arm-eabi/4.6.2/../../../../arm-eabi/lib/thumb/libg.a(lib_a-svfiscanf.o)
 .data          0x02058860        0x0 /home/yukult400/ndsdev/devkitPro/devkitARM/bin/../lib/gcc/arm-eabi/4.6.2/../../../../arm-eabi/lib/thumb/libg.a(lib_a-svfprintf.o)
 .data          0x02058860        0x0 /home/yukult400/ndsdev/devkitPro/devkitARM/bin/../lib/gcc/arm-eabi/4.6.2/../../../../arm-eabi/lib/thumb/libg.a(lib_a-ungetc.o)
 .data          0x02058860        0x0 /home/yukult400/ndsdev/devkitPro/devkitARM/bin/../lib/gcc/arm-eabi/4.6.2/../../../../arm-eabi/lib/thumb/libg.a(lib_a-vfiprintf.o)
 .data          0x02058860        0x0 /home/yukult400/ndsdev/devkitPro/devkitARM/bin/../lib/gcc/arm-eabi/4.6.2/../../../../arm-eabi/lib/thumb/libg.a(lib_a-wcrtomb.o)
 .data          0x02058860        0x0 /home/yukult400/ndsdev/devkitPro/devkitARM/bin/../lib/gcc/arm-eabi/4.6.2/../../../../arm-eabi/lib/thumb/libg.a(lib_a-wcsrtombs.o)
 .data          0x02058860        0x4 /home/yukult400/ndsdev/devkitPro/devkitARM/bin/../lib/gcc/arm-eabi/4.6.2/../../../../arm-eabi/lib/thumb/libg.a(lib_a-wctomb_r.o)
                0x02058860                __wctomb
 .data          0x02058864        0x0 /home/yukult400/ndsdev/devkitPro/devkitARM/bin/../lib/gcc/arm-eabi/4.6.2/../../../../arm-eabi/lib/thumb/libg.a(lib_a-wsetup.o)
 .data          0x02058864        0x4 /home/yukult400/ndsdev/devkitPro/devkitARM/bin/../lib/gcc/arm-eabi/4.6.2/../../../../arm-eabi/lib/thumb/libg.a(lib_a-ctype_.o)
                0x02058864                __ctype_ptr__
 .data          0x02058868        0x0 /home/yukult400/ndsdev/devkitPro/devkitARM/bin/../lib/gcc/arm-eabi/4.6.2/../../../../arm-eabi/lib/thumb/libg.a(lib_a-dtoa.o)
 .data          0x02058868        0x0 /home/yukult400/ndsdev/devkitPro/devkitARM/bin/../lib/gcc/arm-eabi/4.6.2/../../../../arm-eabi/lib/thumb/libg.a(lib_a-flags.o)
 .data          0x02058868        0x0 /home/yukult400/ndsdev/devkitPro/devkitARM/bin/../lib/gcc/arm-eabi/4.6.2/../../../../arm-eabi/lib/thumb/libg.a(lib_a-fputwc.o)
 .data          0x02058868        0x0 /home/yukult400/ndsdev/devkitPro/devkitARM/bin/../lib/gcc/arm-eabi/4.6.2/../../../../arm-eabi/lib/thumb/libg.a(lib_a-fvwrite.o)
 .data          0x02058868        0x0 /home/yukult400/ndsdev/devkitPro/devkitARM/bin/../lib/gcc/arm-eabi/4.6.2/../../../../arm-eabi/lib/thumb/libg.a(lib_a-iswspace.o)
 .data          0x02058868        0x0 /home/yukult400/ndsdev/devkitPro/devkitARM/bin/../lib/gcc/arm-eabi/4.6.2/../../../../arm-eabi/lib/thumb/libg.a(lib_a-jp2uc.o)
 .data          0x02058868      0x17c /home/yukult400/ndsdev/devkitPro/devkitARM/bin/../lib/gcc/arm-eabi/4.6.2/../../../../arm-eabi/lib/thumb/libg.a(lib_a-locale.o)
                0x02058868                __default_locale
                0x02058988                __mb_cur_max
 .data          0x020589e4        0x0 /home/yukult400/ndsdev/devkitPro/devkitARM/bin/../lib/gcc/arm-eabi/4.6.2/../../../../arm-eabi/lib/thumb/libg.a(lib_a-mbrtowc.o)
 .data          0x020589e4        0x4 /home/yukult400/ndsdev/devkitPro/devkitARM/bin/../lib/gcc/arm-eabi/4.6.2/../../../../arm-eabi/lib/thumb/libg.a(lib_a-mbtowc_r.o)
                0x020589e4                __mbtowc
 .data          0x020589e8        0x0 /home/yukult400/ndsdev/devkitPro/devkitARM/bin/../lib/gcc/arm-eabi/4.6.2/../../../../arm-eabi/lib/thumb/libg.a(lib_a-memchr-stub.o)
 .data          0x020589e8        0x0 /home/yukult400/ndsdev/devkitPro/devkitARM/bin/../lib/gcc/arm-eabi/4.6.2/../../../../arm-eabi/lib/thumb/libg.a(lib_a-memmove.o)
 .data          0x020589e8        0x0 /home/yukult400/ndsdev/devkitPro/devkitARM/bin/../lib/gcc/arm-eabi/4.6.2/../../../../arm-eabi/lib/thumb/libg.a(lib_a-mprec.o)
 .data          0x020589e8        0x0 /home/yukult400/ndsdev/devkitPro/devkitARM/bin/../lib/gcc/arm-eabi/4.6.2/../../../../arm-eabi/lib/thumb/libg.a(lib_a-sccl.o)
 .data          0x020589e8        0x0 /home/yukult400/ndsdev/devkitPro/devkitARM/bin/../lib/gcc/arm-eabi/4.6.2/../../../../arm-eabi/lib/thumb/libg.a(lib_a-s_fpclassify.o)
 .data          0x020589e8        0x0 /home/yukult400/ndsdev/devkitPro/devkitARM/bin/../lib/gcc/arm-eabi/4.6.2/../../../../arm-eabi/lib/thumb/libg.a(lib_a-strcasecmp.o)
 .data          0x020589e8        0x0 /home/yukult400/ndsdev/devkitPro/devkitARM/bin/../lib/gcc/arm-eabi/4.6.2/../../../../arm-eabi/lib/thumb/libg.a(lib_a-strchr.o)
 .data          0x020589e8        0x0 /home/yukult400/ndsdev/devkitPro/devkitARM/bin/../lib/gcc/arm-eabi/4.6.2/../../../../arm-eabi/lib/thumb/libg.a(lib_a-strcmp.o)
 .data          0x020589e8        0x0 /home/yukult400/ndsdev/devkitPro/devkitARM/bin/../lib/gcc/arm-eabi/4.6.2/../../../../arm-eabi/lib/thumb/libg.a(lib_a-strlcpy.o)
 .data          0x020589e8        0x0 /home/yukult400/ndsdev/devkitPro/devkitARM/bin/../lib/gcc/arm-eabi/4.6.2/../../../../arm-eabi/lib/thumb/libg.a(lib_a-strncasecmp.o)
 .data          0x020589e8        0x0 /home/yukult400/ndsdev/devkitPro/devkitARM/bin/../lib/gcc/arm-eabi/4.6.2/../../../../arm-eabi/lib/thumb/libg.a(lib_a-strncmp.o)
 .data          0x020589e8        0x0 /home/yukult400/ndsdev/devkitPro/devkitARM/bin/../lib/gcc/arm-eabi/4.6.2/../../../../arm-eabi/lib/thumb/libg.a(lib_a-strtoll_r.o)
 .data          0x020589e8        0x0 /home/yukult400/ndsdev/devkitPro/devkitARM/bin/../lib/gcc/arm-eabi/4.6.2/../../../../arm-eabi/lib/thumb/libg.a(lib_a-strtol.o)
 .data          0x020589e8        0x0 /home/yukult400/ndsdev/devkitPro/devkitARM/bin/../lib/gcc/arm-eabi/4.6.2/../../../../arm-eabi/lib/thumb/libg.a(lib_a-strtoull_r.o)
 .data          0x020589e8        0x0 /home/yukult400/ndsdev/devkitPro/devkitARM/bin/../lib/gcc/arm-eabi/4.6.2/../../../../arm-eabi/lib/thumb/libg.a(lib_a-strtoul.o)
 .data          0x020589e8        0x0 /home/yukult400/ndsdev/devkitPro/devkitARM/bin/../lib/gcc/arm-eabi/4.6.2/../../../../arm-eabi/lib/thumb/libg.a(lib_a-svfiprintf.o)
 .data          0x020589e8        0x0 /home/yukult400/ndsdev/devkitPro/devkitARM/bin/../lib/gcc/arm-eabi/4.6.2/../../../../arm-eabi/lib/thumb/libg.a(lib_a-wbuf.o)
 .data          0x020589e8        0x0 /home/yukult400/ndsdev/devkitPro/devkitARM/bin/../lib/gcc/arm-eabi/4.6.2/../../../../arm-eabi/lib/thumb/libg.a(lib_a-wcsnrtombs.o)
 .data          0x020589e8        0x0 /home/yukult400/ndsdev/devkitPro/devkitARM/bin/../lib/gcc/arm-eabi/4.6.2/../../../../arm-eabi/lib/thumb/libg.a(lib_a-callocr.o)
 .data          0x020589e8        0x0 /home/yukult400/ndsdev/devkitPro/devkitARM/bin/../lib/gcc/arm-eabi/4.6.2/../../../../arm-eabi/lib/thumb/libg.a(lib_a-getenv_r.o)
 .data          0x020589e8        0x4 /home/yukult400/ndsdev/devkitPro/devkitARM/bin/../lib/gcc/arm-eabi/4.6.2/../../../../arm-eabi/lib/thumb/libg.a(lib_a-environ.o)
                0x020589e8                environ
 .data          0x020589ec        0x0 /home/yukult400/ndsdev/devkitPro/devkitARM/bin/../lib/gcc/arm-eabi/4.6.2/../../../../arm-eabi/lib/thumb/libg.a(lib_a-envlock.o)
 .data          0x020589ec       0x44 /home/yukult400/ndsdev/devkitPro/devkitARM/bin/../lib/gcc/arm-eabi/4.6.2/../../../../arm-eabi/lib/thumb/libsysbase.a(iosupport.o)
                0x020589f0                devoptab_list
 .data          0x02058a30        0x0 /home/yukult400/ndsdev/devkitPro/devkitARM/bin/../lib/gcc/arm-eabi/4.6.2/../../../../arm-eabi/lib/thumb/libsysbase.a(close.o)
 .data          0x02058a30        0x0 /home/yukult400/ndsdev/devkitPro/devkitARM/bin/../lib/gcc/arm-eabi/4.6.2/../../../../arm-eabi/lib/thumb/libsysbase.a(fstat.o)
 .data          0x02058a30        0x0 /home/yukult400/ndsdev/devkitPro/devkitARM/bin/../lib/gcc/arm-eabi/4.6.2/../../../../arm-eabi/lib/thumb/libsysbase.a(isatty.o)
 .data          0x02058a30        0x0 /home/yukult400/ndsdev/devkitPro/devkitARM/bin/../lib/gcc/arm-eabi/4.6.2/../../../../arm-eabi/lib/thumb/libsysbase.a(lseek.o)
 .data          0x02058a30        0x0 /home/yukult400/ndsdev/devkitPro/devkitARM/bin/../lib/gcc/arm-eabi/4.6.2/../../../../arm-eabi/lib/thumb/libsysbase.a(open.o)
 .data          0x02058a30        0x0 /home/yukult400/ndsdev/devkitPro/devkitARM/bin/../lib/gcc/arm-eabi/4.6.2/../../../../arm-eabi/lib/thumb/libsysbase.a(read.o)
 .data          0x02058a30        0x0 /home/yukult400/ndsdev/devkitPro/devkitARM/bin/../lib/gcc/arm-eabi/4.6.2/../../../../arm-eabi/lib/thumb/libsysbase.a(sbrk.o)
 .data          0x02058a30        0x0 /home/yukult400/ndsdev/devkitPro/devkitARM/bin/../lib/gcc/arm-eabi/4.6.2/../../../../arm-eabi/lib/thumb/libsysbase.a(times.o)
 .data          0x02058a30        0x0 /home/yukult400/ndsdev/devkitPro/devkitARM/bin/../lib/gcc/arm-eabi/4.6.2/../../../../arm-eabi/lib/thumb/libsysbase.a(write.o)
 .data          0x02058a30        0x0 /home/yukult400/ndsdev/devkitPro/devkitARM/bin/../lib/gcc/arm-eabi/4.6.2/../../../../arm-eabi/lib/thumb/libsysbase.a(malloc_vars.o)
 .data          0x02058a30        0x0 /home/yukult400/ndsdev/devkitPro/devkitARM/bin/../lib/gcc/arm-eabi/4.6.2/../../../../arm-eabi/lib/thumb/libsysbase.a(build_argv.o)
 .data          0x02058a30        0x0 /home/yukult400/ndsdev/devkitPro/devkitARM/bin/../lib/gcc/arm-eabi/4.6.2/../../../../arm-eabi/lib/thumb/libsysbase.a(syscall_support.o)
 .data          0x02058a30        0x0 /home/yukult400/ndsdev/devkitPro/devkitARM/bin/../lib/gcc/arm-eabi/4.6.2/../../../../arm-eabi/lib/thumb/libsysbase.a(handle_manager.o)
 .data          0x02058a30        0x0 /home/yukult400/ndsdev/devkitPro/devkitARM/bin/../lib/gcc/arm-eabi/4.6.2/thumb/libgcc.a(_arm_addsubdf3.o)
 .data          0x02058a30        0x0 /home/yukult400/ndsdev/devkitPro/devkitARM/bin/../lib/gcc/arm-eabi/4.6.2/thumb/libgcc.a(_arm_muldivdf3.o)
 .data          0x02058a30        0x0 /home/yukult400/ndsdev/devkitPro/devkitARM/bin/../lib/gcc/arm-eabi/4.6.2/thumb/libgcc.a(_arm_cmpdf2.o)
 .data          0x02058a30        0x0 /home/yukult400/ndsdev/devkitPro/devkitARM/bin/../lib/gcc/arm-eabi/4.6.2/thumb/libgcc.a(_arm_fixdfsi.o)
 .data          0x02058a30        0x0 /home/yukult400/ndsdev/devkitPro/devkitARM/bin/../lib/gcc/arm-eabi/4.6.2/thumb/libgcc.a(_aeabi_uldivmod.o)
 .data          0x02058a30        0x0 /home/yukult400/ndsdev/devkitPro/devkitARM/bin/../lib/gcc/arm-eabi/4.6.2/thumb/libgcc.a(bpabi.o)
 .data          0x02058a30        0x0 /home/yukult400/ndsdev/devkitPro/devkitARM/bin/../lib/gcc/arm-eabi/4.6.2/thumb/libgcc.a(_divdi3.o)
 .data          0x02058a30        0x0 /home/yukult400/ndsdev/devkitPro/devkitARM/bin/../lib/gcc/arm-eabi/4.6.2/thumb/libgcc.a(_udivdi3.o)
 .data          0x02058a30        0x0 /home/yukult400/ndsdev/devkitPro/devkitARM/bin/../lib/gcc/arm-eabi/4.6.2/thumb/libgcc.a(_clzsi2.o)
 .data          0x02058a30        0x0 /home/yukult400/ndsdev/devkitPro/devkitARM/bin/../lib/gcc/arm-eabi/4.6.2/../../../../arm-eabi/lib/thumb/libg.a(lib_a-errno.o)
 .data          0x02058a30        0x0 /home/yukult400/ndsdev/devkitPro/devkitARM/bin/../lib/gcc/arm-eabi/4.6.2/thumb/crtend.o
 .data          0x02058a30        0x0 /home/yukult400/ndsdev/devkitPro/devkitARM/bin/../lib/gcc/arm-eabi/4.6.2/thumb/crtn.o
 *(.data.*)
 *(.gnu.linkonce.d*)
                0x02058a30                . = ALIGN (0x4)
                0x02058a30                __data_end = ABSOLUTE (.)
                0x02058a30                __dtcm_lma = .
                0x02058a30                __bss_vma = .

.dtcm           0x0b000000        0x0 load address 0x02058a30
 *(.dtcm)
 *(.dtcm.*)
                0x0b000000                . = ALIGN (0x4)
                0x0b000000                __dtcm_end = ABSOLUTE (.)
                0x02058a30                __itcm_lma = (__dtcm_lma + SIZEOF (.dtcm))

.itcm           0x01000100      0x194 load address 0x02058a30
 *(.itcm)
 .itcm          0x01000100       0xc8 /home/yukult400/ndsdev/devkitPro/libnds/lib/libnds9.a(interrupts.o)
                0x01000100                irqTable
 .itcm          0x010001c8       0xcc /home/yukult400/ndsdev/devkitPro/libnds/lib/libnds9.a(interruptDispatcher.o)
                0x010001c8                IntrMain
 *itcm.*(.text)
                0x01000294                . = ALIGN (0x4)
                0x01000294                __itcm_end = ABSOLUTE (.)
                0x02058bc4                __vectors_lma = (__itcm_lma + SIZEOF (.itcm))

.vectors        0x01000000        0x0 load address 0x02058bc4
 *(.vectors)
 *vectors.*(.text)
                0x01000000                . = ALIGN (0x4)
                0x01000000                __vectors_end = ABSOLUTE (.)

.sbss           0x0b000000        0x0
                0x0b000000                __sbss_start = ABSOLUTE (.)
                0x0b000000                __sbss_start__ = ABSOLUTE (.)
 *(.sbss)
                0x0b000000                . = ALIGN (0x4)
                0x0b000000                __sbss_end = ABSOLUTE (.)

.bss            0x02058a30     0x4ed0
                0x02058a30                __bss_start = ABSOLUTE (.)
                0x02058a30                __bss_start__ = ABSOLUTE (.)
 *(.dynbss)
 *(.gnu.linkonce.b*)
 *(.bss*)
 .bss           0x02058a30        0x0 /home/yukult400/ndsdev/devkitPro/devkitARM/bin/../lib/gcc/arm-eabi/4.6.2/../../../../arm-eabi/lib/thumb/ds_arm9_crt0.o
 .bss           0x02058a30        0x0 /home/yukult400/ndsdev/devkitPro/devkitARM/bin/../lib/gcc/arm-eabi/4.6.2/thumb/crti.o
 .bss           0x02058a30       0x1c /home/yukult400/ndsdev/devkitPro/devkitARM/bin/../lib/gcc/arm-eabi/4.6.2/thumb/crtbegin.o
 .bss           0x02058a4c        0x0 soundbank_bin.o
 .bss           0x02058a4c        0x0 drunkenlogo.o
 .bss           0x02058a4c        0x0 piano_image.o
 .bss           0x02058a4c        0x0 woman.o
 .bss           0x02058a4c       0x80 croutine.o
                0x02058ab8                pxCurrentCoRoutine
 .bss           0x02058acc        0x0 list.o
 .bss           0x02058acc        0x0 queue.o
 .bss           0x02058acc     0x14cc tasks.o
                0x02058acc                pxCurrentTCB
 .bss           0x02059f98        0x8 card_spi.o
 .bss           0x02059fa0     0x1050 gdbStub.o
                0x0205afa0                regMem
 .bss           0x0205aff0        0x0 heap_3.o
 .bss           0x0205aff0        0x0 port.o
 .bss           0x0205aff0        0x0 portISR.o
 .bss           0x0205aff0       0x70 sevencore_io.o
 .bss           0x0205b060        0x0 ControlTask.o
 .bss           0x0205b060        0x0 main.o
 .bss           0x0205b060        0x0 gdbStubAsm.o
 .bss           0x0205b060        0x0 port_asm.o
 .bss           0x0205b060        0x0 /home/yukult400/ndsdev/devkitPro/libnds/lib/libnds9.a(background.o)
 .bss           0x0205b060        0x0 /home/yukult400/ndsdev/devkitPro/libnds/lib/libnds9.a(console.o)
 .bss           0x0205b060        0x0 /home/yukult400/ndsdev/devkitPro/libnds/lib/libnds9.a(decompress.o)
 .bss           0x0205b060        0x0 /home/yukult400/ndsdev/devkitPro/libnds/lib/libnds9.a(exceptions.o)
 .bss           0x0205b060        0x6 /home/yukult400/ndsdev/devkitPro/libnds/lib/libnds9.a(keys.o)
 .bss           0x0205b066        0x0 /home/yukult400/ndsdev/devkitPro/libnds/lib/libnds9.a(sassert.o)
 .bss           0x0205b066        0x0 /home/yukult400/ndsdev/devkitPro/libnds/lib/libnds9.a(sprite.o)
 .bss           0x0205b066        0x0 /home/yukult400/ndsdev/devkitPro/libnds/lib/libnds9.a(sprite_alloc.o)
 .bss           0x0205b066        0x0 /home/yukult400/ndsdev/devkitPro/libnds/lib/libnds9.a(touch.o)
 .bss           0x0205b066        0x0 /home/yukult400/ndsdev/devkitPro/libnds/lib/libnds9.a(trig.o)
 *fill*         0x0205b066        0x2 00
 .bss           0x0205b068        0x8 /home/yukult400/ndsdev/devkitPro/libnds/lib/libnds9.a(videoGL.o)
 .bss           0x0205b070        0x0 /home/yukult400/ndsdev/devkitPro/libnds/lib/libnds9.a(initSystem.o)
 .bss           0x0205b070        0x8 /home/yukult400/ndsdev/devkitPro/libnds/lib/libnds9.a(fifosystem.o)
                0x0205b074                processing
 .bss           0x0205b078        0x0 /home/yukult400/ndsdev/devkitPro/libnds/lib/libnds9.a(interrupts.o)
 .bss           0x0205b078        0x0 /home/yukult400/ndsdev/devkitPro/libnds/lib/libnds9.a(libnds_exit.o)
 .bss           0x0205b078        0x0 /home/yukult400/ndsdev/devkitPro/libnds/lib/libnds9.a(syscalls.o)
 .bss           0x0205b078        0x0 /home/yukult400/ndsdev/devkitPro/libnds/lib/libnds9.a(dcache.o)
 .bss           0x0205b078        0x0 /home/yukult400/ndsdev/devkitPro/libnds/lib/libnds9.a(exceptionHandler.o)
 .bss           0x0205b078        0x0 /home/yukult400/ndsdev/devkitPro/libnds/lib/libnds9.a(mpu_setup.o)
 .bss           0x0205b078        0x0 /home/yukult400/ndsdev/devkitPro/libnds/lib/libnds9.a(biosCalls.o)
 .bss           0x0205b078        0x0 /home/yukult400/ndsdev/devkitPro/libnds/lib/libnds9.a(debugprint.o)
 .bss           0x0205b078        0x0 /home/yukult400/ndsdev/devkitPro/libnds/lib/libnds9.a(interruptDispatcher.o)
 .bss           0x0205b078        0x0 /home/yukult400/ndsdev/devkitPro/libnds/lib/libnds9.a(swiSoftReset.o)
 .bss           0x0205b078        0x0 /home/yukult400/ndsdev/devkitPro/libnds/lib/libnds9.a(default_font.bin.o)
 .bss           0x0205b078        0x0 /home/yukult400/ndsdev/devkitPro/libnds/lib/libnds9.a(dynamicArray.o)
 .bss           0x0205b078        0x0 /home/yukult400/ndsdev/devkitPro/libnds/lib/libnds9.a(system.o)
 .bss           0x0205b078        0x0 /home/yukult400/ndsdev/devkitPro/libnds/lib/libnds9.a(video.o)
 .bss           0x0205b078       0x18 /home/yukult400/ndsdev/devkitPro/libnds/lib/libmm9.a(mm_comms.o)
 .bss           0x0205b090       0x1c /home/yukult400/ndsdev/devkitPro/libnds/lib/libmm9.a(mm_main9.o)
                0x0205b090                mmcbMemory
                0x0205b094                mmModuleCount
                0x0205b098                mmSampleCount
                0x0205b09c                mmModuleBank
                0x0205b09c                mmMemoryBank
                0x0205b0a0                mmSampleBank
                0x0205b0a4                mmCallback
                0x0205b0a8                mmActiveStatus
 .bss           0x0205b0ac        0x0 /home/yukult400/ndsdev/devkitPro/libnds/lib/libmm9.a(mm_memory.o)
 .bss           0x0205b0ac       0x44 /home/yukult400/ndsdev/devkitPro/libnds/lib/libmm9.a(mm_soundbank.o)
 .bss           0x0205b0f0        0x0 /home/yukult400/ndsdev/devkitPro/libnds/lib/libmm9.a(mm_flusher.o)
 .bss           0x0205b0f0        0x0 /home/yukult400/ndsdev/devkitPro/devkitARM/bin/../lib/gcc/arm-eabi/4.6.2/thumb/libgcc.a(_udivsi3.o)
 .bss           0x0205b0f0        0x0 /home/yukult400/ndsdev/devkitPro/devkitARM/bin/../lib/gcc/arm-eabi/4.6.2/thumb/libgcc.a(_divsi3.o)
 .bss           0x0205b0f0        0x0 /home/yukult400/ndsdev/devkitPro/devkitARM/bin/../lib/gcc/arm-eabi/4.6.2/thumb/libgcc.a(_dvmd_tls.o)
 .bss           0x0205b0f0        0x0 /home/yukult400/ndsdev/devkitPro/devkitARM/bin/../lib/gcc/arm-eabi/4.6.2/thumb/libgcc.a(_muldi3.o)
 .bss           0x0205b0f0        0x0 /home/yukult400/ndsdev/devkitPro/devkitARM/bin/../lib/gcc/arm-eabi/4.6.2/../../../../arm-eabi/lib/thumb/libg.a(lib_a-bsearch.o)
 .bss           0x0205b0f0        0x0 /home/yukult400/ndsdev/devkitPro/devkitARM/bin/../lib/gcc/arm-eabi/4.6.2/../../../../arm-eabi/lib/thumb/libg.a(lib_a-fclose.o)
 .bss           0x0205b0f0        0x0 /home/yukult400/ndsdev/devkitPro/devkitARM/bin/../lib/gcc/arm-eabi/4.6.2/../../../../arm-eabi/lib/thumb/libg.a(lib_a-fflush.o)
 .bss           0x0205b0f0        0x0 /home/yukult400/ndsdev/devkitPro/devkitARM/bin/../lib/gcc/arm-eabi/4.6.2/../../../../arm-eabi/lib/thumb/libg.a(lib_a-findfp.o)
 .bss           0x0205b0f0        0x0 /home/yukult400/ndsdev/devkitPro/devkitARM/bin/../lib/gcc/arm-eabi/4.6.2/../../../../arm-eabi/lib/thumb/libg.a(lib_a-fopen.o)
 .bss           0x0205b0f0        0x0 /home/yukult400/ndsdev/devkitPro/devkitARM/bin/../lib/gcc/arm-eabi/4.6.2/../../../../arm-eabi/lib/thumb/libg.a(lib_a-fread.o)
 .bss           0x0205b0f0        0x0 /home/yukult400/ndsdev/devkitPro/devkitARM/bin/../lib/gcc/arm-eabi/4.6.2/../../../../arm-eabi/lib/thumb/libg.a(lib_a-freer.o)
 .bss           0x0205b0f0        0x0 /home/yukult400/ndsdev/devkitPro/devkitARM/bin/../lib/gcc/arm-eabi/4.6.2/../../../../arm-eabi/lib/thumb/libg.a(lib_a-fseek.o)
 .bss           0x0205b0f0        0x0 /home/yukult400/ndsdev/devkitPro/devkitARM/bin/../lib/gcc/arm-eabi/4.6.2/../../../../arm-eabi/lib/thumb/libg.a(lib_a-fwalk.o)